Copyright 1986-2020 Xilinx, Inc. All Rights Reserved.
-------------------------------------------------------------------------------------------------------------------------------------
| Tool Version : Vivado v.2020.1 (lin64) Build 2902540 Wed May 27 19:54:35 MDT 2020
| Date         : Tue Mar 15 20:54:15 2022
| Host         : lepus running 64-bit CentOS Linux release 7.9.2009 (Core)
| Command      : report_pipeline_analysis -file ./output/fc2_29/report/pipeline1.rpt -max_added_latency 1 -include_paths_to_pipeline
| Design       : top
| Device       : xcvu9p-flga2104-2L-e
-------------------------------------------------------------------------------------------------------------------------------------

Pipeline analysis report

1. Report Description and Glossary
----------------------------------

Description:
This report shows a "what-if" analysis of potential Fmax increase as a result of
hypothetically inserting pipeline stages in the design's feed-forward paths. The
entry for Added Latency of 0 reflects the current design performance with no
pipeline stages added.

The -report_loops option shows the slowest path within a sequential feedback loop.
Sequential loops cannot be pipelined. These are paths starting from and ending at
the same sequential cell, and may have zero, one, or more sequential cells in the
feedback path.

Glossary:
Clock : The timing clock of the paths being analyzed for performance increase through pipelining
Added Latency : Number of added pipeline stages
Ideal Fmax : The current Fmax
Ideal Delay : The current minimum clock period
Requirement : The required maximum delay based on the timing constraints
WNS : Requirement minus delay
Added Pipe Reg : Maximum number of pipeline registers to add to the design for the given Added Latency
Total Pipe Reg : Total number of pipeline registers to add to the clock group for the given Added Latency
Pipeline Insertion Startpoint : Cell startpoint of path with longest delay
Pipeline Insertion Endpoint : Cell endpoint of path with longest delay

2. Maximum improvements by stage insertion
------------------------------------------

Intra-Clock Summary
+--------+---------------+------------------+------------------+------------------+-----------+----------------+----------------+------------------------------------------+-----------------------------------------+
| Clock  | Added Latency | Ideal Fmax (MHz) | Ideal Delay (ns) | Requirement (ns) | WNS (ns)* | Added Pipe Reg | Total Pipe Reg | Pipeline Insertion Startpoint            | Pipeline Insertion Endpoint             |
+--------+---------------+------------------+------------------+------------------+-----------+----------------+----------------+------------------------------------------+-----------------------------------------+
| vclock |       0       |      205.46      |       4.867      |       4.882      |   0.015   |       n/a      |        0       | reg_out/reg_out[21]_i_1/O                | reg_out/reg_out_reg[16]/R               |
+--------+---------------+------------------+------------------+------------------+-----------+----------------+----------------+------------------------------------------+-----------------------------------------+
| vclock |       1       |      222.07      |       4.503      |       4.882      |   0.379   |       228      |       228      | conv/add000065/reg_out_reg[7]_i_39/CO[7] | conv/add000065/reg_out_reg[21]_i_100/CI |
+--------+---------------+------------------+------------------+------------------+-----------+----------------+----------------+------------------------------------------+-----------------------------------------+


* This is estimated WNS value. For the most accurate timing information please 
run report_timing.

Paths to pipeline
+-----------------+----------+----------------+--------------------------------------------+--------------------------------------------+
| Clock/PathGroup | Path Cut | Added Pipe Reg | Startpoint                                 | Endpoint                                   |
+-----------------+----------+----------------+--------------------------------------------+--------------------------------------------+
| vclock/vclock   |     0    |        1       | conv/add000049/out_carry/O[6]              | conv/add000049/out__31_carry__0_i_10/I0    |
+-----------------+----------+----------------+--------------------------------------------+--------------------------------------------+
| vclock/vclock   |     1    |        1       | genblk1[123].reg_in/reg_out_reg[6]/Q       | conv/mul65/z_carry__0/DI[1]                |
+-----------------+----------+----------------+--------------------------------------------+--------------------------------------------+
| vclock/vclock   |     2    |        1       | conv/mul23/reg_out_reg[21]_i_497/O[2]      | conv/mul23/reg_out[21]_i_496/I0            |
+-----------------+----------+----------------+--------------------------------------------+--------------------------------------------+
| vclock/vclock   |     3    |        1       | conv/add000065/reg_out_reg[21]_i_49/O[7]   | conv/add000065/reg_out_reg[21]_i_31/DI[0]  |
+-----------------+----------+----------------+--------------------------------------------+--------------------------------------------+
| vclock/vclock   |     4    |        1       | conv/add000065/reg_out_reg[21]_i_33/O[7]   | conv/add000065/reg_out_reg[21]_i_18/DI[1]  |
+-----------------+----------+----------------+--------------------------------------------+--------------------------------------------+
| vclock/vclock   |     5    |        1       | conv/add000049/out_carry/O[7]              | conv/add000049/out__31_carry__0_i_9/I0     |
+-----------------+----------+----------------+--------------------------------------------+--------------------------------------------+
| vclock/vclock   |     6    |        1       | conv/add000065/reg_out_reg[21]_i_32/CO[0]  | conv/add000065/reg_out_reg[21]_i_18/DI[2]  |
+-----------------+----------+----------------+--------------------------------------------+--------------------------------------------+
| vclock/vclock   |     7    |        1       | genblk1[126].reg_in/z__1_carry__0_i_3/O    | conv/mul66/z__1_carry__0/S[2]              |
+-----------------+----------+----------------+--------------------------------------------+--------------------------------------------+
| vclock/vclock   |     8    |        1       | conv/add000065/reg_out_reg[21]_i_49/O[5]   | conv/add000065/reg_out_reg[15]_i_29/DI[6]  |
+-----------------+----------+----------------+--------------------------------------------+--------------------------------------------+
| vclock/vclock   |     9    |        1       | genblk1[34].reg_in/reg_out_reg[7]/Q        | conv/mul18/reg_out[21]_i_410/I2            |
+-----------------+----------+----------------+--------------------------------------------+--------------------------------------------+
| vclock/vclock   |    10    |        1       | conv/add000065/reg_out_reg[21]_i_142/CO[7] | conv/add000065/reg_out_reg[21]_i_210/CI    |
+-----------------+----------+----------------+--------------------------------------------+--------------------------------------------+
| vclock/vclock   |    11    |        1       | conv/add000065/reg_out_reg[21]_i_228/O[7]  | conv/add000065/reg_out_reg[21]_i_210/DI[0] |
+-----------------+----------+----------------+--------------------------------------------+--------------------------------------------+
| vclock/vclock   |    12    |        1       | conv/add000065/reg_out_reg[7]_i_42/O[7]    | conv/add000065/reg_out[21]_i_238/I0        |
+-----------------+----------+----------------+--------------------------------------------+--------------------------------------------+
| vclock/vclock   |    13    |        1       | conv/add000065/reg_out_reg[21]_i_195/O[4]  | conv/add000065/reg_out[21]_i_197/I0        |
+-----------------+----------+----------------+--------------------------------------------+--------------------------------------------+
| vclock/vclock   |    14    |        1       | conv/add000065/reg_out_reg[21]_i_87/CO[0]  | conv/add000065/reg_out_reg[21]_i_48/DI[1]  |
+-----------------+----------+----------------+--------------------------------------------+--------------------------------------------+
| vclock/vclock   |    15    |        1       | conv/mul23/reg_out_reg[21]_i_497/O[2]      | conv/add000065/reg_out_reg[21]_i_437/DI[0] |
+-----------------+----------+----------------+--------------------------------------------+--------------------------------------------+
| vclock/vclock   |    16    |        1       | conv/add000065/reg_out_reg[21]_i_438/CO[3] | conv/add000065/reg_out[21]_i_444/I0        |
+-----------------+----------+----------------+--------------------------------------------+--------------------------------------------+
| vclock/vclock   |    17    |        1       | genblk1[126].reg_in/z__1_carry__0_i_4/O    | conv/mul66/z__1_carry__0/S[1]              |
+-----------------+----------+----------------+--------------------------------------------+--------------------------------------------+
| vclock/vclock   |    18    |        1       | conv/mul64/z_carry__0/O[1]                 | conv/add000049/out_carry__0/DI[0]          |
+-----------------+----------+----------------+--------------------------------------------+--------------------------------------------+
| vclock/vclock   |    19    |        1       | genblk1[34].reg_in/reg_out[21]_i_488/O     | conv/mul18/reg_out[21]_i_410/I1            |
+-----------------+----------+----------------+--------------------------------------------+--------------------------------------------+
| vclock/vclock   |    20    |        1       | conv/add000065/reg_out_reg[21]_i_353/O[7]  | conv/add000065/reg_out[21]_i_340/I1        |
+-----------------+----------+----------------+--------------------------------------------+--------------------------------------------+
| vclock/vclock   |    21    |        1       | conv/add000065/reg_out_reg[7]_i_42/O[5]    | conv/add000065/reg_out[21]_i_240/I0        |
+-----------------+----------+----------------+--------------------------------------------+--------------------------------------------+
| vclock/vclock   |    22    |        1       | conv/mul21/reg_out_reg[21]_i_433/O[2]      | conv/mul21/reg_out[21]_i_434/I0            |
+-----------------+----------+----------------+--------------------------------------------+--------------------------------------------+
| vclock/vclock   |    23    |        1       | conv/add000065/reg_out[15]_i_42/O          | conv/add000065/reg_out_reg[15]_i_29/S[4]   |
+-----------------+----------+----------------+--------------------------------------------+--------------------------------------------+
| vclock/vclock   |    24    |        1       | genblk1[126].reg_in/reg_out_reg[6]/Q       | conv/mul66/z__1_carry__0/DI[2]             |
+-----------------+----------+----------------+--------------------------------------------+--------------------------------------------+
| vclock/vclock   |    25    |        1       | conv/add000065/reg_out[21]_i_53/O          | conv/add000065/reg_out_reg[21]_i_31/S[0]   |
+-----------------+----------+----------------+--------------------------------------------+--------------------------------------------+
| vclock/vclock   |    26    |        1       | conv/add000065/reg_out_reg[7]_i_42/O[3]    | conv/add000065/reg_out[21]_i_242/I0        |
+-----------------+----------+----------------+--------------------------------------------+--------------------------------------------+
| vclock/vclock   |    27    |        1       | conv/add000065/reg_out_reg[21]_i_78/O[7]   | conv/add000065/reg_out[21]_i_86/I0         |
+-----------------+----------+----------------+--------------------------------------------+--------------------------------------------+
| vclock/vclock   |    28    |        1       | conv/add000065/reg_out_reg[21]_i_438/CO[3] | genblk1[50].reg_in/reg_out[21]_i_440/I0    |
+-----------------+----------+----------------+--------------------------------------------+--------------------------------------------+
| vclock/vclock   |    29    |        1       | conv/add000065/reg_out_reg[21]_i_438/CO[3] | genblk1[50].reg_in/reg_out[21]_i_441/I0    |
+-----------------+----------+----------------+--------------------------------------------+--------------------------------------------+
| vclock/vclock   |    30    |        1       | conv/add000065/reg_out_reg[21]_i_438/CO[3] | genblk1[50].reg_in/reg_out[21]_i_439/I0    |
+-----------------+----------+----------------+--------------------------------------------+--------------------------------------------+
| vclock/vclock   |    31    |        1       | conv/mul20/z__0_carry/O[6]                 | conv/add000065/reg_out_reg[21]_i_332/DI[0] |
+-----------------+----------+----------------+--------------------------------------------+--------------------------------------------+
| vclock/vclock   |    32    |        1       | conv/add000065/reg_out_reg[7]_i_19/O[7]    | conv/add000065/reg_out_reg[15]_i_29/DI[0]  |
+-----------------+----------+----------------+--------------------------------------------+--------------------------------------------+
| vclock/vclock   |    33    |        1       | conv/add000065/reg_out_reg[21]_i_353/CO[7] | conv/add000065/reg_out_reg[21]_i_437/CI    |
+-----------------+----------+----------------+--------------------------------------------+--------------------------------------------+
| vclock/vclock   |    34    |        1       | conv/add000065/reg_out[21]_i_164/O         | conv/add000065/reg_out_reg[21]_i_99/S[1]   |
+-----------------+----------+----------------+--------------------------------------------+--------------------------------------------+
| vclock/vclock   |    35    |        1       | conv/add000065/reg_out[15]_i_44/O          | conv/add000065/reg_out_reg[15]_i_29/S[2]   |
+-----------------+----------+----------------+--------------------------------------------+--------------------------------------------+
| vclock/vclock   |    36    |        1       | genblk1[126].reg_in/z__1_carry__0_i_5/O    | conv/mul66/z__1_carry__0/S[0]              |
+-----------------+----------+----------------+--------------------------------------------+--------------------------------------------+
| vclock/vclock   |    37    |        1       | conv/add000065/reg_out_reg[21]_i_195/O[2]  | conv/add000065/reg_out[21]_i_199/I0        |
+-----------------+----------+----------------+--------------------------------------------+--------------------------------------------+
| vclock/vclock   |    38    |        1       | conv/add000065/reg_out_reg[21]_i_49/O[2]   | conv/add000065/reg_out_reg[15]_i_29/DI[3]  |
+-----------------+----------+----------------+--------------------------------------------+--------------------------------------------+
| vclock/vclock   |    39    |        1       | conv/add000065/reg_out_reg[21]_i_195/CO[5] | conv/add000065/reg_out[21]_i_196/I0        |
+-----------------+----------+----------------+--------------------------------------------+--------------------------------------------+
| vclock/vclock   |    40    |        1       | conv/add000065/reg_out_reg[21]_i_195/O[3]  | conv/add000065/reg_out[21]_i_198/I0        |
+-----------------+----------+----------------+--------------------------------------------+--------------------------------------------+
| vclock/vclock   |    41    |        1       | conv/add000065/reg_out_reg[21]_i_438/CO[3] | conv/add000065/reg_out[21]_i_445/I0        |
+-----------------+----------+----------------+--------------------------------------------+--------------------------------------------+
| vclock/vclock   |    42    |        1       | conv/add000065/reg_out_reg[7]_i_42/O[6]    | conv/add000065/reg_out[21]_i_239/I0        |
+-----------------+----------+----------------+--------------------------------------------+--------------------------------------------+
| vclock/vclock   |    43    |        1       | conv/add000065/reg_out_reg[21]_i_32/CO[0]  | conv/add000065/reg_out[21]_i_34/I0         |
+-----------------+----------+----------------+--------------------------------------------+--------------------------------------------+
| vclock/vclock   |    44    |        1       | conv/add000065/reg_out_reg[7]_i_42/O[2]    | conv/add000065/reg_out[21]_i_243/I0        |
+-----------------+----------+----------------+--------------------------------------------+--------------------------------------------+
| vclock/vclock   |    45    |        1       | conv/add000065/reg_out[21]_i_342/O         | conv/add000065/reg_out_reg[21]_i_211/S[0]  |
+-----------------+----------+----------------+--------------------------------------------+--------------------------------------------+
| vclock/vclock   |    46    |        1       | conv/add000065/reg_out_reg[7]_i_42/CO[7]   | conv/add000065/reg_out_reg[21]_i_211/CI    |
+-----------------+----------+----------------+--------------------------------------------+--------------------------------------------+
| vclock/vclock   |    47    |        1       | conv/add000065/reg_out_reg[7]_i_113/CO[4]  | conv/add000065/reg_out_reg[21]_i_211/DI[0] |
+-----------------+----------+----------------+--------------------------------------------+--------------------------------------------+
| vclock/vclock   |    48    |        1       | conv/add000065/reg_out_reg[21]_i_78/O[7]   | conv/add000065/reg_out_reg[21]_i_47/DI[0]  |
+-----------------+----------+----------------+--------------------------------------------+--------------------------------------------+
| vclock/vclock   |    49    |        1       | conv/add000065/reg_out_reg[15]_i_38/CO[7]  | conv/add000065/reg_out_reg[21]_i_47/CI     |
+-----------------+----------+----------------+--------------------------------------------+--------------------------------------------+
| vclock/vclock   |    50    |        1       | conv/add000065/reg_out_reg[21]_i_22/O[2]   | conv/add000065/reg_out_reg[21]_i_12/DI[1]  |
+-----------------+----------+----------------+--------------------------------------------+--------------------------------------------+
| vclock/vclock   |    51    |        1       | conv/add000065/reg_out_reg[21]_i_22/O[1]   | conv/add000065/reg_out_reg[21]_i_12/DI[0]  |
+-----------------+----------+----------------+--------------------------------------------+--------------------------------------------+
| vclock/vclock   |    52    |        1       | conv/add000065/reg_out_reg[21]_i_22/O[3]   | conv/add000065/reg_out_reg[21]_i_12/DI[2]  |
+-----------------+----------+----------------+--------------------------------------------+--------------------------------------------+
| vclock/vclock   |    53    |        1       | conv/add000065/reg_out_reg[21]_i_22/O[5]   | conv/add000065/reg_out_reg[21]_i_12/DI[4]  |
+-----------------+----------+----------------+--------------------------------------------+--------------------------------------------+
| vclock/vclock   |    54    |        1       | conv/add000065/reg_out_reg[21]_i_22/O[4]   | conv/add000065/reg_out_reg[21]_i_12/DI[3]  |
+-----------------+----------+----------------+--------------------------------------------+--------------------------------------------+
| vclock/vclock   |    55    |        1       | conv/add000065/reg_out_reg[21]_i_22/O[6]   | conv/add000065/reg_out_reg[21]_i_12/DI[5]  |
+-----------------+----------+----------------+--------------------------------------------+--------------------------------------------+
| vclock/vclock   |    56    |        1       | conv/add000065/reg_out_reg[21]_i_22/O[7]   | conv/add000065/reg_out_reg[21]_i_12/DI[6]  |
+-----------------+----------+----------------+--------------------------------------------+--------------------------------------------+
| vclock/vclock   |    57    |        1       | conv/add000065/reg_out_reg[15]_i_11/CO[7]  | conv/add000065/reg_out_reg[21]_i_12/CI     |
+-----------------+----------+----------------+--------------------------------------------+--------------------------------------------+
| vclock/vclock   |    58    |        1       | conv/mul20/z__0_carry__0/O[0]              | conv/mul21/reg_out[21]_i_434/I1            |
+-----------------+----------+----------------+--------------------------------------------+--------------------------------------------+
| vclock/vclock   |    59    |        1       | conv/add000065/reg_out[21]_i_447/O         | conv/add000065/reg_out_reg[21]_i_343/S[1]  |
+-----------------+----------+----------------+--------------------------------------------+--------------------------------------------+
| vclock/vclock   |    60    |        1       | conv/add000065/reg_out_reg[21]_i_438/O[2]  | conv/add000065/reg_out_reg[21]_i_343/DI[2] |
+-----------------+----------+----------------+--------------------------------------------+--------------------------------------------+
| vclock/vclock   |    61    |        1       | conv/add000065/reg_out[21]_i_448/O         | conv/add000065/reg_out_reg[21]_i_343/S[0]  |
+-----------------+----------+----------------+--------------------------------------------+--------------------------------------------+
| vclock/vclock   |    62    |        1       | conv/add000065/reg_out[21]_i_446/O         | conv/add000065/reg_out_reg[21]_i_343/S[2]  |
+-----------------+----------+----------------+--------------------------------------------+--------------------------------------------+
| vclock/vclock   |    63    |        1       | conv/add000065/reg_out_reg[21]_i_438/O[0]  | conv/add000065/reg_out_reg[21]_i_343/DI[0] |
+-----------------+----------+----------------+--------------------------------------------+--------------------------------------------+
| vclock/vclock   |    64    |        1       | conv/add000065/reg_out_reg[21]_i_438/O[1]  | conv/add000065/reg_out_reg[21]_i_343/DI[1] |
+-----------------+----------+----------------+--------------------------------------------+--------------------------------------------+
| vclock/vclock   |    65    |        1       | conv/add000065/reg_out_reg[21]_i_438/CO[3] | conv/add000065/reg_out_reg[21]_i_343/DI[6] |
+-----------------+----------+----------------+--------------------------------------------+--------------------------------------------+
| vclock/vclock   |    66    |        1       | conv/add000065/reg_out_reg[7]_i_130/CO[7]  | conv/add000065/reg_out_reg[21]_i_343/CI    |
+-----------------+----------+----------------+--------------------------------------------+--------------------------------------------+
| vclock/vclock   |    67    |        1       | conv/add000065/reg_out[21]_i_244/O         | conv/add000065/reg_out_reg[21]_i_151/S[0]  |
+-----------------+----------+----------------+--------------------------------------------+--------------------------------------------+
| vclock/vclock   |    68    |        1       | conv/add000065/reg_out_reg[7]_i_42/O[1]    | conv/add000065/reg_out_reg[21]_i_151/DI[0] |
+-----------------+----------+----------------+--------------------------------------------+--------------------------------------------+
| vclock/vclock   |    69    |        1       | conv/add000065/reg_out_reg[7]_i_42/O[2]    | conv/add000065/reg_out_reg[21]_i_151/DI[1] |
+-----------------+----------+----------------+--------------------------------------------+--------------------------------------------+
| vclock/vclock   |    70    |        1       | conv/add000065/reg_out_reg[7]_i_42/O[4]    | conv/add000065/reg_out_reg[21]_i_151/DI[3] |
+-----------------+----------+----------------+--------------------------------------------+--------------------------------------------+
| vclock/vclock   |    71    |        1       | conv/add000065/reg_out_reg[7]_i_42/O[3]    | conv/add000065/reg_out_reg[21]_i_151/DI[2] |
+-----------------+----------+----------------+--------------------------------------------+--------------------------------------------+
| vclock/vclock   |    72    |        1       | conv/add000065/reg_out_reg[7]_i_42/O[5]    | conv/add000065/reg_out_reg[21]_i_151/DI[4] |
+-----------------+----------+----------------+--------------------------------------------+--------------------------------------------+
| vclock/vclock   |    73    |        1       | conv/add000065/reg_out_reg[7]_i_42/O[6]    | conv/add000065/reg_out_reg[21]_i_151/DI[5] |
+-----------------+----------+----------------+--------------------------------------------+--------------------------------------------+
| vclock/vclock   |    74    |        1       | conv/add000065/reg_out_reg[7]_i_42/O[7]    | conv/add000065/reg_out_reg[21]_i_151/DI[6] |
+-----------------+----------+----------------+--------------------------------------------+--------------------------------------------+
| vclock/vclock   |    75    |        1       | conv/add000065/reg_out_reg[7]_i_28/CO[7]   | conv/add000065/reg_out_reg[21]_i_151/CI    |
+-----------------+----------+----------------+--------------------------------------------+--------------------------------------------+
| vclock/vclock   |    76    |        1       | genblk1[34].reg_in/reg_out_reg[6]/Q        | genblk1[34].reg_in/reg_out[21]_i_413/I2    |
+-----------------+----------+----------------+--------------------------------------------+--------------------------------------------+
| vclock/vclock   |    77    |        1       | genblk1[34].reg_in/reg_out[21]_i_488/O     | genblk1[34].reg_in/reg_out[21]_i_413/I1    |
+-----------------+----------+----------------+--------------------------------------------+--------------------------------------------+
| vclock/vclock   |    78    |        1       | genblk1[35].reg_in/reg_out[21]_i_489/O     | genblk1[34].reg_in/reg_out[21]_i_414/I4    |
+-----------------+----------+----------------+--------------------------------------------+--------------------------------------------+
| vclock/vclock   |    79    |        1       | genblk1[35].reg_in/reg_out_reg[6]/Q        | genblk1[34].reg_in/reg_out[21]_i_413/I5    |
+-----------------+----------+----------------+--------------------------------------------+--------------------------------------------+
| vclock/vclock   |    80    |        1       | genblk1[35].reg_in/reg_out_reg[7]/Q        | genblk1[34].reg_in/reg_out[21]_i_414/I3    |
+-----------------+----------+----------------+--------------------------------------------+--------------------------------------------+
| vclock/vclock   |    81    |        1       | genblk1[34].reg_in/reg_out_reg[6]/Q        | genblk1[34].reg_in/reg_out[21]_i_414/I2    |
+-----------------+----------+----------------+--------------------------------------------+--------------------------------------------+
| vclock/vclock   |    82    |        1       | genblk1[34].reg_in/reg_out[21]_i_488/O     | genblk1[34].reg_in/reg_out[21]_i_414/I1    |
+-----------------+----------+----------------+--------------------------------------------+--------------------------------------------+
| vclock/vclock   |    83    |        1       | genblk1[35].reg_in/reg_out[21]_i_489/O     | genblk1[34].reg_in/reg_out[21]_i_413/I4    |
+-----------------+----------+----------------+--------------------------------------------+--------------------------------------------+
| vclock/vclock   |    84    |        1       | genblk1[35].reg_in/reg_out_reg[6]/Q        | genblk1[34].reg_in/reg_out[21]_i_414/I5    |
+-----------------+----------+----------------+--------------------------------------------+--------------------------------------------+
| vclock/vclock   |    85    |        1       | genblk1[34].reg_in/reg_out_reg[7]/Q        | genblk1[34].reg_in/reg_out[21]_i_413/I0    |
+-----------------+----------+----------------+--------------------------------------------+--------------------------------------------+
| vclock/vclock   |    86    |        1       | conv/add000065/reg_out_reg[21]_i_64/CO[7]  | conv/add000065/reg_out_reg[21]_i_63/CI     |
+-----------------+----------+----------------+--------------------------------------------+--------------------------------------------+
| vclock/vclock   |    87    |        1       | genblk1[34].reg_in/reg_out_reg[7]/Q        | genblk1[34].reg_in/reg_out[21]_i_414/I0    |
+-----------------+----------+----------------+--------------------------------------------+--------------------------------------------+
| vclock/vclock   |    88    |        1       | genblk1[35].reg_in/reg_out_reg[7]/Q        | genblk1[34].reg_in/reg_out[21]_i_413/I3    |
+-----------------+----------+----------------+--------------------------------------------+--------------------------------------------+
| vclock/vclock   |    89    |        1       | conv/add000065/reg_out_reg[7]_i_11/CO[7]   | conv/add000065/reg_out_reg[15]_i_29/CI     |
+-----------------+----------+----------------+--------------------------------------------+--------------------------------------------+
| vclock/vclock   |    90    |        1       | conv/mul21/reg_out_reg[21]_i_433/O[1]      | conv/add000065/reg_out[21]_i_436/I1        |
+-----------------+----------+----------------+--------------------------------------------+--------------------------------------------+
| vclock/vclock   |    91    |        1       | genblk1[123].reg_in/reg_out_reg[7]/Q       | conv/mul65/z_carry__0/DI[0]                |
+-----------------+----------+----------------+--------------------------------------------+--------------------------------------------+
| vclock/vclock   |    92    |        1       | conv/add000065/reg_out_reg[21]_i_49/O[0]   | conv/add000065/reg_out_reg[15]_i_29/DI[1]  |
+-----------------+----------+----------------+--------------------------------------------+--------------------------------------------+
| vclock/vclock   |    93    |        1       | conv/add000065/reg_out_reg[21]_i_49/O[1]   | conv/add000065/reg_out_reg[15]_i_29/DI[2]  |
+-----------------+----------+----------------+--------------------------------------------+--------------------------------------------+
| vclock/vclock   |    94    |        1       | conv/add000065/reg_out_reg[21]_i_163/CO[2] | conv/add000065/reg_out_reg[21]_i_99/DI[1]  |
+-----------------+----------+----------------+--------------------------------------------+--------------------------------------------+
| vclock/vclock   |    95    |        1       | conv/add000065/reg_out[15]_i_41/O          | conv/add000065/reg_out_reg[15]_i_29/S[5]   |
+-----------------+----------+----------------+--------------------------------------------+--------------------------------------------+
| vclock/vclock   |    96    |        1       | conv/add000065/reg_out_reg[21]_i_195/O[3]  | conv/add000065/reg_out_reg[21]_i_121/DI[2] |
+-----------------+----------+----------------+--------------------------------------------+--------------------------------------------+
| vclock/vclock   |    97    |        1       | conv/add000065/reg_out_reg[21]_i_195/O[1]  | conv/add000065/reg_out_reg[21]_i_121/DI[0] |
+-----------------+----------+----------------+--------------------------------------------+--------------------------------------------+
| vclock/vclock   |    98    |        1       | conv/add000065/reg_out_reg[21]_i_122/CO[7] | conv/add000065/reg_out_reg[21]_i_121/CI    |
+-----------------+----------+----------------+--------------------------------------------+--------------------------------------------+
| vclock/vclock   |    99    |        1       | conv/add000065/reg_out_reg[21]_i_22/O[7]   | conv/add000065/reg_out[21]_i_24/I0         |
+-----------------+----------+----------------+--------------------------------------------+--------------------------------------------+
| vclock/vclock   |    100   |        1       | conv/add000065/reg_out_reg[21]_i_49/O[0]   | conv/add000065/reg_out[15]_i_45/I0         |
+-----------------+----------+----------------+--------------------------------------------+--------------------------------------------+
| vclock/vclock   |    101   |        1       | conv/add000065/reg_out_reg[21]_i_22/O[1]   | conv/add000065/reg_out[21]_i_30/I0         |
+-----------------+----------+----------------+--------------------------------------------+--------------------------------------------+
| vclock/vclock   |    102   |        1       | conv/mul21/reg_out[21]_i_432/O             | conv/add000065/reg_out_reg[21]_i_332/DI[2] |
+-----------------+----------+----------------+--------------------------------------------+--------------------------------------------+
| vclock/vclock   |    103   |        1       | conv/add000065/reg_out_reg[21]_i_100/O[0]  | conv/add000065/reg_out[15]_i_45/I1         |
+-----------------+----------+----------------+--------------------------------------------+--------------------------------------------+
| vclock/vclock   |    104   |        1       | genblk1[34].reg_in/reg_out_reg[7]/Q        | conv/mul18/reg_out[21]_i_411/I0            |
+-----------------+----------+----------------+--------------------------------------------+--------------------------------------------+
| vclock/vclock   |    105   |        1       | conv/add000065/reg_out_reg[7]_i_2/CO[7]    | conv/add000065/reg_out_reg[15]_i_2/CI      |
+-----------------+----------+----------------+--------------------------------------------+--------------------------------------------+
| vclock/vclock   |    106   |        1       | genblk1[34].reg_in/reg_out_reg[6]/Q        | conv/mul18/reg_out[21]_i_411/I2            |
+-----------------+----------+----------------+--------------------------------------------+--------------------------------------------+
| vclock/vclock   |    107   |        1       | conv/add000065/reg_out_reg[21]_i_438/CO[3] | conv/add000065/reg_out[21]_i_443/I0        |
+-----------------+----------+----------------+--------------------------------------------+--------------------------------------------+
| vclock/vclock   |    108   |        1       | conv/add000065/reg_out_reg[21]_i_162/CO[7] | conv/add000065/reg_out_reg[21]_i_161/CI    |
+-----------------+----------+----------------+--------------------------------------------+--------------------------------------------+
| vclock/vclock   |    109   |        1       | conv/add000065/reg_out_reg[21]_i_195/O[1]  | conv/add000065/reg_out[21]_i_200/I0        |
+-----------------+----------+----------------+--------------------------------------------+--------------------------------------------+
| vclock/vclock   |    110   |        1       | conv/mul64/z_carry__0/O[1]                 | conv/mul64/out_carry__0_i_3/I0             |
+-----------------+----------+----------------+--------------------------------------------+--------------------------------------------+
| vclock/vclock   |    111   |        1       | conv/add000065/reg_out[21]_i_254/O         | conv/add000065/reg_out_reg[21]_i_161/S[0]  |
+-----------------+----------+----------------+--------------------------------------------+--------------------------------------------+
| vclock/vclock   |    112   |        1       | conv/mul65/z_carry/CO[7]                   | conv/mul65/z_carry__0/CI                   |
+-----------------+----------+----------------+--------------------------------------------+--------------------------------------------+
| vclock/vclock   |    113   |        1       | conv/add000065/reg_out[21]_i_112/O         | conv/add000065/reg_out_reg[21]_i_63/S[0]   |
+-----------------+----------+----------------+--------------------------------------------+--------------------------------------------+
| vclock/vclock   |    114   |        1       | conv/add000065/reg_out_reg[21]_i_49/O[4]   | conv/add000065/reg_out_reg[15]_i_29/DI[5]  |
+-----------------+----------+----------------+--------------------------------------------+--------------------------------------------+
| vclock/vclock   |    115   |        1       | conv/add000065/reg_out_reg[21]_i_22/O[5]   | conv/add000065/reg_out[21]_i_26/I0         |
+-----------------+----------+----------------+--------------------------------------------+--------------------------------------------+
| vclock/vclock   |    116   |        1       | conv/add000065/reg_out[15]_i_43/O          | conv/add000065/reg_out_reg[15]_i_29/S[3]   |
+-----------------+----------+----------------+--------------------------------------------+--------------------------------------------+
| vclock/vclock   |    117   |        1       | conv/add000065/reg_out_reg[21]_i_33/O[6]   | conv/add000065/reg_out_reg[21]_i_18/DI[0]  |
+-----------------+----------+----------------+--------------------------------------------+--------------------------------------------+
| vclock/vclock   |    118   |        1       | conv/add000065/reg_out_reg[7]_i_447/CO[3]  | conv/add000065/reg_out[21]_i_444/I1        |
+-----------------+----------+----------------+--------------------------------------------+--------------------------------------------+
| vclock/vclock   |    119   |        1       | conv/add000065/reg_out_reg[7]_i_1/CO[7]    | conv/add000065/reg_out_reg[15]_i_1/CI      |
+-----------------+----------+----------------+--------------------------------------------+--------------------------------------------+
| vclock/vclock   |    120   |        1       | conv/add000065/reg_out_reg[21]_i_228/CO[7] | conv/add000065/reg_out_reg[21]_i_332/CI    |
+-----------------+----------+----------------+--------------------------------------------+--------------------------------------------+
| vclock/vclock   |    121   |        1       | conv/add000065/reg_out_reg[21]_i_49/O[6]   | conv/add000065/reg_out_reg[15]_i_29/DI[7]  |
+-----------------+----------+----------------+--------------------------------------------+--------------------------------------------+
| vclock/vclock   |    122   |        1       | conv/add000065/reg_out[15]_i_39/O          | conv/add000065/reg_out_reg[15]_i_29/S[7]   |
+-----------------+----------+----------------+--------------------------------------------+--------------------------------------------+
| vclock/vclock   |    123   |        1       | conv/add000065/reg_out_reg[7]_i_447/CO[3]  | conv/add000065/reg_out[21]_i_442/I1        |
+-----------------+----------+----------------+--------------------------------------------+--------------------------------------------+
| vclock/vclock   |    124   |        1       | conv/mul20/z__0_carry/O[6]                 | conv/add000065/reg_out[21]_i_436/I0        |
+-----------------+----------+----------------+--------------------------------------------+--------------------------------------------+
| vclock/vclock   |    125   |        1       | conv/add000065/reg_out_reg[7]_i_447/CO[3]  | conv/add000065/reg_out[21]_i_445/I1        |
+-----------------+----------+----------------+--------------------------------------------+--------------------------------------------+
| vclock/vclock   |    126   |        1       | conv/add000049/out_carry/O[6]              | conv/add000049/out__31_carry__0/DI[0]      |
+-----------------+----------+----------------+--------------------------------------------+--------------------------------------------+
| vclock/vclock   |    127   |        1       | conv/add000065/reg_out_reg[21]_i_22/O[4]   | conv/add000065/reg_out[21]_i_27/I0         |
+-----------------+----------+----------------+--------------------------------------------+--------------------------------------------+
| vclock/vclock   |    128   |        1       | conv/mul66/z__1_carry/CO[7]                | conv/mul66/z__1_carry__0/CI                |
+-----------------+----------+----------------+--------------------------------------------+--------------------------------------------+
| vclock/vclock   |    129   |        1       | conv/add000065/reg_out_reg[21]_i_253/CO[7] | conv/add000065/reg_out_reg[21]_i_161/DI[0] |
+-----------------+----------+----------------+--------------------------------------------+--------------------------------------------+
| vclock/vclock   |    130   |        1       | conv/add000065/reg_out_reg[21]_i_22/O[3]   | conv/add000065/reg_out[21]_i_28/I0         |
+-----------------+----------+----------------+--------------------------------------------+--------------------------------------------+
| vclock/vclock   |    131   |        1       | genblk1[39].reg_in/reg_out_reg[6]/Q        | genblk1[39].reg_in/reg_out[21]_i_498/I3    |
+-----------------+----------+----------------+--------------------------------------------+--------------------------------------------+
| vclock/vclock   |    132   |        1       | genblk1[39].reg_in/reg_out_reg[6]/Q        | genblk1[39].reg_in/reg_out[21]_i_499/I3    |
+-----------------+----------+----------------+--------------------------------------------+--------------------------------------------+
| vclock/vclock   |    133   |        1       | genblk1[39].reg_in/reg_out[21]_i_500/O     | genblk1[39].reg_in/reg_out[21]_i_498/I2    |
+-----------------+----------+----------------+--------------------------------------------+--------------------------------------------+
| vclock/vclock   |    134   |        1       | conv/mul23/reg_out_reg[21]_i_497/O[2]      | genblk1[39].reg_in/reg_out[21]_i_498/I0    |
+-----------------+----------+----------------+--------------------------------------------+--------------------------------------------+
| vclock/vclock   |    135   |        1       | genblk1[39].reg_in/reg_out[21]_i_500/O     | genblk1[39].reg_in/reg_out[21]_i_499/I2    |
+-----------------+----------+----------------+--------------------------------------------+--------------------------------------------+
| vclock/vclock   |    136   |        1       | genblk1[39].reg_in/reg_out_reg[7]/Q        | genblk1[39].reg_in/reg_out[21]_i_499/I1    |
+-----------------+----------+----------------+--------------------------------------------+--------------------------------------------+
| vclock/vclock   |    137   |        1       | genblk1[39].reg_in/reg_out_reg[7]/Q        | genblk1[39].reg_in/reg_out[21]_i_498/I1    |
+-----------------+----------+----------------+--------------------------------------------+--------------------------------------------+
| vclock/vclock   |    138   |        1       | conv/mul23/reg_out_reg[21]_i_497/O[2]      | genblk1[39].reg_in/reg_out[21]_i_499/I0    |
+-----------------+----------+----------------+--------------------------------------------+--------------------------------------------+
| vclock/vclock   |    139   |        1       | conv/add000065/reg_out[21]_i_36/O          | conv/add000065/reg_out_reg[21]_i_18/S[0]   |
+-----------------+----------+----------------+--------------------------------------------+--------------------------------------------+
| vclock/vclock   |    140   |        1       | conv/add000065/reg_out_reg[21]_i_195/CO[5] | conv/add000065/reg_out_reg[21]_i_121/DI[4] |
+-----------------+----------+----------------+--------------------------------------------+--------------------------------------------+
| vclock/vclock   |    141   |        1       | conv/add000065/reg_out_reg[21]_i_195/O[2]  | conv/add000065/reg_out_reg[21]_i_121/DI[1] |
+-----------------+----------+----------------+--------------------------------------------+--------------------------------------------+
| vclock/vclock   |    142   |        1       | conv/add000065/reg_out_reg[21]_i_49/CO[7]  | conv/add000065/reg_out_reg[21]_i_48/CI     |
+-----------------+----------+----------------+--------------------------------------------+--------------------------------------------+
| vclock/vclock   |    143   |        1       | conv/add000065/reg_out_reg[21]_i_122/O[6]  | conv/add000065/reg_out[21]_i_130/I0        |
+-----------------+----------+----------------+--------------------------------------------+--------------------------------------------+
| vclock/vclock   |    144   |        1       | conv/add000065/reg_out_reg[21]_i_49/O[3]   | conv/add000065/reg_out_reg[15]_i_29/DI[4]  |
+-----------------+----------+----------------+--------------------------------------------+--------------------------------------------+
| vclock/vclock   |    145   |        1       | conv/add000065/reg_out_reg[21]_i_438/CO[3] | conv/add000065/reg_out[21]_i_442/I0        |
+-----------------+----------+----------------+--------------------------------------------+--------------------------------------------+
| vclock/vclock   |    146   |        1       | conv/add000065/reg_out[21]_i_165/O         | conv/add000065/reg_out_reg[21]_i_99/S[0]   |
+-----------------+----------+----------------+--------------------------------------------+--------------------------------------------+
| vclock/vclock   |    147   |        1       | conv/add000065/reg_out_reg[7]_i_447/CO[3]  | conv/add000065/reg_out[21]_i_443/I1        |
+-----------------+----------+----------------+--------------------------------------------+--------------------------------------------+
| vclock/vclock   |    148   |        1       | conv/mul21/reg_out_reg[21]_i_433/O[2]      | conv/add000065/reg_out[21]_i_435/I0        |
+-----------------+----------+----------------+--------------------------------------------+--------------------------------------------+
| vclock/vclock   |    149   |        1       | conv/add000065/reg_out_reg[21]_i_88/O[7]   | conv/add000065/reg_out[21]_i_90/I0         |
+-----------------+----------+----------------+--------------------------------------------+--------------------------------------------+
| vclock/vclock   |    150   |        1       | genblk1[34].reg_in/reg_out[21]_i_488/O     | conv/mul18/reg_out[21]_i_411/I1            |
+-----------------+----------+----------------+--------------------------------------------+--------------------------------------------+
| vclock/vclock   |    151   |        1       | conv/add000065/reg_out_reg[21]_i_111/CO[1] | conv/add000065/reg_out_reg[21]_i_63/DI[0]  |
+-----------------+----------+----------------+--------------------------------------------+--------------------------------------------+
| vclock/vclock   |    152   |        1       | conv/add000065/reg_out[15]_i_46/O          | conv/add000065/reg_out_reg[15]_i_29/S[0]   |
+-----------------+----------+----------------+--------------------------------------------+--------------------------------------------+
| vclock/vclock   |    153   |        1       | conv/mul20/z__0_carry/O[7]                 | conv/add000065/reg_out[21]_i_435/I1        |
+-----------------+----------+----------------+--------------------------------------------+--------------------------------------------+
| vclock/vclock   |    154   |        1       | conv/mul21/reg_out_reg[21]_i_433/O[2]      | conv/add000065/reg_out_reg[21]_i_332/DI[1] |
+-----------------+----------+----------------+--------------------------------------------+--------------------------------------------+
| vclock/vclock   |    155   |        1       | conv/mul64/z_carry__0/CO[2]                | conv/add000049/out_carry__0/DI[1]          |
+-----------------+----------+----------------+--------------------------------------------+--------------------------------------------+
| vclock/vclock   |    156   |        1       | conv/add000065/reg_out_reg[21]_i_22/O[6]   | conv/add000065/reg_out[21]_i_25/I0         |
+-----------------+----------+----------------+--------------------------------------------+--------------------------------------------+
| vclock/vclock   |    157   |        1       | conv/add000065/reg_out_reg[21]_i_195/O[4]  | conv/add000065/reg_out_reg[21]_i_121/DI[3] |
+-----------------+----------+----------------+--------------------------------------------+--------------------------------------------+
| vclock/vclock   |    158   |        1       | conv/add000065/reg_out[15]_i_40/O          | conv/add000065/reg_out_reg[15]_i_29/S[6]   |
+-----------------+----------+----------------+--------------------------------------------+--------------------------------------------+
| vclock/vclock   |    159   |        1       | genblk1[126].reg_in/z__1_carry__0_i_1/O    | conv/mul66/z__1_carry__0/DI[1]             |
+-----------------+----------+----------------+--------------------------------------------+--------------------------------------------+
| vclock/vclock   |    160   |        1       | conv/add000065/reg_out_reg[21]_i_122/O[7]  | conv/add000065/reg_out[21]_i_129/I0        |
+-----------------+----------+----------------+--------------------------------------------+--------------------------------------------+
| vclock/vclock   |    161   |        1       | conv/add000065/reg_out_reg[21]_i_22/CO[7]  | conv/add000065/reg_out_reg[21]_i_18/CI     |
+-----------------+----------+----------------+--------------------------------------------+--------------------------------------------+
| vclock/vclock   |    162   |        1       | conv/add000065/reg_out_reg[21]_i_100/CO[7] | conv/add000065/reg_out_reg[21]_i_99/CI     |
+-----------------+----------+----------------+--------------------------------------------+--------------------------------------------+
| vclock/vclock   |    163   |        1       | conv/add000065/reg_out_reg[21]_i_22/O[2]   | conv/add000065/reg_out[21]_i_29/I0         |
+-----------------+----------+----------------+--------------------------------------------+--------------------------------------------+
| vclock/vclock   |    164   |        1       | conv/add000049/out__31_carry/CO[7]         | conv/add000049/out__31_carry__0/CI         |
+-----------------+----------+----------------+--------------------------------------------+--------------------------------------------+
| vclock/vclock   |    165   |        1       | conv/add000049/out_carry/O[7]              | conv/add000049/out__31_carry__0/DI[1]      |
+-----------------+----------+----------------+--------------------------------------------+--------------------------------------------+
| vclock/vclock   |    166   |        1       | conv/add000065/reg_out_reg[21]_i_163/O[1]  | conv/add000065/reg_out_reg[21]_i_99/DI[0]  |
+-----------------+----------+----------------+--------------------------------------------+--------------------------------------------+
| vclock/vclock   |    167   |        1       | genblk1[34].reg_in/reg_out_reg[6]/Q        | conv/mul18/reg_out[21]_i_410/I0            |
+-----------------+----------+----------------+--------------------------------------------+--------------------------------------------+
| vclock/vclock   |    168   |        1       | conv/add000065/reg_out_reg[15]_i_11/O[7]   | conv/add000065/reg_out[15]_i_19/I0         |
+-----------------+----------+----------------+--------------------------------------------+--------------------------------------------+
| vclock/vclock   |    169   |        1       | conv/add000065/reg_out_reg[21]_i_33/O[7]   | conv/add000065/reg_out[21]_i_35/I0         |
+-----------------+----------+----------------+--------------------------------------------+--------------------------------------------+
| vclock/vclock   |    170   |        1       | genblk1[34].reg_in/reg_out_reg[7]/Q        | genblk1[34].reg_in/reg_out[21]_i_412/I0    |
+-----------------+----------+----------------+--------------------------------------------+--------------------------------------------+
| vclock/vclock   |    171   |        1       | genblk1[34].reg_in/reg_out[21]_i_488/O     | genblk1[34].reg_in/reg_out[21]_i_412/I1    |
+-----------------+----------+----------------+--------------------------------------------+--------------------------------------------+
| vclock/vclock   |    172   |        1       | genblk1[34].reg_in/reg_out_reg[7]/Q        | genblk1[34].reg_in/reg_out[21]_i_415/I0    |
+-----------------+----------+----------------+--------------------------------------------+--------------------------------------------+
| vclock/vclock   |    173   |        1       | genblk1[34].reg_in/reg_out[21]_i_488/O     | genblk1[34].reg_in/reg_out[21]_i_415/I1    |
+-----------------+----------+----------------+--------------------------------------------+--------------------------------------------+
| vclock/vclock   |    174   |        1       | genblk1[35].reg_in/reg_out_reg[6]/Q        | genblk1[34].reg_in/reg_out[21]_i_412/I5    |
+-----------------+----------+----------------+--------------------------------------------+--------------------------------------------+
| vclock/vclock   |    175   |        1       | genblk1[35].reg_in/reg_out_reg[6]/Q        | genblk1[34].reg_in/reg_out[21]_i_415/I5    |
+-----------------+----------+----------------+--------------------------------------------+--------------------------------------------+
| vclock/vclock   |    176   |        1       | genblk1[35].reg_in/reg_out[21]_i_489/O     | genblk1[34].reg_in/reg_out[21]_i_415/I4    |
+-----------------+----------+----------------+--------------------------------------------+--------------------------------------------+
| vclock/vclock   |    177   |        1       | genblk1[35].reg_in/reg_out[21]_i_489/O     | genblk1[34].reg_in/reg_out[21]_i_412/I4    |
+-----------------+----------+----------------+--------------------------------------------+--------------------------------------------+
| vclock/vclock   |    178   |        1       | genblk1[34].reg_in/reg_out_reg[6]/Q        | genblk1[34].reg_in/reg_out[21]_i_415/I2    |
+-----------------+----------+----------------+--------------------------------------------+--------------------------------------------+
| vclock/vclock   |    179   |        1       | genblk1[35].reg_in/reg_out_reg[7]/Q        | genblk1[34].reg_in/reg_out[21]_i_412/I3    |
+-----------------+----------+----------------+--------------------------------------------+--------------------------------------------+
| vclock/vclock   |    180   |        1       | genblk1[34].reg_in/reg_out_reg[6]/Q        | genblk1[34].reg_in/reg_out[21]_i_412/I2    |
+-----------------+----------+----------------+--------------------------------------------+--------------------------------------------+
| vclock/vclock   |    181   |        1       | genblk1[35].reg_in/reg_out_reg[7]/Q        | genblk1[34].reg_in/reg_out[21]_i_415/I3    |
+-----------------+----------+----------------+--------------------------------------------+--------------------------------------------+
| vclock/vclock   |    182   |        1       | conv/add000065/reg_out_reg[21]_i_88/O[7]   | conv/add000065/reg_out_reg[21]_i_48/DI[0]  |
+-----------------+----------+----------------+--------------------------------------------+--------------------------------------------+
| vclock/vclock   |    183   |        1       | ctrl_IBUF_inst/IBUFCTRL_INST/O             | reg_out/reg_out_reg[6]/CE                  |
+-----------------+----------+----------------+--------------------------------------------+--------------------------------------------+
| vclock/vclock   |    184   |        1       | ctrl_IBUF_inst/IBUFCTRL_INST/O             | reg_out/reg_out_reg[15]/CE                 |
+-----------------+----------+----------------+--------------------------------------------+--------------------------------------------+
| vclock/vclock   |    185   |        1       | conv/add000065/reg_out_reg[7]_i_1/O[3]     | reg_out/reg_out_reg[3]/D                   |
+-----------------+----------+----------------+--------------------------------------------+--------------------------------------------+
| vclock/vclock   |    186   |        1       | ctrl_IBUF_inst/IBUFCTRL_INST/O             | reg_out/reg_out_reg[0]/CE                  |
+-----------------+----------+----------------+--------------------------------------------+--------------------------------------------+
| vclock/vclock   |    187   |        1       | ctrl_IBUF_inst/IBUFCTRL_INST/O             | reg_out/reg_out_reg[16]/CE                 |
+-----------------+----------+----------------+--------------------------------------------+--------------------------------------------+
| vclock/vclock   |    188   |        1       | ctrl_IBUF_inst/IBUFCTRL_INST/O             | reg_out/reg_out_reg[1]/CE                  |
+-----------------+----------+----------------+--------------------------------------------+--------------------------------------------+
| vclock/vclock   |    189   |        1       | ctrl_IBUF_inst/IBUFCTRL_INST/O             | reg_out/reg_out_reg[8]/CE                  |
+-----------------+----------+----------------+--------------------------------------------+--------------------------------------------+
| vclock/vclock   |    190   |        1       | conv/add000065/reg_out_reg[7]_i_1/O[2]     | reg_out/reg_out_reg[2]/D                   |
+-----------------+----------+----------------+--------------------------------------------+--------------------------------------------+
| vclock/vclock   |    191   |        1       | ctrl_IBUF_inst/IBUFCTRL_INST/O             | reg_out/reg_out_reg[10]/CE                 |
+-----------------+----------+----------------+--------------------------------------------+--------------------------------------------+
| vclock/vclock   |    192   |        1       | ctrl_IBUF_inst/IBUFCTRL_INST/O             | reg_out/reg_out_reg[18]/CE                 |
+-----------------+----------+----------------+--------------------------------------------+--------------------------------------------+
| vclock/vclock   |    193   |        1       | conv/add000065/reg_out_reg[7]_i_1/O[4]     | reg_out/reg_out_reg[4]/D                   |
+-----------------+----------+----------------+--------------------------------------------+--------------------------------------------+
| vclock/vclock   |    194   |        1       | ctrl_IBUF_inst/IBUFCTRL_INST/O             | reg_out/reg_out_reg[13]/CE                 |
+-----------------+----------+----------------+--------------------------------------------+--------------------------------------------+
| vclock/vclock   |    195   |        1       | ctrl_IBUF_inst/IBUFCTRL_INST/O             | reg_out/reg_out_reg[7]/CE                  |
+-----------------+----------+----------------+--------------------------------------------+--------------------------------------------+
| vclock/vclock   |    196   |        1       | ctrl_IBUF_inst/IBUFCTRL_INST/O             | reg_out/reg_out_reg[12]/CE                 |
+-----------------+----------+----------------+--------------------------------------------+--------------------------------------------+
| vclock/vclock   |    197   |        1       | ctrl_IBUF_inst/IBUFCTRL_INST/O             | reg_out/reg_out_reg[4]/CE                  |
+-----------------+----------+----------------+--------------------------------------------+--------------------------------------------+
| vclock/vclock   |    198   |        1       | ctrl_IBUF_inst/IBUFCTRL_INST/O             | reg_out/reg_out_reg[5]/CE                  |
+-----------------+----------+----------------+--------------------------------------------+--------------------------------------------+
| vclock/vclock   |    199   |        1       | ctrl_IBUF_inst/IBUFCTRL_INST/O             | reg_out/reg_out_reg[3]/CE                  |
+-----------------+----------+----------------+--------------------------------------------+--------------------------------------------+
| vclock/vclock   |    200   |        1       | ctrl_IBUF_inst/IBUFCTRL_INST/O             | reg_out/reg_out_reg[2]/CE                  |
+-----------------+----------+----------------+--------------------------------------------+--------------------------------------------+
| vclock/vclock   |    201   |        1       | conv/add000065/reg_out_reg[7]_i_1/O[1]     | reg_out/reg_out_reg[1]/D                   |
+-----------------+----------+----------------+--------------------------------------------+--------------------------------------------+
| vclock/vclock   |    202   |        1       | conv/add000065/reg_out_reg[7]_i_1/O[5]     | reg_out/reg_out_reg[5]/D                   |
+-----------------+----------+----------------+--------------------------------------------+--------------------------------------------+
| vclock/vclock   |    203   |        1       | ctrl_IBUF_inst/IBUFCTRL_INST/O             | reg_out/reg_out_reg[21]/CE                 |
+-----------------+----------+----------------+--------------------------------------------+--------------------------------------------+
| vclock/vclock   |    204   |        1       | conv/add000065/reg_out_reg[7]_i_1/O[6]     | reg_out/reg_out_reg[6]/D                   |
+-----------------+----------+----------------+--------------------------------------------+--------------------------------------------+
| vclock/vclock   |    205   |        1       | conv/add000065/reg_out_reg[7]_i_1/O[0]     | reg_out/reg_out_reg[0]/D                   |
+-----------------+----------+----------------+--------------------------------------------+--------------------------------------------+
| vclock/vclock   |    206   |        1       | ctrl_IBUF_inst/IBUFCTRL_INST/O             | reg_out/reg_out_reg[17]/CE                 |
+-----------------+----------+----------------+--------------------------------------------+--------------------------------------------+
| vclock/vclock   |    207   |        1       | ctrl_IBUF_inst/IBUFCTRL_INST/O             | reg_out/reg_out_reg[11]/CE                 |
+-----------------+----------+----------------+--------------------------------------------+--------------------------------------------+
| vclock/vclock   |    208   |        1       | conv/add000065/reg_out_reg[7]_i_1/O[7]     | reg_out/reg_out_reg[7]/D                   |
+-----------------+----------+----------------+--------------------------------------------+--------------------------------------------+
| vclock/vclock   |    209   |        1       | ctrl_IBUF_inst/IBUFCTRL_INST/O             | reg_out/reg_out_reg[14]/CE                 |
+-----------------+----------+----------------+--------------------------------------------+--------------------------------------------+
| vclock/vclock   |    210   |        1       | ctrl_IBUF_inst/IBUFCTRL_INST/O             | reg_out/reg_out_reg[9]/CE                  |
+-----------------+----------+----------------+--------------------------------------------+--------------------------------------------+
| vclock/vclock   |    211   |        1       | ctrl_IBUF_inst/IBUFCTRL_INST/O             | reg_out/reg_out_reg[19]/CE                 |
+-----------------+----------+----------------+--------------------------------------------+--------------------------------------------+
| vclock/vclock   |    212   |        1       | ctrl_IBUF_inst/IBUFCTRL_INST/O             | reg_out/reg_out_reg[20]/CE                 |
+-----------------+----------+----------------+--------------------------------------------+--------------------------------------------+
| vclock/vclock   |    213   |        1       | ctrl_IBUF_inst/IBUFCTRL_INST/O             | reg_out/reg_out[21]_i_1/I1                 |
+-----------------+----------+----------------+--------------------------------------------+--------------------------------------------+
| vclock/vclock   |    214   |        1       | conv/add000065/reg_out_reg[15]_i_11/O[7]   | conv/add000065/reg_out_reg[15]_i_2/DI[0]   |
+-----------------+----------+----------------+--------------------------------------------+--------------------------------------------+
| vclock/vclock   |    215   |        1       | genblk1[123].reg_in/z_carry__0_i_2__0/O    | conv/mul65/z_carry__0/S[0]                 |
+-----------------+----------+----------------+--------------------------------------------+--------------------------------------------+
| vclock/vclock   |    216   |        1       | conv/add000065/reg_out_reg[21]_i_331/CO[7] | conv/add000065/reg_out_reg[21]_i_315/CI    |
+-----------------+----------+----------------+--------------------------------------------+--------------------------------------------+
| vclock/vclock   |    217   |        1       | conv/add000065/reg_out_reg[21]_i_87/CO[0]  | conv/add000065/reg_out[21]_i_89/I0         |
+-----------------+----------+----------------+--------------------------------------------+--------------------------------------------+
| vclock/vclock   |    218   |        1       | conv/add000065/reg_out_reg[7]_i_42/O[4]    | conv/add000065/reg_out[21]_i_241/I0        |
+-----------------+----------+----------------+--------------------------------------------+--------------------------------------------+
| vclock/vclock   |    219   |        1       | conv/mul64/z_carry__0/CO[2]                | conv/mul65/out_carry__0_i_2/I1             |
+-----------------+----------+----------------+--------------------------------------------+--------------------------------------------+
| vclock/vclock   |    220   |        1       | conv/add000049/out__31_carry/O[7]          | conv/add000065/reg_out[15]_i_10/I1         |
+-----------------+----------+----------------+--------------------------------------------+--------------------------------------------+
| vclock/vclock   |    221   |        1       | conv/add000049/out_carry/CO[7]             | conv/add000049/out_carry__0/CI             |
+-----------------+----------+----------------+--------------------------------------------+--------------------------------------------+
| vclock/vclock   |    222   |        1       | genblk1[123].reg_in/z_carry__0_i_1__0/O    | conv/mul65/z_carry__0/S[1]                 |
+-----------------+----------+----------------+--------------------------------------------+--------------------------------------------+
| vclock/vclock   |    223   |        1       | genblk1[126].reg_in/z__1_carry__0_i_2/O    | conv/mul66/z__1_carry__0/DI[0]             |
+-----------------+----------+----------------+--------------------------------------------+--------------------------------------------+
| vclock/vclock   |    224   |        1       | conv/add000065/reg_out_reg[21]_i_122/O[7]  | conv/add000065/reg_out_reg[21]_i_66/DI[1]  |
+-----------------+----------+----------------+--------------------------------------------+--------------------------------------------+
| vclock/vclock   |    225   |        1       | conv/add000065/reg_out_reg[21]_i_78/CO[7]  | conv/add000065/reg_out_reg[21]_i_66/CI     |
+-----------------+----------+----------------+--------------------------------------------+--------------------------------------------+
| vclock/vclock   |    226   |        1       | conv/add000065/reg_out_reg[21]_i_122/O[6]  | conv/add000065/reg_out_reg[21]_i_66/DI[0]  |
+-----------------+----------+----------------+--------------------------------------------+--------------------------------------------+
| vclock/vclock   |    227   |        1       | conv/add000065/reg_out[21]_i_341/O         | conv/add000065/reg_out_reg[21]_i_210/S[0]  |
+-----------------+----------+----------------+--------------------------------------------+--------------------------------------------+


