Copyright 1986-2020 Xilinx, Inc. All Rights Reserved.
-------------------------------------------------------------------------------------------------------
| Tool Version      : Vivado v.2020.1 (lin64) Build 2902540 Wed May 27 19:54:35 MDT 2020
| Date              : Tue Mar 15 08:14:23 2022
| Host              : lepus running 64-bit CentOS Linux release 7.9.2009 (Core)
| Command           : report_timing_summary -file ./output/fc1_87/report/timing-summary-post-place.rpt
| Design            : top
| Device            : xcvu9p-flga2104
| Speed File        : -2L  PRODUCTION 1.27 02-28-2020
| Temperature Grade : E
-------------------------------------------------------------------------------------------------------

Timing Summary Report

------------------------------------------------------------------------------------------------
| Timer Settings
| --------------
------------------------------------------------------------------------------------------------

  Enable Multi Corner Analysis               :  Yes
  Enable Pessimism Removal                   :  Yes
  Pessimism Removal Resolution               :  Nearest Common Node
  Enable Input Delay Default Clock           :  No
  Enable Preset / Clear Arcs                 :  No
  Disable Flight Delays                      :  No
  Ignore I/O Paths                           :  No
  Timing Early Launch at Borrowing Latches   :  No
  Borrow Time for Max Delay Exceptions       :  Yes
  Merge Timing Exceptions                    :  Yes

  Corner  Analyze    Analyze    
  Name    Max Paths  Min Paths  
  ------  ---------  ---------  
  Slow    Yes        Yes        
  Fast    Yes        Yes        



check_timing report

Table of Contents
-----------------
1. checking no_clock (0)
2. checking constant_clock (0)
3. checking pulse_width_clock (0)
4. checking unconstrained_internal_endpoints (0)
5. checking no_input_delay (10)
6. checking no_output_delay (22)
7. checking multiple_clock (0)
8. checking generated_clocks (0)
9. checking loops (0)
10. checking partial_input_delay (0)
11. checking partial_output_delay (0)
12. checking latch_loops (0)

1. checking no_clock (0)
------------------------
 There are 0 register/latch pins with no clock.


2. checking constant_clock (0)
------------------------------
 There are 0 register/latch pins with constant_clock.


3. checking pulse_width_clock (0)
---------------------------------
 There are 0 register/latch pins which need pulse_width check


4. checking unconstrained_internal_endpoints (0)
------------------------------------------------
 There are 0 pins that are not constrained for maximum delay.

 There are 0 pins that are not constrained for maximum delay due to constant clock.


5. checking no_input_delay (10)
-------------------------------
 There are 10 input ports with no input delay specified. (HIGH)

 There are 0 input ports with no input delay but user has a false path constraint.


6. checking no_output_delay (22)
--------------------------------
 There are 22 ports with no output delay specified. (HIGH)

 There are 0 ports with no output delay but user has a false path constraint

 There are 0 ports with no output delay but with a timing clock defined on it or propagating through it


7. checking multiple_clock (0)
------------------------------
 There are 0 register/latch pins with multiple clocks.


8. checking generated_clocks (0)
--------------------------------
 There are 0 generated clocks that are not connected to a clock source.


9. checking loops (0)
---------------------
 There are 0 combinational loops in the design.


10. checking partial_input_delay (0)
------------------------------------
 There are 0 input ports with partial input delay specified.


11. checking partial_output_delay (0)
-------------------------------------
 There are 0 ports with partial output delay specified.


12. checking latch_loops (0)
----------------------------
 There are 0 combinational latch loops in the design through latch input



------------------------------------------------------------------------------------------------
| Design Timing Summary
| ---------------------
------------------------------------------------------------------------------------------------

    WNS(ns)      TNS(ns)  TNS Failing Endpoints  TNS Total Endpoints      WHS(ns)      THS(ns)  THS Failing Endpoints  THS Total Endpoints     WPWS(ns)     TPWS(ns)  TPWS Failing Endpoints  TPWS Total Endpoints  
    -------      -------  ---------------------  -------------------      -------      -------  ---------------------  -------------------     --------     --------  ----------------------  --------------------  
     -0.679       -5.519                     10                  895       -0.048       -0.152                      8                  895        1.725        0.000                       0                   896  


Timing constraints are not met.


------------------------------------------------------------------------------------------------
| Clock Summary
| -------------
------------------------------------------------------------------------------------------------

Clock          Waveform(ns)         Period(ns)      Frequency(MHz)
-----          ------------         ----------      --------------
virtual_clock  {0.000 2.000}        4.000           250.000         


------------------------------------------------------------------------------------------------
| Intra Clock Table
| -----------------
------------------------------------------------------------------------------------------------

Clock              WNS(ns)      TNS(ns)  TNS Failing Endpoints  TNS Total Endpoints      WHS(ns)      THS(ns)  THS Failing Endpoints  THS Total Endpoints     WPWS(ns)     TPWS(ns)  TPWS Failing Endpoints  TPWS Total Endpoints  
-----              -------      -------  ---------------------  -------------------      -------      -------  ---------------------  -------------------     --------     --------  ----------------------  --------------------  
virtual_clock       -0.679       -5.519                     10                  895       -0.048       -0.152                      8                  895        1.725        0.000                       0                   896  


------------------------------------------------------------------------------------------------
| Inter Clock Table
| -----------------
------------------------------------------------------------------------------------------------

From Clock    To Clock          WNS(ns)      TNS(ns)  TNS Failing Endpoints  TNS Total Endpoints      WHS(ns)      THS(ns)  THS Failing Endpoints  THS Total Endpoints  
----------    --------          -------      -------  ---------------------  -------------------      -------      -------  ---------------------  -------------------  


------------------------------------------------------------------------------------------------
| Other Path Groups Table
| -----------------------
------------------------------------------------------------------------------------------------

Path Group    From Clock    To Clock          WNS(ns)      TNS(ns)  TNS Failing Endpoints  TNS Total Endpoints      WHS(ns)      THS(ns)  THS Failing Endpoints  THS Total Endpoints  
----------    ----------    --------          -------      -------  ---------------------  -------------------      -------      -------  ---------------------  -------------------  


------------------------------------------------------------------------------------------------
| Timing Details
| --------------
------------------------------------------------------------------------------------------------


---------------------------------------------------------------------------------------------------
From Clock:  virtual_clock
  To Clock:  virtual_clock

Setup :           10  Failing Endpoints,  Worst Slack       -0.679ns,  Total Violation       -5.519ns
Hold  :            8  Failing Endpoints,  Worst Slack       -0.048ns,  Total Violation       -0.152ns
PW    :            0  Failing Endpoints,  Worst Slack        1.725ns,  Total Violation        0.000ns
---------------------------------------------------------------------------------------------------


Max Delay Paths
--------------------------------------------------------------------------------------
Slack (VIOLATED) :        -0.679ns  (required time - arrival time)
  Source:                 demux/sel_reg[0]/C
                            (rising edge-triggered cell FDRE clocked by virtual_clock  {rise@0.000ns fall@2.000ns period=4.000ns})
  Destination:            demux/sel_reg[3]/D
                            (rising edge-triggered cell FDRE clocked by virtual_clock  {rise@0.000ns fall@2.000ns period=4.000ns})
  Path Group:             virtual_clock
  Path Type:              Setup (Max at Slow Process Corner)
  Requirement:            4.000ns  (virtual_clock rise@4.000ns - virtual_clock rise@0.000ns)
  Data Path Delay:        4.612ns  (logic 1.934ns (41.934%)  route 2.678ns (58.066%))
  Logic Levels:           18  (CARRY8=9 LUT2=1 LUT3=3 LUT4=3 LUT6=2)
  Clock Path Skew:        -0.057ns (DCD - SCD + CPR)
    Destination Clock Delay (DCD):    1.668ns = ( 5.668 - 4.000 ) 
    Source Clock Delay      (SCD):    2.139ns
    Clock Pessimism Removal (CPR):    0.414ns
  Clock Uncertainty:      0.035ns  ((TSJ^2 + TIJ^2)^1/2 + DJ) / 2 + PE
    Total System Jitter     (TSJ):    0.071ns
    Total Input Jitter      (TIJ):    0.000ns
    Discrete Jitter          (DJ):    0.000ns
    Phase Error              (PE):    0.000ns
  Clock Net Delay (Source):      1.178ns (routing 0.210ns, distribution 0.968ns)
  Clock Net Delay (Destination): 0.998ns (routing 0.190ns, distribution 0.808ns)

    Location             Delay type                Incr(ns)  Path(ns)    Netlist Resource(s)
  -------------------------------------------------------------------    -------------------
                         (clock virtual_clock rise edge)
                                                      0.000     0.000 r  
    AR14                                              0.000     0.000 r  clk (IN)
                         net (fo=0)                   0.000     0.000    clk_IBUF_inst/I
    AR14                 INBUF (Prop_INBUF_HPIOB_M_PAD_O)
                                                      0.610     0.610 r  clk_IBUF_inst/INBUF_INST/O
                         net (fo=1, routed)           0.000     0.610    clk_IBUF_inst/OUT
    AR14                 IBUFCTRL (Prop_IBUFCTRL_HPIOB_M_I_O)
                                                      0.000     0.610 r  clk_IBUF_inst/IBUFCTRL_INST/O
                         net (fo=1, estimated)        0.323     0.933    clk_IBUF
    BUFGCE_X1Y194        BUFGCE (Prop_BUFCE_BUFGCE_I_O)
                                                      0.028     0.961 r  clk_IBUF_BUFG_inst/O
    X4Y8 (CLOCK_ROOT)    net (fo=895, estimated)      1.178     2.139    demux/CLK
    SLICE_X114Y507       FDRE                                         r  demux/sel_reg[0]/C
  -------------------------------------------------------------------    -------------------
    SLICE_X114Y507       FDRE (Prop_BFF_SLICEL_C_Q)
                                                      0.079     2.218 r  demux/sel_reg[0]/Q
                         net (fo=58, estimated)       0.260     2.478    demux/sel[0]
    SLICE_X114Y505       CARRY8 (Prop_CARRY8_SLICEL_CI_O[4])
                                                      0.191     2.669 f  demux/sel_reg[8]_i_6/O[4]
                         net (fo=33, estimated)       0.203     2.872    p_1_in[5]
    SLICE_X114Y503       LUT3 (Prop_A5LUT_SLICEL_I0_O)
                                                      0.161     3.033 r  sel[8]_i_233/O
                         net (fo=2, estimated)        0.162     3.195    sel[8]_i_233_n_0
    SLICE_X115Y503       LUT4 (Prop_G6LUT_SLICEL_I0_O)
                                                      0.050     3.245 r  sel[8]_i_240/O
                         net (fo=1, routed)           0.008     3.253    demux/sel[8]_i_196_0[2]
    SLICE_X115Y503       CARRY8 (Prop_CARRY8_SLICEL_S[6]_CO[7])
                                                      0.115     3.368 f  demux/sel_reg[8]_i_200/CO[7]
                         net (fo=1, estimated)        0.026     3.394    demux/sel_reg[8]_i_200_n_0
    SLICE_X115Y504       CARRY8 (Prop_CARRY8_SLICEL_CI_CO[5])
                                                      0.077     3.471 f  demux/sel_reg[8]_i_166/CO[5]
                         net (fo=30, estimated)       0.382     3.853    demux_n_9
    SLICE_X113Y503       LUT3 (Prop_G5LUT_SLICEM_I0_O)
                                                      0.112     3.965 r  sel[8]_i_135/O
                         net (fo=2, estimated)        0.219     4.184    sel[8]_i_135_n_0
    SLICE_X113Y503       LUT4 (Prop_H6LUT_SLICEM_I3_O)
                                                      0.053     4.237 r  sel[8]_i_142/O
                         net (fo=1, routed)           0.015     4.252    demux/sel[8]_i_64_0[6]
    SLICE_X113Y503       CARRY8 (Prop_CARRY8_SLICEM_S[7]_CO[7])
                                                      0.117     4.369 r  demux/sel_reg[8]_i_81/CO[7]
                         net (fo=1, estimated)        0.026     4.395    demux/sel_reg[8]_i_81_n_0
    SLICE_X113Y504       CARRY8 (Prop_CARRY8_SLICEM_CI_O[1])
                                                      0.076     4.471 r  demux/sel_reg[8]_i_77/O[1]
                         net (fo=2, estimated)        0.302     4.773    demux_n_98
    SLICE_X112Y505       LUT3 (Prop_E5LUT_SLICEL_I2_O)
                                                      0.101     4.874 r  sel[8]_i_32/O
                         net (fo=2, estimated)        0.162     5.036    sel[8]_i_32_n_0
    SLICE_X112Y505       LUT4 (Prop_F6LUT_SLICEL_I3_O)
                                                      0.049     5.085 r  sel[8]_i_40/O
                         net (fo=1, routed)           0.011     5.096    demux/sel[8]_i_28_0[5]
    SLICE_X112Y505       CARRY8 (Prop_CARRY8_SLICEL_S[5]_CO[7])
                                                      0.155     5.251 r  demux/sel_reg[8]_i_20/CO[7]
                         net (fo=1, estimated)        0.026     5.277    demux/sel_reg[8]_i_20_n_0
    SLICE_X112Y506       CARRY8 (Prop_CARRY8_SLICEL_CI_O[0])
                                                      0.056     5.333 r  demux/sel_reg[8]_i_22/O[0]
                         net (fo=3, estimated)        0.318     5.651    demux/O[0]
    SLICE_X112Y508       CARRY8 (Prop_CARRY8_SLICEL_S[0]_O[0])
                                                      0.063     5.714 r  demux/sel_reg[8]_i_19/O[0]
                         net (fo=1, estimated)        0.176     5.890    demux_n_110
    SLICE_X113Y506       LUT2 (Prop_D6LUT_SLICEM_I1_O)
                                                      0.051     5.941 r  sel[8]_i_14/O
                         net (fo=1, routed)           0.025     5.966    demux/sel_reg[6]_0[2]
    SLICE_X113Y506       CARRY8 (Prop_CARRY8_SLICEM_S[3]_O[5])
                                                      0.184     6.150 f  demux/sel_reg[8]_i_4/O[5]
                         net (fo=6, estimated)        0.209     6.359    demux/sel_reg[8]_i_4_n_10
    SLICE_X114Y507       LUT6 (Prop_C6LUT_SLICEL_I0_O)
                                                      0.146     6.505 r  demux/sel[3]_i_2/O
                         net (fo=4, estimated)        0.100     6.605    demux/sel[3]_i_2_n_0
    SLICE_X114Y508       LUT6 (Prop_A6LUT_SLICEL_I1_O)
                                                      0.098     6.703 r  demux/sel[3]_i_1/O
                         net (fo=1, routed)           0.048     6.751    demux/sel20_in[3]
    SLICE_X114Y508       FDRE                                         r  demux/sel_reg[3]/D
  -------------------------------------------------------------------    -------------------

                         (clock virtual_clock rise edge)
                                                      4.000     4.000 r  
    AR14                                              0.000     4.000 r  clk (IN)
                         net (fo=0)                   0.000     4.000    clk_IBUF_inst/I
    AR14                 INBUF (Prop_INBUF_HPIOB_M_PAD_O)
                                                      0.359     4.359 r  clk_IBUF_inst/INBUF_INST/O
                         net (fo=1, routed)           0.000     4.359    clk_IBUF_inst/OUT
    AR14                 IBUFCTRL (Prop_IBUFCTRL_HPIOB_M_I_O)
                                                      0.000     4.359 r  clk_IBUF_inst/IBUFCTRL_INST/O
                         net (fo=1, estimated)        0.287     4.646    clk_IBUF
    BUFGCE_X1Y194        BUFGCE (Prop_BUFCE_BUFGCE_I_O)
                                                      0.024     4.670 r  clk_IBUF_BUFG_inst/O
    X4Y8 (CLOCK_ROOT)    net (fo=895, estimated)      0.998     5.668    demux/CLK
    SLICE_X114Y508       FDRE                                         r  demux/sel_reg[3]/C
                         clock pessimism              0.414     6.082    
                         clock uncertainty           -0.035     6.047    
    SLICE_X114Y508       FDRE (Setup_AFF_SLICEL_C_D)
                                                      0.025     6.072    demux/sel_reg[3]
  -------------------------------------------------------------------
                         required time                          6.072    
                         arrival time                          -6.751    
  -------------------------------------------------------------------
                         slack                                 -0.679    





Min Delay Paths
--------------------------------------------------------------------------------------
Slack (VIOLATED) :        -0.048ns  (arrival time - required time)
  Source:                 demux/genblk1[253].z_reg[253][5]/C
                            (rising edge-triggered cell FDRE clocked by virtual_clock  {rise@0.000ns fall@2.000ns period=4.000ns})
  Destination:            genblk1[253].reg_in/reg_out_reg[5]/D
                            (rising edge-triggered cell FDRE clocked by virtual_clock  {rise@0.000ns fall@2.000ns period=4.000ns})
  Path Group:             virtual_clock
  Path Type:              Hold (Min at Slow Process Corner)
  Requirement:            0.000ns  (virtual_clock rise@0.000ns - virtual_clock rise@0.000ns)
  Data Path Delay:        0.169ns  (logic 0.059ns (34.911%)  route 0.110ns (65.089%))
  Logic Levels:           0  
  Clock Path Skew:        0.157ns (DCD - SCD - CPR)
    Destination Clock Delay (DCD):    2.161ns
    Source Clock Delay      (SCD):    1.693ns
    Clock Pessimism Removal (CPR):    0.311ns
  Clock Net Delay (Source):      1.023ns (routing 0.190ns, distribution 0.833ns)
  Clock Net Delay (Destination): 1.200ns (routing 0.210ns, distribution 0.990ns)

    Location             Delay type                Incr(ns)  Path(ns)    Netlist Resource(s)
  -------------------------------------------------------------------    -------------------
                         (clock virtual_clock rise edge)
                                                      0.000     0.000 r  
    AR14                                              0.000     0.000 r  clk (IN)
                         net (fo=0)                   0.000     0.000    clk_IBUF_inst/I
    AR14                 INBUF (Prop_INBUF_HPIOB_M_PAD_O)
                                                      0.359     0.359 r  clk_IBUF_inst/INBUF_INST/O
                         net (fo=1, routed)           0.000     0.359    clk_IBUF_inst/OUT
    AR14                 IBUFCTRL (Prop_IBUFCTRL_HPIOB_M_I_O)
                                                      0.000     0.359 r  clk_IBUF_inst/IBUFCTRL_INST/O
                         net (fo=1, estimated)        0.287     0.646    clk_IBUF
    BUFGCE_X1Y194        BUFGCE (Prop_BUFCE_BUFGCE_I_O)
                                                      0.024     0.670 r  clk_IBUF_BUFG_inst/O
    X4Y8 (CLOCK_ROOT)    net (fo=895, estimated)      1.023     1.693    demux/CLK
    SLICE_X112Y479       FDRE                                         r  demux/genblk1[253].z_reg[253][5]/C
  -------------------------------------------------------------------    -------------------
    SLICE_X112Y479       FDRE (Prop_EFF_SLICEL_C_Q)
                                                      0.059     1.752 r  demux/genblk1[253].z_reg[253][5]/Q
                         net (fo=1, estimated)        0.110     1.862    genblk1[253].reg_in/D[5]
    SLICE_X112Y480       FDRE                                         r  genblk1[253].reg_in/reg_out_reg[5]/D
  -------------------------------------------------------------------    -------------------

                         (clock virtual_clock rise edge)
                                                      0.000     0.000 r  
    AR14                                              0.000     0.000 r  clk (IN)
                         net (fo=0)                   0.000     0.000    clk_IBUF_inst/I
    AR14                 INBUF (Prop_INBUF_HPIOB_M_PAD_O)
                                                      0.610     0.610 r  clk_IBUF_inst/INBUF_INST/O
                         net (fo=1, routed)           0.000     0.610    clk_IBUF_inst/OUT
    AR14                 IBUFCTRL (Prop_IBUFCTRL_HPIOB_M_I_O)
                                                      0.000     0.610 r  clk_IBUF_inst/IBUFCTRL_INST/O
                         net (fo=1, estimated)        0.323     0.933    clk_IBUF
    BUFGCE_X1Y194        BUFGCE (Prop_BUFCE_BUFGCE_I_O)
                                                      0.028     0.961 r  clk_IBUF_BUFG_inst/O
    X4Y8 (CLOCK_ROOT)    net (fo=895, estimated)      1.200     2.161    genblk1[253].reg_in/CLK
    SLICE_X112Y480       FDRE                                         r  genblk1[253].reg_in/reg_out_reg[5]/C
                         clock pessimism             -0.311     1.850    
    SLICE_X112Y480       FDRE (Hold_EFF_SLICEL_C_D)
                                                      0.060     1.910    genblk1[253].reg_in/reg_out_reg[5]
  -------------------------------------------------------------------
                         required time                         -1.910    
                         arrival time                           1.862    
  -------------------------------------------------------------------
                         slack                                 -0.048    





Pulse Width Checks
--------------------------------------------------------------------------------------
Clock Name:         virtual_clock
Waveform(ns):       { 0.000 2.000 }
Period(ns):         4.000
Sources:            { clk }

Check Type        Corner  Lib Pin   Reference Pin  Required(ns)  Actual(ns)  Slack(ns)  Location        Pin
Min Period        n/a     BUFGCE/I  n/a            1.290         4.000       2.710      BUFGCE_X1Y194   clk_IBUF_BUFG_inst/I
Low Pulse Width   Slow    FDRE/C    n/a            0.275         2.000       1.725      SLICE_X113Y487  demux/genblk1[174].z_reg[174][0]/C
High Pulse Width  Fast    FDRE/C    n/a            0.275         2.000       1.725      SLICE_X113Y485  demux/genblk1[172].z_reg[172][5]/C



