Copyright 1986-2020 Xilinx, Inc. All Rights Reserved.
-------------------------------------------------------------------------------------------------------
| Tool Version      : Vivado v.2020.1 (lin64) Build 2902540 Wed May 27 19:54:35 MDT 2020
| Date              : Wed Mar 16 04:43:09 2022
| Host              : lepus running 64-bit CentOS Linux release 7.9.2009 (Core)
| Command           : report_timing_summary -file ./output/fc2_74/report/timing-summary-post-place.rpt
| Design            : top
| Device            : xcvu9p-flga2104
| Speed File        : -2L  PRODUCTION 1.27 02-28-2020
| Temperature Grade : E
-------------------------------------------------------------------------------------------------------

Timing Summary Report

------------------------------------------------------------------------------------------------
| Timer Settings
| --------------
------------------------------------------------------------------------------------------------

  Enable Multi Corner Analysis               :  Yes
  Enable Pessimism Removal                   :  Yes
  Pessimism Removal Resolution               :  Nearest Common Node
  Enable Input Delay Default Clock           :  No
  Enable Preset / Clear Arcs                 :  No
  Disable Flight Delays                      :  No
  Ignore I/O Paths                           :  No
  Timing Early Launch at Borrowing Latches   :  No
  Borrow Time for Max Delay Exceptions       :  Yes
  Merge Timing Exceptions                    :  Yes

  Corner  Analyze    Analyze    
  Name    Max Paths  Min Paths  
  ------  ---------  ---------  
  Slow    Yes        Yes        
  Fast    Yes        Yes        



check_timing report

Table of Contents
-----------------
1. checking no_clock (0)
2. checking constant_clock (0)
3. checking pulse_width_clock (0)
4. checking unconstrained_internal_endpoints (0)
5. checking no_input_delay (10)
6. checking no_output_delay (22)
7. checking multiple_clock (0)
8. checking generated_clocks (0)
9. checking loops (0)
10. checking partial_input_delay (0)
11. checking partial_output_delay (0)
12. checking latch_loops (0)

1. checking no_clock (0)
------------------------
 There are 0 register/latch pins with no clock.


2. checking constant_clock (0)
------------------------------
 There are 0 register/latch pins with constant_clock.


3. checking pulse_width_clock (0)
---------------------------------
 There are 0 register/latch pins which need pulse_width check


4. checking unconstrained_internal_endpoints (0)
------------------------------------------------
 There are 0 pins that are not constrained for maximum delay.

 There are 0 pins that are not constrained for maximum delay due to constant clock.


5. checking no_input_delay (10)
-------------------------------
 There are 10 input ports with no input delay specified. (HIGH)

 There are 0 input ports with no input delay but user has a false path constraint.


6. checking no_output_delay (22)
--------------------------------
 There are 22 ports with no output delay specified. (HIGH)

 There are 0 ports with no output delay but user has a false path constraint

 There are 0 ports with no output delay but with a timing clock defined on it or propagating through it


7. checking multiple_clock (0)
------------------------------
 There are 0 register/latch pins with multiple clocks.


8. checking generated_clocks (0)
--------------------------------
 There are 0 generated clocks that are not connected to a clock source.


9. checking loops (0)
---------------------
 There are 0 combinational loops in the design.


10. checking partial_input_delay (0)
------------------------------------
 There are 0 input ports with partial input delay specified.


11. checking partial_output_delay (0)
-------------------------------------
 There are 0 ports with partial output delay specified.


12. checking latch_loops (0)
----------------------------
 There are 0 combinational latch loops in the design through latch input



------------------------------------------------------------------------------------------------
| Design Timing Summary
| ---------------------
------------------------------------------------------------------------------------------------

    WNS(ns)      TNS(ns)  TNS Failing Endpoints  TNS Total Endpoints      WHS(ns)      THS(ns)  THS Failing Endpoints  THS Total Endpoints     WPWS(ns)     TPWS(ns)  TPWS Failing Endpoints  TPWS Total Endpoints  
    -------      -------  ---------------------  -------------------      -------      -------  ---------------------  -------------------     --------     --------  ----------------------  --------------------  
     -0.023       -0.062                      5                  958       -0.076       -0.330                     12                  958        1.725        0.000                       0                   959  


Timing constraints are not met.


------------------------------------------------------------------------------------------------
| Clock Summary
| -------------
------------------------------------------------------------------------------------------------

Clock          Waveform(ns)         Period(ns)      Frequency(MHz)
-----          ------------         ----------      --------------
virtual_clock  {0.000 2.000}        4.000           250.000         


------------------------------------------------------------------------------------------------
| Intra Clock Table
| -----------------
------------------------------------------------------------------------------------------------

Clock              WNS(ns)      TNS(ns)  TNS Failing Endpoints  TNS Total Endpoints      WHS(ns)      THS(ns)  THS Failing Endpoints  THS Total Endpoints     WPWS(ns)     TPWS(ns)  TPWS Failing Endpoints  TPWS Total Endpoints  
-----              -------      -------  ---------------------  -------------------      -------      -------  ---------------------  -------------------     --------     --------  ----------------------  --------------------  
virtual_clock       -0.023       -0.062                      5                  958       -0.076       -0.330                     12                  958        1.725        0.000                       0                   959  


------------------------------------------------------------------------------------------------
| Inter Clock Table
| -----------------
------------------------------------------------------------------------------------------------

From Clock    To Clock          WNS(ns)      TNS(ns)  TNS Failing Endpoints  TNS Total Endpoints      WHS(ns)      THS(ns)  THS Failing Endpoints  THS Total Endpoints  
----------    --------          -------      -------  ---------------------  -------------------      -------      -------  ---------------------  -------------------  


------------------------------------------------------------------------------------------------
| Other Path Groups Table
| -----------------------
------------------------------------------------------------------------------------------------

Path Group    From Clock    To Clock          WNS(ns)      TNS(ns)  TNS Failing Endpoints  TNS Total Endpoints      WHS(ns)      THS(ns)  THS Failing Endpoints  THS Total Endpoints  
----------    ----------    --------          -------      -------  ---------------------  -------------------      -------      -------  ---------------------  -------------------  


------------------------------------------------------------------------------------------------
| Timing Details
| --------------
------------------------------------------------------------------------------------------------


---------------------------------------------------------------------------------------------------
From Clock:  virtual_clock
  To Clock:  virtual_clock

Setup :            5  Failing Endpoints,  Worst Slack       -0.023ns,  Total Violation       -0.062ns
Hold  :           12  Failing Endpoints,  Worst Slack       -0.076ns,  Total Violation       -0.330ns
PW    :            0  Failing Endpoints,  Worst Slack        1.725ns,  Total Violation        0.000ns
---------------------------------------------------------------------------------------------------


Max Delay Paths
--------------------------------------------------------------------------------------
Slack (VIOLATED) :        -0.023ns  (required time - arrival time)
  Source:                 demux/sel_reg[4]/C
                            (rising edge-triggered cell FDRE clocked by virtual_clock  {rise@0.000ns fall@2.000ns period=4.000ns})
  Destination:            demux/sel_reg[5]/D
                            (rising edge-triggered cell FDRE clocked by virtual_clock  {rise@0.000ns fall@2.000ns period=4.000ns})
  Path Group:             virtual_clock
  Path Type:              Setup (Max at Slow Process Corner)
  Requirement:            4.000ns  (virtual_clock rise@4.000ns - virtual_clock rise@0.000ns)
  Data Path Delay:        3.947ns  (logic 1.550ns (39.270%)  route 2.397ns (60.730%))
  Logic Levels:           16  (CARRY8=8 LUT2=2 LUT3=2 LUT4=1 LUT5=1 LUT6=2)
  Clock Path Skew:        -0.066ns (DCD - SCD + CPR)
    Destination Clock Delay (DCD):    1.698ns = ( 5.698 - 4.000 ) 
    Source Clock Delay      (SCD):    2.176ns
    Clock Pessimism Removal (CPR):    0.412ns
  Clock Uncertainty:      0.035ns  ((TSJ^2 + TIJ^2)^1/2 + DJ) / 2 + PE
    Total System Jitter     (TSJ):    0.071ns
    Total Input Jitter      (TIJ):    0.000ns
    Discrete Jitter          (DJ):    0.000ns
    Phase Error              (PE):    0.000ns
  Clock Net Delay (Source):      1.215ns (routing 0.210ns, distribution 1.005ns)
  Clock Net Delay (Destination): 1.028ns (routing 0.190ns, distribution 0.838ns)

    Location             Delay type                Incr(ns)  Path(ns)    Netlist Resource(s)
  -------------------------------------------------------------------    -------------------
                         (clock virtual_clock rise edge)
                                                      0.000     0.000 r  
    AR14                                              0.000     0.000 r  clk (IN)
                         net (fo=0)                   0.000     0.000    clk_IBUF_inst/I
    AR14                 INBUF (Prop_INBUF_HPIOB_M_PAD_O)
                                                      0.610     0.610 r  clk_IBUF_inst/INBUF_INST/O
                         net (fo=1, routed)           0.000     0.610    clk_IBUF_inst/OUT
    AR14                 IBUFCTRL (Prop_IBUFCTRL_HPIOB_M_I_O)
                                                      0.000     0.610 r  clk_IBUF_inst/IBUFCTRL_INST/O
                         net (fo=1, estimated)        0.323     0.933    clk_IBUF
    BUFGCE_X1Y194        BUFGCE (Prop_BUFCE_BUFGCE_I_O)
                                                      0.028     0.961 r  clk_IBUF_BUFG_inst/O
    X4Y8 (CLOCK_ROOT)    net (fo=958, estimated)      1.215     2.176    demux/CLK
    SLICE_X100Y525       FDRE                                         r  demux/sel_reg[4]/C
  -------------------------------------------------------------------    -------------------
    SLICE_X100Y525       FDRE (Prop_FFF_SLICEM_C_Q)
                                                      0.076     2.252 r  demux/sel_reg[4]/Q
                         net (fo=56, estimated)       0.296     2.548    demux/sel[4]
    SLICE_X100Y526       CARRY8 (Prop_CARRY8_SLICEM_S[3]_CO[7])
                                                      0.163     2.711 r  demux/sel_reg[7]_i_6/CO[7]
                         net (fo=23, estimated)       0.341     3.052    demux/p_1_in[8]
    SLICE_X101Y523       LUT2 (Prop_A6LUT_SLICEL_I1_O)
                                                      0.035     3.087 r  demux/sel[7]_i_174/O
                         net (fo=1, routed)           0.009     3.096    demux/sel[7]_i_174_n_0
    SLICE_X101Y523       CARRY8 (Prop_CARRY8_SLICEL_S[0]_CO[4])
                                                      0.214     3.310 f  demux/sel_reg[7]_i_88/CO[4]
                         net (fo=41, estimated)       0.202     3.512    demux/CO[0]
    SLICE_X103Y523       LUT3 (Prop_H6LUT_SLICEL_I2_O)
                                                      0.051     3.563 r  demux/sel[7]_i_116/O
                         net (fo=2, estimated)        0.186     3.749    demux/sel[7]_i_116_n_0
    SLICE_X100Y523       LUT4 (Prop_D6LUT_SLICEM_I3_O)
                                                      0.037     3.786 r  demux/sel[7]_i_123/O
                         net (fo=1, routed)           0.025     3.811    demux/sel[7]_i_123_n_0
    SLICE_X100Y523       CARRY8 (Prop_CARRY8_SLICEM_S[3]_O[4])
                                                      0.149     3.960 r  demux/sel_reg[7]_i_58/O[4]
                         net (fo=3, estimated)        0.186     4.146    demux_n_23
    SLICE_X100Y520       LUT3 (Prop_H6LUT_SLICEM_I2_O)
                                                      0.053     4.199 r  sel[7]_i_82/O
                         net (fo=2, estimated)        0.100     4.299    demux/sel_reg[7]_i_21_4
    SLICE_X100Y520       LUT5 (Prop_G5LUT_SLICEM_I0_O)
                                                      0.137     4.436 r  demux/sel[7]_i_41/O
                         net (fo=2, estimated)        0.182     4.618    demux/sel[7]_i_41_n_0
    SLICE_X102Y522       LUT6 (Prop_E6LUT_SLICEM_I0_O)
                                                      0.037     4.655 r  demux/sel[7]_i_49/O
                         net (fo=1, routed)           0.014     4.669    demux/sel[7]_i_49_n_0
    SLICE_X102Y522       CARRY8 (Prop_CARRY8_SLICEM_S[4]_CO[7])
                                                      0.156     4.825 r  demux/sel_reg[7]_i_21/CO[7]
                         net (fo=1, estimated)        0.026     4.851    demux/sel_reg[7]_i_21_n_0
    SLICE_X102Y523       CARRY8 (Prop_CARRY8_SLICEM_CI_O[6])
                                                      0.103     4.954 r  demux/sel_reg[7]_i_18/O[6]
                         net (fo=1, estimated)        0.317     5.271    demux_n_49
    SLICE_X102Y525       CARRY8 (Prop_CARRY8_SLICEM_S[0]_O[1])
                                                      0.096     5.367 r  sel_reg[7]_i_17/O[1]
                         net (fo=1, estimated)        0.229     5.596    sel_reg[7]_i_17_n_14
    SLICE_X101Y524       LUT2 (Prop_H6LUT_SLICEL_I1_O)
                                                      0.036     5.632 r  sel[7]_i_8/O
                         net (fo=1, routed)           0.010     5.642    demux/sel_reg[7]_0[6]
    SLICE_X101Y524       CARRY8 (Prop_CARRY8_SLICEL_S[7]_CO[7])
                                                      0.115     5.757 r  demux/sel_reg[7]_i_3/CO[7]
                         net (fo=1, estimated)        0.026     5.783    demux/sel_reg[7]_i_3_n_0
    SLICE_X101Y525       CARRY8 (Prop_CARRY8_SLICEL_CI_O[0])
                                                      0.056     5.839 r  demux/sel_reg[7]_i_4/O[0]
                         net (fo=8, estimated)        0.199     6.038    demux/sel_reg[7]_i_4_n_15
    SLICE_X101Y526       LUT6 (Prop_D6LUT_SLICEL_I5_O)
                                                      0.036     6.074 r  demux/sel[5]_i_1/O
                         net (fo=1, routed)           0.049     6.123    demux/sel20_in[5]
    SLICE_X101Y526       FDRE                                         r  demux/sel_reg[5]/D
  -------------------------------------------------------------------    -------------------

                         (clock virtual_clock rise edge)
                                                      4.000     4.000 r  
    AR14                                              0.000     4.000 r  clk (IN)
                         net (fo=0)                   0.000     4.000    clk_IBUF_inst/I
    AR14                 INBUF (Prop_INBUF_HPIOB_M_PAD_O)
                                                      0.359     4.359 r  clk_IBUF_inst/INBUF_INST/O
                         net (fo=1, routed)           0.000     4.359    clk_IBUF_inst/OUT
    AR14                 IBUFCTRL (Prop_IBUFCTRL_HPIOB_M_I_O)
                                                      0.000     4.359 r  clk_IBUF_inst/IBUFCTRL_INST/O
                         net (fo=1, estimated)        0.287     4.646    clk_IBUF
    BUFGCE_X1Y194        BUFGCE (Prop_BUFCE_BUFGCE_I_O)
                                                      0.024     4.670 r  clk_IBUF_BUFG_inst/O
    X4Y8 (CLOCK_ROOT)    net (fo=958, estimated)      1.028     5.698    demux/CLK
    SLICE_X101Y526       FDRE                                         r  demux/sel_reg[5]/C
                         clock pessimism              0.412     6.110    
                         clock uncertainty           -0.035     6.075    
    SLICE_X101Y526       FDRE (Setup_DFF_SLICEL_C_D)
                                                      0.025     6.100    demux/sel_reg[5]
  -------------------------------------------------------------------
                         required time                          6.100    
                         arrival time                          -6.123    
  -------------------------------------------------------------------
                         slack                                 -0.023    





Min Delay Paths
--------------------------------------------------------------------------------------
Slack (VIOLATED) :        -0.076ns  (arrival time - required time)
  Source:                 demux/genblk1[80].z_reg[80][4]/C
                            (rising edge-triggered cell FDRE clocked by virtual_clock  {rise@0.000ns fall@2.000ns period=4.000ns})
  Destination:            genblk1[80].reg_in/reg_out_reg[4]/D
                            (rising edge-triggered cell FDRE clocked by virtual_clock  {rise@0.000ns fall@2.000ns period=4.000ns})
  Path Group:             virtual_clock
  Path Type:              Hold (Min at Slow Process Corner)
  Requirement:            0.000ns  (virtual_clock rise@0.000ns - virtual_clock rise@0.000ns)
  Data Path Delay:        0.187ns  (logic 0.058ns (31.016%)  route 0.129ns (68.984%))
  Logic Levels:           0  
  Clock Path Skew:        0.203ns (DCD - SCD - CPR)
    Destination Clock Delay (DCD):    2.190ns
    Source Clock Delay      (SCD):    1.676ns
    Clock Pessimism Removal (CPR):    0.311ns
  Clock Net Delay (Source):      1.006ns (routing 0.190ns, distribution 0.816ns)
  Clock Net Delay (Destination): 1.229ns (routing 0.210ns, distribution 1.019ns)

    Location             Delay type                Incr(ns)  Path(ns)    Netlist Resource(s)
  -------------------------------------------------------------------    -------------------
                         (clock virtual_clock rise edge)
                                                      0.000     0.000 r  
    AR14                                              0.000     0.000 r  clk (IN)
                         net (fo=0)                   0.000     0.000    clk_IBUF_inst/I
    AR14                 INBUF (Prop_INBUF_HPIOB_M_PAD_O)
                                                      0.359     0.359 r  clk_IBUF_inst/INBUF_INST/O
                         net (fo=1, routed)           0.000     0.359    clk_IBUF_inst/OUT
    AR14                 IBUFCTRL (Prop_IBUFCTRL_HPIOB_M_I_O)
                                                      0.000     0.359 r  clk_IBUF_inst/IBUFCTRL_INST/O
                         net (fo=1, estimated)        0.287     0.646    clk_IBUF
    BUFGCE_X1Y194        BUFGCE (Prop_BUFCE_BUFGCE_I_O)
                                                      0.024     0.670 r  clk_IBUF_BUFG_inst/O
    X4Y8 (CLOCK_ROOT)    net (fo=958, estimated)      1.006     1.676    demux/CLK
    SLICE_X110Y539       FDRE                                         r  demux/genblk1[80].z_reg[80][4]/C
  -------------------------------------------------------------------    -------------------
    SLICE_X110Y539       FDRE (Prop_CFF_SLICEM_C_Q)
                                                      0.058     1.734 r  demux/genblk1[80].z_reg[80][4]/Q
                         net (fo=1, estimated)        0.129     1.863    genblk1[80].reg_in/D[4]
    SLICE_X110Y541       FDRE                                         r  genblk1[80].reg_in/reg_out_reg[4]/D
  -------------------------------------------------------------------    -------------------

                         (clock virtual_clock rise edge)
                                                      0.000     0.000 r  
    AR14                                              0.000     0.000 r  clk (IN)
                         net (fo=0)                   0.000     0.000    clk_IBUF_inst/I
    AR14                 INBUF (Prop_INBUF_HPIOB_M_PAD_O)
                                                      0.610     0.610 r  clk_IBUF_inst/INBUF_INST/O
                         net (fo=1, routed)           0.000     0.610    clk_IBUF_inst/OUT
    AR14                 IBUFCTRL (Prop_IBUFCTRL_HPIOB_M_I_O)
                                                      0.000     0.610 r  clk_IBUF_inst/IBUFCTRL_INST/O
                         net (fo=1, estimated)        0.323     0.933    clk_IBUF
    BUFGCE_X1Y194        BUFGCE (Prop_BUFCE_BUFGCE_I_O)
                                                      0.028     0.961 r  clk_IBUF_BUFG_inst/O
    X4Y8 (CLOCK_ROOT)    net (fo=958, estimated)      1.229     2.190    genblk1[80].reg_in/CLK
    SLICE_X110Y541       FDRE                                         r  genblk1[80].reg_in/reg_out_reg[4]/C
                         clock pessimism             -0.311     1.879    
    SLICE_X110Y541       FDRE (Hold_EFF_SLICEM_C_D)
                                                      0.060     1.939    genblk1[80].reg_in/reg_out_reg[4]
  -------------------------------------------------------------------
                         required time                         -1.939    
                         arrival time                           1.863    
  -------------------------------------------------------------------
                         slack                                 -0.076    





Pulse Width Checks
--------------------------------------------------------------------------------------
Clock Name:         virtual_clock
Waveform(ns):       { 0.000 2.000 }
Period(ns):         4.000
Sources:            { clk }

Check Type        Corner  Lib Pin   Reference Pin  Required(ns)  Actual(ns)  Slack(ns)  Location        Pin
Min Period        n/a     BUFGCE/I  n/a            1.290         4.000       2.710      BUFGCE_X1Y194   clk_IBUF_BUFG_inst/I
Low Pulse Width   Slow    FDRE/C    n/a            0.275         2.000       1.725      SLICE_X110Y537  genblk1[13].reg_in/reg_out_reg[5]/C
High Pulse Width  Fast    FDRE/C    n/a            0.275         2.000       1.725      SLICE_X106Y526  demux/genblk1[49].z_reg[49][7]/C



