Copyright 1986-2020 Xilinx, Inc. All Rights Reserved.
-------------------------------------------------------------------------------------------------------------------------------------
| Tool Version : Vivado v.2020.1 (lin64) Build 2902540 Wed May 27 19:54:35 MDT 2020
| Date         : Wed Mar 16 00:01:02 2022
| Host         : lepus running 64-bit CentOS Linux release 7.9.2009 (Core)
| Command      : report_pipeline_analysis -file ./output/fc2_47/report/pipeline2.rpt -max_added_latency 2 -include_paths_to_pipeline
| Design       : top
| Device       : xcvu9p-flga2104-2L-e
-------------------------------------------------------------------------------------------------------------------------------------

Pipeline analysis report

1. Report Description and Glossary
----------------------------------

Description:
This report shows a "what-if" analysis of potential Fmax increase as a result of
hypothetically inserting pipeline stages in the design's feed-forward paths. The
entry for Added Latency of 0 reflects the current design performance with no
pipeline stages added.

The -report_loops option shows the slowest path within a sequential feedback loop.
Sequential loops cannot be pipelined. These are paths starting from and ending at
the same sequential cell, and may have zero, one, or more sequential cells in the
feedback path.

Glossary:
Clock : The timing clock of the paths being analyzed for performance increase through pipelining
Added Latency : Number of added pipeline stages
Ideal Fmax : The current Fmax
Ideal Delay : The current minimum clock period
Requirement : The required maximum delay based on the timing constraints
WNS : Requirement minus delay
Added Pipe Reg : Maximum number of pipeline registers to add to the design for the given Added Latency
Total Pipe Reg : Total number of pipeline registers to add to the clock group for the given Added Latency
Pipeline Insertion Startpoint : Cell startpoint of path with longest delay
Pipeline Insertion Endpoint : Cell endpoint of path with longest delay

2. Maximum improvements by stage insertion
------------------------------------------

Intra-Clock Summary
+--------+---------------+------------------+------------------+------------------+-----------+----------------+----------------+------------------------------------------+------------------------------------+
| Clock  | Added Latency | Ideal Fmax (MHz) | Ideal Delay (ns) | Requirement (ns) | WNS (ns)* | Added Pipe Reg | Total Pipe Reg | Pipeline Insertion Startpoint            | Pipeline Insertion Endpoint        |
+--------+---------------+------------------+------------------+------------------+-----------+----------------+----------------+------------------------------------------+------------------------------------+
| vclock |       0       |      195.94      |       5.104      |       5.160      |   0.056   |       n/a      |        0       | reg_out/reg_out[21]_i_1/O                | reg_out/reg_out_reg[14]/R          |
+--------+---------------+------------------+------------------+------------------+-----------+----------------+----------------+------------------------------------------+------------------------------------+
| vclock |       1       |      205.02      |       4.878      |       5.160      |   0.282   |       320      |       320      | conv/add000072/reg_out_reg[21]_i_24/O[2] | conv/add000072/reg_out[16]_i_33/I0 |
+--------+---------------+------------------+------------------+------------------+-----------+----------------+----------------+------------------------------------------+------------------------------------+


* This is estimated WNS value. For the most accurate timing information please 
run report_timing.

Paths to pipeline
+-----------------+----------+----------------+---------------------------------------------+----------------------------------------------+
| Clock/PathGroup | Path Cut | Added Pipe Reg | Startpoint                                  | Endpoint                                     |
+-----------------+----------+----------------+---------------------------------------------+----------------------------------------------+
| vclock/vclock   |     0    |        1       | conv/mul69/z_carry/O[2]                     | conv/add000068/out__115_carry/DI[3]          |
+-----------------+----------+----------------+---------------------------------------------+----------------------------------------------+
| vclock/vclock   |     1    |        1       | conv/mul71/z__0_carry__0/O[2]               | conv/add000068/out__153_carry__0/DI[2]       |
+-----------------+----------+----------------+---------------------------------------------+----------------------------------------------+
| vclock/vclock   |     2    |        1       | genblk1[123].reg_in/out__153_carry__0_i_1/O | conv/add000068/out__153_carry__0/DI[0]       |
+-----------------+----------+----------------+---------------------------------------------+----------------------------------------------+
| vclock/vclock   |     3    |        1       | conv/add000068/out__34_carry/CO[7]          | conv/add000068/out__34_carry__0/CI           |
+-----------------+----------+----------------+---------------------------------------------+----------------------------------------------+
| vclock/vclock   |     4    |        1       | conv/mul73/z__0_carry__0/CO[4]              | conv/add000036/out_carry__0/DI[3]            |
+-----------------+----------+----------------+---------------------------------------------+----------------------------------------------+
| vclock/vclock   |     5    |        1       | conv/add000068/out__153_carry/O[2]          | conv/add000068/out__185_carry_i_5/I1         |
+-----------------+----------+----------------+---------------------------------------------+----------------------------------------------+
| vclock/vclock   |     6    |        1       | conv/add000068/out__153_carry/O[4]          | conv/add000068/out__185_carry_i_3/I1         |
+-----------------+----------+----------------+---------------------------------------------+----------------------------------------------+
| vclock/vclock   |     7    |        1       | conv/add000072/reg_out[21]_i_98/O           | conv/add000072/reg_out_reg[21]_i_56/S[0]     |
+-----------------+----------+----------------+---------------------------------------------+----------------------------------------------+
| vclock/vclock   |     8    |        1       | conv/add000072/reg_out[21]_i_97/O           | conv/add000072/reg_out_reg[21]_i_56/S[1]     |
+-----------------+----------+----------------+---------------------------------------------+----------------------------------------------+
| vclock/vclock   |     9    |        1       | conv/add000072/reg_out[21]_i_96/O           | conv/add000072/reg_out_reg[21]_i_56/S[2]     |
+-----------------+----------+----------------+---------------------------------------------+----------------------------------------------+
| vclock/vclock   |    10    |        1       | conv/add000072/reg_out[21]_i_95/O           | conv/add000072/reg_out_reg[21]_i_56/S[3]     |
+-----------------+----------+----------------+---------------------------------------------+----------------------------------------------+
| vclock/vclock   |    11    |        1       | conv/add000072/reg_out[21]_i_94/O           | conv/add000072/reg_out_reg[21]_i_56/S[4]     |
+-----------------+----------+----------------+---------------------------------------------+----------------------------------------------+
| vclock/vclock   |    12    |        1       | conv/add000072/reg_out[21]_i_93/O           | conv/add000072/reg_out_reg[21]_i_56/S[5]     |
+-----------------+----------+----------------+---------------------------------------------+----------------------------------------------+
| vclock/vclock   |    13    |        1       | conv/add000072/reg_out[21]_i_92/O           | conv/add000072/reg_out_reg[21]_i_56/S[6]     |
+-----------------+----------+----------------+---------------------------------------------+----------------------------------------------+
| vclock/vclock   |    14    |        1       | conv/add000072/reg_out_reg[0]_i_216/O[1]    | conv/add000072/reg_out_reg[21]_i_56/DI[0]    |
+-----------------+----------+----------------+---------------------------------------------+----------------------------------------------+
| vclock/vclock   |    15    |        1       | conv/add000072/reg_out_reg[0]_i_216/O[2]    | conv/add000072/reg_out_reg[21]_i_56/DI[1]    |
+-----------------+----------+----------------+---------------------------------------------+----------------------------------------------+
| vclock/vclock   |    16    |        1       | conv/add000072/reg_out_reg[0]_i_216/O[3]    | conv/add000072/reg_out_reg[21]_i_56/DI[2]    |
+-----------------+----------+----------------+---------------------------------------------+----------------------------------------------+
| vclock/vclock   |    17    |        1       | conv/add000072/reg_out_reg[0]_i_216/O[4]    | conv/add000072/reg_out_reg[21]_i_56/DI[3]    |
+-----------------+----------+----------------+---------------------------------------------+----------------------------------------------+
| vclock/vclock   |    18    |        1       | conv/add000072/reg_out_reg[0]_i_216/O[5]    | conv/add000072/reg_out_reg[21]_i_56/DI[4]    |
+-----------------+----------+----------------+---------------------------------------------+----------------------------------------------+
| vclock/vclock   |    19    |        1       | conv/add000072/reg_out_reg[0]_i_216/O[6]    | conv/add000072/reg_out_reg[21]_i_56/DI[5]    |
+-----------------+----------+----------------+---------------------------------------------+----------------------------------------------+
| vclock/vclock   |    20    |        1       | conv/add000072/reg_out_reg[0]_i_216/O[7]    | conv/add000072/reg_out_reg[21]_i_56/DI[6]    |
+-----------------+----------+----------------+---------------------------------------------+----------------------------------------------+
| vclock/vclock   |    21    |        1       | conv/add000072/reg_out_reg[0]_i_89/CO[7]    | conv/add000072/reg_out_reg[21]_i_56/CI       |
+-----------------+----------+----------------+---------------------------------------------+----------------------------------------------+
| vclock/vclock   |    22    |        1       | conv/add000072/reg_out[21]_i_143/O          | conv/add000072/reg_out_reg[21]_i_119/S[0]    |
+-----------------+----------+----------------+---------------------------------------------+----------------------------------------------+
| vclock/vclock   |    23    |        1       | conv/add000072/reg_out_reg[0]_i_701/CO[5]   | conv/add000072/reg_out_reg[21]_i_119/DI[0]   |
+-----------------+----------+----------------+---------------------------------------------+----------------------------------------------+
| vclock/vclock   |    24    |        1       | conv/add000072/reg_out_reg[0]_i_444/CO[7]   | conv/add000072/reg_out_reg[21]_i_119/CI      |
+-----------------+----------+----------------+---------------------------------------------+----------------------------------------------+
| vclock/vclock   |    25    |        1       | conv/mul73/z__0_carry/O[1]                  | conv/add000072/reg_out[8]_i_9/I1             |
+-----------------+----------+----------------+---------------------------------------------+----------------------------------------------+
| vclock/vclock   |    26    |        1       | conv/add000072/reg_out_reg[0]_i_1/O[4]      | conv/add000072/reg_out_reg[8]_i_1/DI[3]      |
+-----------------+----------+----------------+---------------------------------------------+----------------------------------------------+
| vclock/vclock   |    27    |        1       | conv/add000072/reg_out[21]_i_99/O           | conv/add000072/reg_out_reg[21]_i_65/S[1]     |
+-----------------+----------+----------------+---------------------------------------------+----------------------------------------------+
| vclock/vclock   |    28    |        1       | conv/add000072/reg_out_reg[0]_i_225/O[3]    | conv/add000072/reg_out[21]_i_62/I1           |
+-----------------+----------+----------------+---------------------------------------------+----------------------------------------------+
| vclock/vclock   |    29    |        1       | conv/add000072/reg_out_reg[0]_i_1/O[2]      | conv/add000072/reg_out_reg[8]_i_1/DI[1]      |
+-----------------+----------+----------------+---------------------------------------------+----------------------------------------------+
| vclock/vclock   |    30    |        1       | conv/add000072/reg_out_reg[0]_i_20/O[7]     | conv/add000072/reg_out[16]_i_18/I1           |
+-----------------+----------+----------------+---------------------------------------------+----------------------------------------------+
| vclock/vclock   |    31    |        1       | conv/add000072/reg_out_reg[0]_i_263/O[6]    | conv/add000072/reg_out_reg[21]_i_65/DI[0]    |
+-----------------+----------+----------------+---------------------------------------------+----------------------------------------------+
| vclock/vclock   |    32    |        1       | conv/add000068/out__34_carry/O[1]           | conv/add000068/out__234_carry_i_7/I0         |
+-----------------+----------+----------------+---------------------------------------------+----------------------------------------------+
| vclock/vclock   |    33    |        1       | conv/add000068/out__34_carry/O[4]           | conv/add000068/out__71_carry_i_5/I1          |
+-----------------+----------+----------------+---------------------------------------------+----------------------------------------------+
| vclock/vclock   |    34    |        1       | conv/add000072/reg_out[21]_i_121/O          | conv/add000072/reg_out_reg[21]_i_90/S[1]     |
+-----------------+----------+----------------+---------------------------------------------+----------------------------------------------+
| vclock/vclock   |    35    |        1       | conv/add000072/reg_out_reg[0]_i_1/O[1]      | conv/add000072/reg_out_reg[8]_i_1/DI[0]      |
+-----------------+----------+----------------+---------------------------------------------+----------------------------------------------+
| vclock/vclock   |    36    |        1       | conv/add000072/reg_out_reg[0]_i_1/O[6]      | conv/add000072/reg_out_reg[8]_i_1/DI[5]      |
+-----------------+----------+----------------+---------------------------------------------+----------------------------------------------+
| vclock/vclock   |    37    |        1       | conv/add000072/reg_out_reg[0]_i_2/CO[7]     | conv/add000072/reg_out_reg[16]_i_11/CI       |
+-----------------+----------+----------------+---------------------------------------------+----------------------------------------------+
| vclock/vclock   |    38    |        1       | conv/add000068/out__153_carry/O[1]          | conv/add000068/out__185_carry/DI[2]          |
+-----------------+----------+----------------+---------------------------------------------+----------------------------------------------+
| vclock/vclock   |    39    |        1       | conv/mul69/z_carry__0/CO[1]                 | conv/mul69/out__115_carry__0_i_1/I0          |
+-----------------+----------+----------------+---------------------------------------------+----------------------------------------------+
| vclock/vclock   |    40    |        1       | conv/add000068/out__153_carry/O[3]          | conv/add000068/out__185_carry_i_4/I1         |
+-----------------+----------+----------------+---------------------------------------------+----------------------------------------------+
| vclock/vclock   |    41    |        1       | conv/add000072/reg_out[21]_i_38/O           | conv/add000072/reg_out_reg[21]_i_22/S[2]     |
+-----------------+----------+----------------+---------------------------------------------+----------------------------------------------+
| vclock/vclock   |    42    |        1       | conv/mul71/z__0_carry__0/O[1]               | conv/mul71/out__153_carry__0_i_3/I0          |
+-----------------+----------+----------------+---------------------------------------------+----------------------------------------------+
| vclock/vclock   |    43    |        1       | ctrl_IBUF_inst/IBUFCTRL_INST/O              | genblk1[112].reg_in/reg_out_reg[2]/CE        |
+-----------------+----------+----------------+---------------------------------------------+----------------------------------------------+
| vclock/vclock   |    44    |        1       | conv/mul73/z__0_carry/O[5]                  | conv/add000036/out_carry/DI[1]               |
+-----------------+----------+----------------+---------------------------------------------+----------------------------------------------+
| vclock/vclock   |    45    |        1       | conv/add000068/out__34_carry/O[2]           | genblk1[114].reg_in/out__71_carry_i_7/I3     |
+-----------------+----------+----------------+---------------------------------------------+----------------------------------------------+
| vclock/vclock   |    46    |        1       | ctrl_IBUF_inst/IBUFCTRL_INST/O              | genblk1[114].reg_in/reg_out_reg[7]/CE        |
+-----------------+----------+----------------+---------------------------------------------+----------------------------------------------+
| vclock/vclock   |    47    |        1       | ctrl_IBUF_inst/IBUFCTRL_INST/O              | genblk1[114].reg_in/reg_out_reg[4]/CE        |
+-----------------+----------+----------------+---------------------------------------------+----------------------------------------------+
| vclock/vclock   |    48    |        1       | ctrl_IBUF_inst/IBUFCTRL_INST/O              | genblk1[112].reg_in/reg_out_reg[6]/CE        |
+-----------------+----------+----------------+---------------------------------------------+----------------------------------------------+
| vclock/vclock   |    49    |        1       | ctrl_IBUF_inst/IBUFCTRL_INST/O              | genblk1[112].reg_in/reg_out_reg[3]/CE        |
+-----------------+----------+----------------+---------------------------------------------+----------------------------------------------+
| vclock/vclock   |    50    |        1       | ctrl_IBUF_inst/IBUFCTRL_INST/O              | genblk1[114].reg_in/reg_out_reg[0]/CE        |
+-----------------+----------+----------------+---------------------------------------------+----------------------------------------------+
| vclock/vclock   |    51    |        1       | ctrl_IBUF_inst/IBUFCTRL_INST/O              | genblk1[112].reg_in/reg_out_reg[7]/CE        |
+-----------------+----------+----------------+---------------------------------------------+----------------------------------------------+
| vclock/vclock   |    52    |        1       | ctrl_IBUF_inst/IBUFCTRL_INST/O              | genblk1[114].reg_in/reg_out_reg[2]/CE        |
+-----------------+----------+----------------+---------------------------------------------+----------------------------------------------+
| vclock/vclock   |    53    |        1       | ctrl_IBUF_inst/IBUFCTRL_INST/O              | genblk1[114].reg_in/reg_out_reg[3]/CE        |
+-----------------+----------+----------------+---------------------------------------------+----------------------------------------------+
| vclock/vclock   |    54    |        1       | ctrl_IBUF_inst/IBUFCTRL_INST/O              | genblk1[114].reg_in/reg_out_reg[5]/CE        |
+-----------------+----------+----------------+---------------------------------------------+----------------------------------------------+
| vclock/vclock   |    55    |        1       | conv/add000068/out__34_carry/O[1]           | genblk1[114].reg_in/out__71_carry_i_8/I1     |
+-----------------+----------+----------------+---------------------------------------------+----------------------------------------------+
| vclock/vclock   |    56    |        1       | ctrl_IBUF_inst/IBUFCTRL_INST/O              | genblk1[114].reg_in/reg_out_reg[6]/CE        |
+-----------------+----------+----------------+---------------------------------------------+----------------------------------------------+
| vclock/vclock   |    57    |        1       | ctrl_IBUF_inst/IBUFCTRL_INST/O              | genblk1[112].reg_in/reg_out_reg[1]/CE        |
+-----------------+----------+----------------+---------------------------------------------+----------------------------------------------+
| vclock/vclock   |    58    |        1       | ctrl_IBUF_inst/IBUFCTRL_INST/O              | genblk1[112].reg_in/reg_out_reg[4]/CE        |
+-----------------+----------+----------------+---------------------------------------------+----------------------------------------------+
| vclock/vclock   |    59    |        1       | ctrl_IBUF_inst/IBUFCTRL_INST/O              | genblk1[112].reg_in/reg_out_reg[5]/CE        |
+-----------------+----------+----------------+---------------------------------------------+----------------------------------------------+
| vclock/vclock   |    60    |        1       | ctrl_IBUF_inst/IBUFCTRL_INST/O              | genblk1[112].reg_in/reg_out_reg[0]/CE        |
+-----------------+----------+----------------+---------------------------------------------+----------------------------------------------+
| vclock/vclock   |    61    |        1       | conv/add000072/reg_out_reg[0]_i_445/O[7]    | conv/add000072/reg_out_reg[21]_i_90/DI[0]    |
+-----------------+----------+----------------+---------------------------------------------+----------------------------------------------+
| vclock/vclock   |    62    |        1       | conv/add000072/reg_out_reg[0]_i_1/CO[7]     | conv/add000072/reg_out_reg[16]_i_2/CI        |
+-----------------+----------+----------------+---------------------------------------------+----------------------------------------------+
| vclock/vclock   |    63    |        1       | conv/add000072/reg_out_reg[0]_i_151/CO[7]   | conv/add000072/reg_out_reg[21]_i_69/CI       |
+-----------------+----------+----------------+---------------------------------------------+----------------------------------------------+
| vclock/vclock   |    64    |        1       | conv/mul71/z__0_carry__0/O[2]               | conv/mul71/out__153_carry__0_i_3/I1          |
+-----------------+----------+----------------+---------------------------------------------+----------------------------------------------+
| vclock/vclock   |    65    |        1       | conv/add000072/reg_out[21]_i_37/O           | conv/add000072/reg_out_reg[21]_i_22/S[3]     |
+-----------------+----------+----------------+---------------------------------------------+----------------------------------------------+
| vclock/vclock   |    66    |        1       | conv/add000072/reg_out_reg[0]_i_225/O[5]    | conv/add000072/reg_out[21]_i_60/I1           |
+-----------------+----------+----------------+---------------------------------------------+----------------------------------------------+
| vclock/vclock   |    67    |        1       | conv/add000072/reg_out_reg[0]_i_44/O[3]     | conv/add000072/reg_out_reg[21]_i_22/DI[1]    |
+-----------------+----------+----------------+---------------------------------------------+----------------------------------------------+
| vclock/vclock   |    68    |        1       | x_IBUF[6]_inst/IBUFCTRL_INST/O              | demux/genblk1[125].z_reg[125][6]/D           |
+-----------------+----------+----------------+---------------------------------------------+----------------------------------------------+
| vclock/vclock   |    69    |        1       | demux/genblk1[125].z[125][7]_i_1/O          | demux/genblk1[125].z_reg[125][6]/CE          |
+-----------------+----------+----------------+---------------------------------------------+----------------------------------------------+
| vclock/vclock   |    70    |        1       | x_IBUF[0]_inst/IBUFCTRL_INST/O              | demux/genblk1[125].z_reg[125][0]/D           |
+-----------------+----------+----------------+---------------------------------------------+----------------------------------------------+
| vclock/vclock   |    71    |        1       | demux/genblk1[125].z[125][7]_i_1/O          | demux/genblk1[125].z_reg[125][0]/CE          |
+-----------------+----------+----------------+---------------------------------------------+----------------------------------------------+
| vclock/vclock   |    72    |        1       | x_IBUF[7]_inst/IBUFCTRL_INST/O              | demux/genblk1[125].z_reg[125][7]/D           |
+-----------------+----------+----------------+---------------------------------------------+----------------------------------------------+
| vclock/vclock   |    73    |        1       | x_IBUF[1]_inst/IBUFCTRL_INST/O              | demux/genblk1[125].z_reg[125][1]/D           |
+-----------------+----------+----------------+---------------------------------------------+----------------------------------------------+
| vclock/vclock   |    74    |        1       | demux/genblk1[125].z[125][7]_i_1/O          | demux/genblk1[125].z_reg[125][1]/CE          |
+-----------------+----------+----------------+---------------------------------------------+----------------------------------------------+
| vclock/vclock   |    75    |        1       | demux/genblk1[125].z[125][7]_i_1/O          | demux/genblk1[125].z_reg[125][5]/CE          |
+-----------------+----------+----------------+---------------------------------------------+----------------------------------------------+
| vclock/vclock   |    76    |        1       | x_IBUF[3]_inst/IBUFCTRL_INST/O              | demux/genblk1[125].z_reg[125][3]/D           |
+-----------------+----------+----------------+---------------------------------------------+----------------------------------------------+
| vclock/vclock   |    77    |        1       | x_IBUF[4]_inst/IBUFCTRL_INST/O              | demux/genblk1[125].z_reg[125][4]/D           |
+-----------------+----------+----------------+---------------------------------------------+----------------------------------------------+
| vclock/vclock   |    78    |        1       | demux/genblk1[125].z[125][7]_i_1/O          | demux/genblk1[125].z_reg[125][3]/CE          |
+-----------------+----------+----------------+---------------------------------------------+----------------------------------------------+
| vclock/vclock   |    79    |        1       | demux/genblk1[125].z[125][7]_i_1/O          | demux/genblk1[125].z_reg[125][4]/CE          |
+-----------------+----------+----------------+---------------------------------------------+----------------------------------------------+
| vclock/vclock   |    80    |        1       | demux/genblk1[125].z[125][7]_i_1/O          | demux/genblk1[125].z_reg[125][7]/CE          |
+-----------------+----------+----------------+---------------------------------------------+----------------------------------------------+
| vclock/vclock   |    81    |        1       | demux/genblk1[125].z[125][7]_i_1/O          | demux/genblk1[125].z_reg[125][2]/CE          |
+-----------------+----------+----------------+---------------------------------------------+----------------------------------------------+
| vclock/vclock   |    82    |        1       | x_IBUF[5]_inst/IBUFCTRL_INST/O              | demux/genblk1[125].z_reg[125][5]/D           |
+-----------------+----------+----------------+---------------------------------------------+----------------------------------------------+
| vclock/vclock   |    83    |        1       | x_IBUF[2]_inst/IBUFCTRL_INST/O              | demux/genblk1[125].z_reg[125][2]/D           |
+-----------------+----------+----------------+---------------------------------------------+----------------------------------------------+
| vclock/vclock   |    84    |        1       | conv/add000072/reg_out_reg[0]_i_1/O[5]      | conv/add000072/reg_out_reg[8]_i_1/DI[4]      |
+-----------------+----------+----------------+---------------------------------------------+----------------------------------------------+
| vclock/vclock   |    85    |        1       | conv/add000072/reg_out_reg[0]_i_151/O[7]    | conv/add000072/reg_out[21]_i_34/I1           |
+-----------------+----------+----------------+---------------------------------------------+----------------------------------------------+
| vclock/vclock   |    86    |        1       | conv/add000072/reg_out_reg[0]_i_1/O[5]      | conv/add000072/reg_out[8]_i_5/I0             |
+-----------------+----------+----------------+---------------------------------------------+----------------------------------------------+
| vclock/vclock   |    87    |        1       | conv/add000072/reg_out_reg[0]_i_44/O[6]     | conv/add000072/reg_out_reg[21]_i_22/DI[4]    |
+-----------------+----------+----------------+---------------------------------------------+----------------------------------------------+
| vclock/vclock   |    88    |        1       | conv/add000072/reg_out_reg[0]_i_44/O[2]     | conv/add000072/reg_out_reg[21]_i_22/DI[0]    |
+-----------------+----------+----------------+---------------------------------------------+----------------------------------------------+
| vclock/vclock   |    89    |        1       | conv/add000072/reg_out_reg[0]_i_505/CO[7]   | conv/add000072/reg_out_reg[21]_i_101/DI[0]   |
+-----------------+----------+----------------+---------------------------------------------+----------------------------------------------+
| vclock/vclock   |    90    |        1       | demux/genblk1[112].z[112][7]_i_1/O          | demux/genblk1[112].z_reg[112][7]/CE          |
+-----------------+----------+----------------+---------------------------------------------+----------------------------------------------+
| vclock/vclock   |    91    |        1       | conv/mul66/z_carry__0/O[1]                  | conv/add000068/out__34_carry__0/DI[2]        |
+-----------------+----------+----------------+---------------------------------------------+----------------------------------------------+
| vclock/vclock   |    92    |        1       | conv/add000072/reg_out[21]_i_103/O          | conv/add000072/reg_out_reg[21]_i_69/S[1]     |
+-----------------+----------+----------------+---------------------------------------------+----------------------------------------------+
| vclock/vclock   |    93    |        1       | conv/add000072/reg_out[21]_i_122/O          | conv/add000072/reg_out_reg[21]_i_90/S[0]     |
+-----------------+----------+----------------+---------------------------------------------+----------------------------------------------+
| vclock/vclock   |    94    |        1       | ctrl_IBUF_inst/IBUFCTRL_INST/O              | genblk1[114].reg_in/reg_out_reg[1]/CE        |
+-----------------+----------+----------------+---------------------------------------------+----------------------------------------------+
| vclock/vclock   |    95    |        1       | conv/add000072/reg_out_reg[0]_i_1/O[7]      | conv/add000072/reg_out[8]_i_3/I0             |
+-----------------+----------+----------------+---------------------------------------------+----------------------------------------------+
| vclock/vclock   |    96    |        1       | conv/mul66/z_carry__0/O[2]                  | conv/mul66/out__34_carry__0_i_4/I1           |
+-----------------+----------+----------------+---------------------------------------------+----------------------------------------------+
| vclock/vclock   |    97    |        1       | conv/add000072/reg_out_reg[0]_i_225/O[1]    | conv/add000072/reg_out[21]_i_64/I1           |
+-----------------+----------+----------------+---------------------------------------------+----------------------------------------------+
| vclock/vclock   |    98    |        1       | conv/add000072/reg_out[21]_i_40/O           | conv/add000072/reg_out_reg[21]_i_22/S[0]     |
+-----------------+----------+----------------+---------------------------------------------+----------------------------------------------+
| vclock/vclock   |    99    |        1       | conv/add000072/reg_out_reg[0]_i_44/O[4]     | conv/add000072/reg_out_reg[21]_i_22/DI[2]    |
+-----------------+----------+----------------+---------------------------------------------+----------------------------------------------+
| vclock/vclock   |    100   |        1       | conv/add000072/reg_out_reg[0]_i_1/O[7]      | conv/add000072/reg_out_reg[8]_i_1/DI[6]      |
+-----------------+----------+----------------+---------------------------------------------+----------------------------------------------+
| vclock/vclock   |    101   |        1       | conv/add000072/reg_out_reg[0]_i_142/CO[7]   | conv/add000072/reg_out_reg[21]_i_65/CI       |
+-----------------+----------+----------------+---------------------------------------------+----------------------------------------------+
| vclock/vclock   |    102   |        1       | demux/genblk1[114].z[114][7]_i_1/O          | demux/genblk1[114].z_reg[114][6]/CE          |
+-----------------+----------+----------------+---------------------------------------------+----------------------------------------------+
| vclock/vclock   |    103   |        1       | x_IBUF[7]_inst/IBUFCTRL_INST/O              | demux/genblk1[116].z_reg[116][7]/D           |
+-----------------+----------+----------------+---------------------------------------------+----------------------------------------------+
| vclock/vclock   |    104   |        1       | x_IBUF[2]_inst/IBUFCTRL_INST/O              | demux/genblk1[112].z_reg[112][2]/D           |
+-----------------+----------+----------------+---------------------------------------------+----------------------------------------------+
| vclock/vclock   |    105   |        1       | demux/genblk1[114].z[114][7]_i_1/O          | demux/genblk1[114].z_reg[114][4]/CE          |
+-----------------+----------+----------------+---------------------------------------------+----------------------------------------------+
| vclock/vclock   |    106   |        1       | x_IBUF[6]_inst/IBUFCTRL_INST/O              | demux/genblk1[118].z_reg[118][6]/D           |
+-----------------+----------+----------------+---------------------------------------------+----------------------------------------------+
| vclock/vclock   |    107   |        1       | demux/genblk1[118].z[118][7]_i_1/O          | demux/genblk1[118].z_reg[118][1]/CE          |
+-----------------+----------+----------------+---------------------------------------------+----------------------------------------------+
| vclock/vclock   |    108   |        1       | x_IBUF[7]_inst/IBUFCTRL_INST/O              | demux/genblk1[114].z_reg[114][7]/D           |
+-----------------+----------+----------------+---------------------------------------------+----------------------------------------------+
| vclock/vclock   |    109   |        1       | x_IBUF[2]_inst/IBUFCTRL_INST/O              | demux/genblk1[114].z_reg[114][2]/D           |
+-----------------+----------+----------------+---------------------------------------------+----------------------------------------------+
| vclock/vclock   |    110   |        1       | x_IBUF[7]_inst/IBUFCTRL_INST/O              | demux/genblk1[122].z_reg[122][7]/D           |
+-----------------+----------+----------------+---------------------------------------------+----------------------------------------------+
| vclock/vclock   |    111   |        1       | x_IBUF[5]_inst/IBUFCTRL_INST/O              | demux/genblk1[118].z_reg[118][5]/D           |
+-----------------+----------+----------------+---------------------------------------------+----------------------------------------------+
| vclock/vclock   |    112   |        1       | demux/genblk1[112].z[112][7]_i_1/O          | demux/genblk1[112].z_reg[112][0]/CE          |
+-----------------+----------+----------------+---------------------------------------------+----------------------------------------------+
| vclock/vclock   |    113   |        1       | demux/genblk1[114].z[114][7]_i_1/O          | demux/genblk1[114].z_reg[114][5]/CE          |
+-----------------+----------+----------------+---------------------------------------------+----------------------------------------------+
| vclock/vclock   |    114   |        1       | demux/genblk1[118].z[118][7]_i_1/O          | demux/genblk1[118].z_reg[118][0]/CE          |
+-----------------+----------+----------------+---------------------------------------------+----------------------------------------------+
| vclock/vclock   |    115   |        1       | demux/genblk1[112].z[112][7]_i_1/O          | demux/genblk1[112].z_reg[112][1]/CE          |
+-----------------+----------+----------------+---------------------------------------------+----------------------------------------------+
| vclock/vclock   |    116   |        1       | x_IBUF[4]_inst/IBUFCTRL_INST/O              | demux/genblk1[118].z_reg[118][4]/D           |
+-----------------+----------+----------------+---------------------------------------------+----------------------------------------------+
| vclock/vclock   |    117   |        1       | demux/genblk1[122].z[122][7]_i_1/O          | demux/genblk1[122].z_reg[122][7]/CE          |
+-----------------+----------+----------------+---------------------------------------------+----------------------------------------------+
| vclock/vclock   |    118   |        1       | demux/genblk1[114].z[114][7]_i_1/O          | demux/genblk1[114].z_reg[114][2]/CE          |
+-----------------+----------+----------------+---------------------------------------------+----------------------------------------------+
| vclock/vclock   |    119   |        1       | x_IBUF[0]_inst/IBUFCTRL_INST/O              | demux/genblk1[118].z_reg[118][0]/D           |
+-----------------+----------+----------------+---------------------------------------------+----------------------------------------------+
| vclock/vclock   |    120   |        1       | demux/genblk1[118].z[118][7]_i_1/O          | demux/genblk1[118].z_reg[118][5]/CE          |
+-----------------+----------+----------------+---------------------------------------------+----------------------------------------------+
| vclock/vclock   |    121   |        1       | demux/genblk1[116].z[116][7]_i_1/O          | demux/genblk1[116].z_reg[116][7]/CE          |
+-----------------+----------+----------------+---------------------------------------------+----------------------------------------------+
| vclock/vclock   |    122   |        1       | x_IBUF[6]_inst/IBUFCTRL_INST/O              | demux/genblk1[114].z_reg[114][6]/D           |
+-----------------+----------+----------------+---------------------------------------------+----------------------------------------------+
| vclock/vclock   |    123   |        1       | demux/genblk1[118].z[118][7]_i_1/O          | demux/genblk1[118].z_reg[118][6]/CE          |
+-----------------+----------+----------------+---------------------------------------------+----------------------------------------------+
| vclock/vclock   |    124   |        1       | x_IBUF[3]_inst/IBUFCTRL_INST/O              | demux/genblk1[118].z_reg[118][3]/D           |
+-----------------+----------+----------------+---------------------------------------------+----------------------------------------------+
| vclock/vclock   |    125   |        1       | x_IBUF[1]_inst/IBUFCTRL_INST/O              | demux/genblk1[112].z_reg[112][1]/D           |
+-----------------+----------+----------------+---------------------------------------------+----------------------------------------------+
| vclock/vclock   |    126   |        1       | demux/genblk1[112].z[112][7]_i_1/O          | demux/genblk1[112].z_reg[112][3]/CE          |
+-----------------+----------+----------------+---------------------------------------------+----------------------------------------------+
| vclock/vclock   |    127   |        1       | x_IBUF[3]_inst/IBUFCTRL_INST/O              | demux/genblk1[112].z_reg[112][3]/D           |
+-----------------+----------+----------------+---------------------------------------------+----------------------------------------------+
| vclock/vclock   |    128   |        1       | x_IBUF[4]_inst/IBUFCTRL_INST/O              | demux/genblk1[114].z_reg[114][4]/D           |
+-----------------+----------+----------------+---------------------------------------------+----------------------------------------------+
| vclock/vclock   |    129   |        1       | demux/genblk1[114].z[114][7]_i_1/O          | demux/genblk1[114].z_reg[114][3]/CE          |
+-----------------+----------+----------------+---------------------------------------------+----------------------------------------------+
| vclock/vclock   |    130   |        1       | demux/genblk1[118].z[118][7]_i_1/O          | demux/genblk1[118].z_reg[118][2]/CE          |
+-----------------+----------+----------------+---------------------------------------------+----------------------------------------------+
| vclock/vclock   |    131   |        1       | demux/genblk1[118].z[118][7]_i_1/O          | demux/genblk1[118].z_reg[118][7]/CE          |
+-----------------+----------+----------------+---------------------------------------------+----------------------------------------------+
| vclock/vclock   |    132   |        1       | x_IBUF[1]_inst/IBUFCTRL_INST/O              | demux/genblk1[118].z_reg[118][1]/D           |
+-----------------+----------+----------------+---------------------------------------------+----------------------------------------------+
| vclock/vclock   |    133   |        1       | x_IBUF[7]_inst/IBUFCTRL_INST/O              | demux/genblk1[118].z_reg[118][7]/D           |
+-----------------+----------+----------------+---------------------------------------------+----------------------------------------------+
| vclock/vclock   |    134   |        1       | demux/genblk1[118].z[118][7]_i_1/O          | demux/genblk1[118].z_reg[118][4]/CE          |
+-----------------+----------+----------------+---------------------------------------------+----------------------------------------------+
| vclock/vclock   |    135   |        1       | x_IBUF[3]_inst/IBUFCTRL_INST/O              | demux/genblk1[114].z_reg[114][3]/D           |
+-----------------+----------+----------------+---------------------------------------------+----------------------------------------------+
| vclock/vclock   |    136   |        1       | demux/genblk1[114].z[114][7]_i_1/O          | demux/genblk1[114].z_reg[114][7]/CE          |
+-----------------+----------+----------------+---------------------------------------------+----------------------------------------------+
| vclock/vclock   |    137   |        1       | x_IBUF[0]_inst/IBUFCTRL_INST/O              | demux/genblk1[112].z_reg[112][0]/D           |
+-----------------+----------+----------------+---------------------------------------------+----------------------------------------------+
| vclock/vclock   |    138   |        1       | demux/genblk1[112].z[112][7]_i_1/O          | demux/genblk1[112].z_reg[112][2]/CE          |
+-----------------+----------+----------------+---------------------------------------------+----------------------------------------------+
| vclock/vclock   |    139   |        1       | x_IBUF[2]_inst/IBUFCTRL_INST/O              | demux/genblk1[118].z_reg[118][2]/D           |
+-----------------+----------+----------------+---------------------------------------------+----------------------------------------------+
| vclock/vclock   |    140   |        1       | x_IBUF[0]_inst/IBUFCTRL_INST/O              | demux/genblk1[114].z_reg[114][0]/D           |
+-----------------+----------+----------------+---------------------------------------------+----------------------------------------------+
| vclock/vclock   |    141   |        1       | demux/genblk1[114].z[114][7]_i_1/O          | demux/genblk1[114].z_reg[114][0]/CE          |
+-----------------+----------+----------------+---------------------------------------------+----------------------------------------------+
| vclock/vclock   |    142   |        1       | demux/genblk1[114].z[114][7]_i_1/O          | demux/genblk1[114].z_reg[114][1]/CE          |
+-----------------+----------+----------------+---------------------------------------------+----------------------------------------------+
| vclock/vclock   |    143   |        1       | demux/genblk1[118].z[118][7]_i_1/O          | demux/genblk1[118].z_reg[118][3]/CE          |
+-----------------+----------+----------------+---------------------------------------------+----------------------------------------------+
| vclock/vclock   |    144   |        1       | x_IBUF[1]_inst/IBUFCTRL_INST/O              | demux/genblk1[114].z_reg[114][1]/D           |
+-----------------+----------+----------------+---------------------------------------------+----------------------------------------------+
| vclock/vclock   |    145   |        1       | x_IBUF[5]_inst/IBUFCTRL_INST/O              | demux/genblk1[114].z_reg[114][5]/D           |
+-----------------+----------+----------------+---------------------------------------------+----------------------------------------------+
| vclock/vclock   |    146   |        1       | conv/add000068/out__34_carry/O[2]           | conv/add000068/out__71_carry/DI[1]           |
+-----------------+----------+----------------+---------------------------------------------+----------------------------------------------+
| vclock/vclock   |    147   |        1       | conv/mul69/z_carry/O[7]                     | genblk1[118].reg_in/out__115_carry__0_i_7/I3 |
+-----------------+----------+----------------+---------------------------------------------+----------------------------------------------+
| vclock/vclock   |    148   |        1       | ctrl_IBUF_inst/IBUFCTRL_INST/O              | genblk1[118].reg_in/reg_out_reg[6]/CE        |
+-----------------+----------+----------------+---------------------------------------------+----------------------------------------------+
| vclock/vclock   |    149   |        1       | ctrl_IBUF_inst/IBUFCTRL_INST/O              | genblk1[118].reg_in/reg_out_reg[2]/CE        |
+-----------------+----------+----------------+---------------------------------------------+----------------------------------------------+
| vclock/vclock   |    150   |        1       | conv/mul69/z_carry__0/CO[1]                 | genblk1[118].reg_in/out__115_carry__0_i_3/I3 |
+-----------------+----------+----------------+---------------------------------------------+----------------------------------------------+
| vclock/vclock   |    151   |        1       | conv/mul69/z_carry/O[1]                     | genblk1[118].reg_in/out__115_carry_i_6/I4    |
+-----------------+----------+----------------+---------------------------------------------+----------------------------------------------+
| vclock/vclock   |    152   |        1       | conv/mul69/z_carry/O[4]                     | genblk1[118].reg_in/out__115_carry_i_3/I2    |
+-----------------+----------+----------------+---------------------------------------------+----------------------------------------------+
| vclock/vclock   |    153   |        1       | ctrl_IBUF_inst/IBUFCTRL_INST/O              | genblk1[118].reg_in/reg_out_reg[5]/CE        |
+-----------------+----------+----------------+---------------------------------------------+----------------------------------------------+
| vclock/vclock   |    154   |        1       | ctrl_IBUF_inst/IBUFCTRL_INST/O              | genblk1[118].reg_in/reg_out_reg[1]/CE        |
+-----------------+----------+----------------+---------------------------------------------+----------------------------------------------+
| vclock/vclock   |    155   |        1       | ctrl_IBUF_inst/IBUFCTRL_INST/O              | genblk1[118].reg_in/reg_out_reg[0]/CE        |
+-----------------+----------+----------------+---------------------------------------------+----------------------------------------------+
| vclock/vclock   |    156   |        1       | ctrl_IBUF_inst/IBUFCTRL_INST/O              | genblk1[118].reg_in/reg_out_reg[3]/CE        |
+-----------------+----------+----------------+---------------------------------------------+----------------------------------------------+
| vclock/vclock   |    157   |        1       | conv/mul69/z_carry/O[6]                     | genblk1[118].reg_in/out__115_carry_i_1/I3    |
+-----------------+----------+----------------+---------------------------------------------+----------------------------------------------+
| vclock/vclock   |    158   |        1       | conv/add000068/out__153_carry/O[0]          | genblk1[118].reg_in/out__185_carry_i_7/I1    |
+-----------------+----------+----------------+---------------------------------------------+----------------------------------------------+
| vclock/vclock   |    159   |        1       | conv/mul69/z_carry/O[2]                     | genblk1[118].reg_in/out__115_carry_i_5/I5    |
+-----------------+----------+----------------+---------------------------------------------+----------------------------------------------+
| vclock/vclock   |    160   |        1       | genblk1[120].reg_in/reg_out_reg[0]/Q        | genblk1[118].reg_in/out__115_carry_i_8/I2    |
+-----------------+----------+----------------+---------------------------------------------+----------------------------------------------+
| vclock/vclock   |    161   |        1       | genblk1[120].reg_in/reg_out_reg[0]/Q        | genblk1[118].reg_in/out__185_carry_i_6/I0    |
+-----------------+----------+----------------+---------------------------------------------+----------------------------------------------+
| vclock/vclock   |    162   |        1       | ctrl_IBUF_inst/IBUFCTRL_INST/O              | genblk1[118].reg_in/reg_out_reg[7]/CE        |
+-----------------+----------+----------------+---------------------------------------------+----------------------------------------------+
| vclock/vclock   |    163   |        1       | ctrl_IBUF_inst/IBUFCTRL_INST/O              | genblk1[118].reg_in/reg_out_reg[4]/CE        |
+-----------------+----------+----------------+---------------------------------------------+----------------------------------------------+
| vclock/vclock   |    164   |        1       | conv/mul69/z_carry__0/CO[1]                 | genblk1[118].reg_in/out__115_carry__0_i_4/I3 |
+-----------------+----------+----------------+---------------------------------------------+----------------------------------------------+
| vclock/vclock   |    165   |        1       | conv/mul69/z_carry/O[3]                     | genblk1[118].reg_in/out__115_carry_i_4/I2    |
+-----------------+----------+----------------+---------------------------------------------+----------------------------------------------+
| vclock/vclock   |    166   |        1       | conv/mul69/z_carry__0/O[0]                  | genblk1[118].reg_in/out__115_carry__0_i_6/I3 |
+-----------------+----------+----------------+---------------------------------------------+----------------------------------------------+
| vclock/vclock   |    167   |        1       | conv/add000068/out__153_carry/O[1]          | genblk1[118].reg_in/out__185_carry_i_6/I3    |
+-----------------+----------+----------------+---------------------------------------------+----------------------------------------------+
| vclock/vclock   |    168   |        1       | conv/mul69/z_carry__0/CO[1]                 | genblk1[118].reg_in/out__115_carry__0_i_5/I3 |
+-----------------+----------+----------------+---------------------------------------------+----------------------------------------------+
| vclock/vclock   |    169   |        1       | conv/mul69/z_carry/O[0]                     | genblk1[118].reg_in/out__115_carry_i_7/I3    |
+-----------------+----------+----------------+---------------------------------------------+----------------------------------------------+
| vclock/vclock   |    170   |        1       | conv/mul69/z_carry/O[5]                     | genblk1[118].reg_in/out__115_carry_i_2/I3    |
+-----------------+----------+----------------+---------------------------------------------+----------------------------------------------+
| vclock/vclock   |    171   |        1       | conv/mul66/z_carry__0/O[1]                  | conv/mul66/out__34_carry__0_i_4/I0           |
+-----------------+----------+----------------+---------------------------------------------+----------------------------------------------+
| vclock/vclock   |    172   |        1       | conv/add000072/reg_out_reg[0]_i_225/CO[7]   | conv/add000072/reg_out_reg[21]_i_90/CI       |
+-----------------+----------+----------------+---------------------------------------------+----------------------------------------------+
| vclock/vclock   |    173   |        1       | conv/add000072/reg_out[21]_i_35/O           | conv/add000072/reg_out_reg[21]_i_22/S[5]     |
+-----------------+----------+----------------+---------------------------------------------+----------------------------------------------+
| vclock/vclock   |    174   |        1       | conv/add000072/reg_out_reg[0]_i_1/O[2]      | conv/add000072/reg_out[8]_i_8/I0             |
+-----------------+----------+----------------+---------------------------------------------+----------------------------------------------+
| vclock/vclock   |    175   |        1       | conv/add000072/reg_out_reg[21]_i_102/O[0]   | conv/add000072/reg_out_reg[21]_i_69/DI[0]    |
+-----------------+----------+----------------+---------------------------------------------+----------------------------------------------+
| vclock/vclock   |    176   |        1       | conv/add000072/reg_out_reg[0]_i_1/O[3]      | conv/add000072/reg_out_reg[8]_i_1/DI[2]      |
+-----------------+----------+----------------+---------------------------------------------+----------------------------------------------+
| vclock/vclock   |    177   |        1       | conv/add000072/reg_out_reg[0]_i_225/O[6]    | conv/add000072/reg_out[21]_i_59/I1           |
+-----------------+----------+----------------+---------------------------------------------+----------------------------------------------+
| vclock/vclock   |    178   |        1       | conv/add000072/reg_out_reg[0]_i_1/O[1]      | conv/add000072/reg_out[1]_i_1/I1             |
+-----------------+----------+----------------+---------------------------------------------+----------------------------------------------+
| vclock/vclock   |    179   |        1       | conv/add000072/reg_out_reg[0]_i_32/CO[7]    | conv/add000072/reg_out_reg[21]_i_29/CI       |
+-----------------+----------+----------------+---------------------------------------------+----------------------------------------------+
| vclock/vclock   |    180   |        1       | conv/add000072/reg_out_reg[0]_i_263/CO[7]   | conv/add000072/reg_out_reg[21]_i_65/DI[1]    |
+-----------------+----------+----------------+---------------------------------------------+----------------------------------------------+
| vclock/vclock   |    181   |        1       | conv/mul73/z__0_carry__0/O[1]               | genblk1[125].reg_in/out_carry_i_3__0/I2      |
+-----------------+----------+----------------+---------------------------------------------+----------------------------------------------+
| vclock/vclock   |    182   |        1       | ctrl_IBUF_inst/IBUFCTRL_INST/O              | genblk1[125].reg_in/reg_out_reg[7]/CE        |
+-----------------+----------+----------------+---------------------------------------------+----------------------------------------------+
| vclock/vclock   |    183   |        1       | conv/mul73/z__0_carry/O[5]                  | genblk1[125].reg_in/out_carry_i_7__0/I2      |
+-----------------+----------+----------------+---------------------------------------------+----------------------------------------------+
| vclock/vclock   |    184   |        1       | conv/mul73/z__0_carry__0/O[0]               | genblk1[125].reg_in/out_carry_i_4__0/I5      |
+-----------------+----------+----------------+---------------------------------------------+----------------------------------------------+
| vclock/vclock   |    185   |        1       | conv/mul73/z__0_carry/O[6]                  | genblk1[125].reg_in/out_carry_i_6__0/I3      |
+-----------------+----------+----------------+---------------------------------------------+----------------------------------------------+
| vclock/vclock   |    186   |        1       | conv/mul73/z__0_carry/O[4]                  | genblk1[125].reg_in/out_carry_i_8/I1         |
+-----------------+----------+----------------+---------------------------------------------+----------------------------------------------+
| vclock/vclock   |    187   |        1       | conv/mul73/z__0_carry__0/CO[4]              | genblk1[125].reg_in/out_carry__0_i_6/I3      |
+-----------------+----------+----------------+---------------------------------------------+----------------------------------------------+
| vclock/vclock   |    188   |        1       | conv/mul73/z__0_carry/O[7]                  | genblk1[125].reg_in/out_carry_i_5__0/I4      |
+-----------------+----------+----------------+---------------------------------------------+----------------------------------------------+
| vclock/vclock   |    189   |        1       | conv/mul73/z__0_carry__0/O[2]               | genblk1[125].reg_in/out_carry_i_2__0/I2      |
+-----------------+----------+----------------+---------------------------------------------+----------------------------------------------+
| vclock/vclock   |    190   |        1       | conv/mul73/z__0_carry__0/CO[4]              | genblk1[125].reg_in/out_carry__0_i_4/I3      |
+-----------------+----------+----------------+---------------------------------------------+----------------------------------------------+
| vclock/vclock   |    191   |        1       | conv/mul73/z__0_carry__0/CO[4]              | genblk1[125].reg_in/out_carry__0_i_5/I3      |
+-----------------+----------+----------------+---------------------------------------------+----------------------------------------------+
| vclock/vclock   |    192   |        1       | ctrl_IBUF_inst/IBUFCTRL_INST/O              | genblk1[125].reg_in/reg_out_reg[0]/CE        |
+-----------------+----------+----------------+---------------------------------------------+----------------------------------------------+
| vclock/vclock   |    193   |        1       | conv/mul73/z__0_carry__0/CO[4]              | genblk1[125].reg_in/out_carry__0_i_7/I3      |
+-----------------+----------+----------------+---------------------------------------------+----------------------------------------------+
| vclock/vclock   |    194   |        1       | conv/mul73/z__0_carry__0/O[3]               | genblk1[125].reg_in/out_carry_i_1__0/I3      |
+-----------------+----------+----------------+---------------------------------------------+----------------------------------------------+
| vclock/vclock   |    195   |        1       | ctrl_IBUF_inst/IBUFCTRL_INST/O              | genblk1[122].reg_in/reg_out_reg[7]/CE        |
+-----------------+----------+----------------+---------------------------------------------+----------------------------------------------+
| vclock/vclock   |    196   |        1       | conv/add000072/reg_out[21]_i_100/O          | conv/add000072/reg_out_reg[21]_i_65/S[0]     |
+-----------------+----------+----------------+---------------------------------------------+----------------------------------------------+
| vclock/vclock   |    197   |        1       | ctrl_IBUF_inst/IBUFCTRL_INST/O              | reg_out/reg_out_reg[16]/CE                   |
+-----------------+----------+----------------+---------------------------------------------+----------------------------------------------+
| vclock/vclock   |    198   |        1       | ctrl_IBUF_inst/IBUFCTRL_INST/O              | reg_out/reg_out_reg[0]/CE                    |
+-----------------+----------+----------------+---------------------------------------------+----------------------------------------------+
| vclock/vclock   |    199   |        1       | ctrl_IBUF_inst/IBUFCTRL_INST/O              | reg_out/reg_out_reg[7]/CE                    |
+-----------------+----------+----------------+---------------------------------------------+----------------------------------------------+
| vclock/vclock   |    200   |        1       | ctrl_IBUF_inst/IBUFCTRL_INST/O              | reg_out/reg_out_reg[9]/CE                    |
+-----------------+----------+----------------+---------------------------------------------+----------------------------------------------+
| vclock/vclock   |    201   |        1       | ctrl_IBUF_inst/IBUFCTRL_INST/O              | reg_out/reg_out_reg[2]/CE                    |
+-----------------+----------+----------------+---------------------------------------------+----------------------------------------------+
| vclock/vclock   |    202   |        1       | conv/add000072/reg_out_reg[0]_i_1/O[0]      | reg_out/reg_out_reg[0]/D                     |
+-----------------+----------+----------------+---------------------------------------------+----------------------------------------------+
| vclock/vclock   |    203   |        1       | ctrl_IBUF_inst/IBUFCTRL_INST/O              | reg_out/reg_out_reg[20]/CE                   |
+-----------------+----------+----------------+---------------------------------------------+----------------------------------------------+
| vclock/vclock   |    204   |        1       | ctrl_IBUF_inst/IBUFCTRL_INST/O              | reg_out/reg_out_reg[19]/CE                   |
+-----------------+----------+----------------+---------------------------------------------+----------------------------------------------+
| vclock/vclock   |    205   |        1       | ctrl_IBUF_inst/IBUFCTRL_INST/O              | reg_out/reg_out_reg[13]/CE                   |
+-----------------+----------+----------------+---------------------------------------------+----------------------------------------------+
| vclock/vclock   |    206   |        1       | ctrl_IBUF_inst/IBUFCTRL_INST/O              | reg_out/reg_out_reg[8]/CE                    |
+-----------------+----------+----------------+---------------------------------------------+----------------------------------------------+
| vclock/vclock   |    207   |        1       | ctrl_IBUF_inst/IBUFCTRL_INST/O              | reg_out/reg_out_reg[10]/CE                   |
+-----------------+----------+----------------+---------------------------------------------+----------------------------------------------+
| vclock/vclock   |    208   |        1       | ctrl_IBUF_inst/IBUFCTRL_INST/O              | reg_out/reg_out_reg[18]/CE                   |
+-----------------+----------+----------------+---------------------------------------------+----------------------------------------------+
| vclock/vclock   |    209   |        1       | ctrl_IBUF_inst/IBUFCTRL_INST/O              | reg_out/reg_out_reg[14]/CE                   |
+-----------------+----------+----------------+---------------------------------------------+----------------------------------------------+
| vclock/vclock   |    210   |        1       | ctrl_IBUF_inst/IBUFCTRL_INST/O              | reg_out/reg_out_reg[17]/CE                   |
+-----------------+----------+----------------+---------------------------------------------+----------------------------------------------+
| vclock/vclock   |    211   |        1       | ctrl_IBUF_inst/IBUFCTRL_INST/O              | reg_out/reg_out_reg[15]/CE                   |
+-----------------+----------+----------------+---------------------------------------------+----------------------------------------------+
| vclock/vclock   |    212   |        1       | ctrl_IBUF_inst/IBUFCTRL_INST/O              | reg_out/reg_out_reg[3]/CE                    |
+-----------------+----------+----------------+---------------------------------------------+----------------------------------------------+
| vclock/vclock   |    213   |        1       | ctrl_IBUF_inst/IBUFCTRL_INST/O              | reg_out/reg_out[21]_i_1/I1                   |
+-----------------+----------+----------------+---------------------------------------------+----------------------------------------------+
| vclock/vclock   |    214   |        1       | ctrl_IBUF_inst/IBUFCTRL_INST/O              | reg_out/reg_out_reg[4]/CE                    |
+-----------------+----------+----------------+---------------------------------------------+----------------------------------------------+
| vclock/vclock   |    215   |        1       | ctrl_IBUF_inst/IBUFCTRL_INST/O              | reg_out/reg_out_reg[11]/CE                   |
+-----------------+----------+----------------+---------------------------------------------+----------------------------------------------+
| vclock/vclock   |    216   |        1       | ctrl_IBUF_inst/IBUFCTRL_INST/O              | reg_out/reg_out_reg[6]/CE                    |
+-----------------+----------+----------------+---------------------------------------------+----------------------------------------------+
| vclock/vclock   |    217   |        1       | ctrl_IBUF_inst/IBUFCTRL_INST/O              | reg_out/reg_out_reg[21]/CE                   |
+-----------------+----------+----------------+---------------------------------------------+----------------------------------------------+
| vclock/vclock   |    218   |        1       | ctrl_IBUF_inst/IBUFCTRL_INST/O              | reg_out/reg_out_reg[5]/CE                    |
+-----------------+----------+----------------+---------------------------------------------+----------------------------------------------+
| vclock/vclock   |    219   |        1       | ctrl_IBUF_inst/IBUFCTRL_INST/O              | reg_out/reg_out_reg[1]/CE                    |
+-----------------+----------+----------------+---------------------------------------------+----------------------------------------------+
| vclock/vclock   |    220   |        1       | ctrl_IBUF_inst/IBUFCTRL_INST/O              | reg_out/reg_out_reg[12]/CE                   |
+-----------------+----------+----------------+---------------------------------------------+----------------------------------------------+
| vclock/vclock   |    221   |        1       | conv/add000072/reg_out_reg[0]_i_225/O[2]    | conv/add000072/reg_out[21]_i_63/I1           |
+-----------------+----------+----------------+---------------------------------------------+----------------------------------------------+
| vclock/vclock   |    222   |        1       | conv/add000072/reg_out_reg[0]_i_11/CO[7]    | conv/add000072/reg_out_reg[16]_i_20/CI       |
+-----------------+----------+----------------+---------------------------------------------+----------------------------------------------+
| vclock/vclock   |    223   |        1       | conv/add000072/reg_out_reg[21]_i_24/O[6]    | conv/add000072/reg_out_reg[16]_i_20/DI[7]    |
+-----------------+----------+----------------+---------------------------------------------+----------------------------------------------+
| vclock/vclock   |    224   |        1       | conv/add000072/reg_out_reg[21]_i_24/O[4]    | conv/add000072/reg_out_reg[16]_i_20/DI[5]    |
+-----------------+----------+----------------+---------------------------------------------+----------------------------------------------+
| vclock/vclock   |    225   |        1       | conv/add000072/reg_out_reg[21]_i_24/O[3]    | conv/add000072/reg_out_reg[16]_i_20/DI[4]    |
+-----------------+----------+----------------+---------------------------------------------+----------------------------------------------+
| vclock/vclock   |    226   |        1       | conv/add000072/reg_out_reg[21]_i_24/O[1]    | conv/add000072/reg_out_reg[16]_i_20/DI[2]    |
+-----------------+----------+----------------+---------------------------------------------+----------------------------------------------+
| vclock/vclock   |    227   |        1       | conv/add000072/reg_out_reg[21]_i_24/O[2]    | conv/add000072/reg_out_reg[16]_i_20/DI[3]    |
+-----------------+----------+----------------+---------------------------------------------+----------------------------------------------+
| vclock/vclock   |    228   |        1       | conv/add000072/reg_out_reg[21]_i_24/O[0]    | conv/add000072/reg_out_reg[16]_i_20/DI[1]    |
+-----------------+----------+----------------+---------------------------------------------+----------------------------------------------+
| vclock/vclock   |    229   |        1       | conv/add000072/reg_out[16]_i_29/O           | conv/add000072/reg_out_reg[16]_i_20/S[7]     |
+-----------------+----------+----------------+---------------------------------------------+----------------------------------------------+
| vclock/vclock   |    230   |        1       | conv/add000072/reg_out[16]_i_30/O           | conv/add000072/reg_out_reg[16]_i_20/S[6]     |
+-----------------+----------+----------------+---------------------------------------------+----------------------------------------------+
| vclock/vclock   |    231   |        1       | conv/add000072/reg_out[16]_i_31/O           | conv/add000072/reg_out_reg[16]_i_20/S[5]     |
+-----------------+----------+----------------+---------------------------------------------+----------------------------------------------+
| vclock/vclock   |    232   |        1       | conv/add000072/reg_out[16]_i_32/O           | conv/add000072/reg_out_reg[16]_i_20/S[4]     |
+-----------------+----------+----------------+---------------------------------------------+----------------------------------------------+
| vclock/vclock   |    233   |        1       | conv/add000072/reg_out_reg[21]_i_24/O[5]    | conv/add000072/reg_out_reg[16]_i_20/DI[6]    |
+-----------------+----------+----------------+---------------------------------------------+----------------------------------------------+
| vclock/vclock   |    234   |        1       | conv/add000072/reg_out[16]_i_34/O           | conv/add000072/reg_out_reg[16]_i_20/S[2]     |
+-----------------+----------+----------------+---------------------------------------------+----------------------------------------------+
| vclock/vclock   |    235   |        1       | conv/add000072/reg_out[16]_i_36/O           | conv/add000072/reg_out_reg[16]_i_20/S[0]     |
+-----------------+----------+----------------+---------------------------------------------+----------------------------------------------+
| vclock/vclock   |    236   |        1       | conv/add000072/reg_out[16]_i_35/O           | conv/add000072/reg_out_reg[16]_i_20/S[1]     |
+-----------------+----------+----------------+---------------------------------------------+----------------------------------------------+
| vclock/vclock   |    237   |        1       | conv/add000072/reg_out_reg[0]_i_23/O[7]     | conv/add000072/reg_out_reg[16]_i_20/DI[0]    |
+-----------------+----------+----------------+---------------------------------------------+----------------------------------------------+
| vclock/vclock   |    238   |        1       | conv/add000072/reg_out[16]_i_33/O           | conv/add000072/reg_out_reg[16]_i_20/S[3]     |
+-----------------+----------+----------------+---------------------------------------------+----------------------------------------------+
| vclock/vclock   |    239   |        1       | conv/add000072/reg_out_reg[21]_i_23/O[0]    | conv/add000072/reg_out_reg[21]_i_16/DI[1]    |
+-----------------+----------+----------------+---------------------------------------------+----------------------------------------------+
| vclock/vclock   |    240   |        1       | conv/add000072/reg_out_reg[21]_i_24/O[7]    | conv/add000072/reg_out_reg[21]_i_16/DI[0]    |
+-----------------+----------+----------------+---------------------------------------------+----------------------------------------------+
| vclock/vclock   |    241   |        1       | conv/add000072/reg_out[21]_i_25/O           | conv/add000072/reg_out_reg[21]_i_16/S[2]     |
+-----------------+----------+----------------+---------------------------------------------+----------------------------------------------+
| vclock/vclock   |    242   |        1       | conv/add000072/reg_out[21]_i_26/O           | conv/add000072/reg_out_reg[21]_i_16/S[1]     |
+-----------------+----------+----------------+---------------------------------------------+----------------------------------------------+
| vclock/vclock   |    243   |        1       | conv/add000072/reg_out_reg[21]_i_23/CO[1]   | conv/add000072/reg_out_reg[21]_i_16/DI[2]    |
+-----------------+----------+----------------+---------------------------------------------+----------------------------------------------+
| vclock/vclock   |    244   |        1       | conv/add000072/reg_out[21]_i_27/O           | conv/add000072/reg_out_reg[21]_i_16/S[0]     |
+-----------------+----------+----------------+---------------------------------------------+----------------------------------------------+
| vclock/vclock   |    245   |        1       | conv/add000072/reg_out_reg[21]_i_102/CO[1]  | conv/add000072/reg_out_reg[21]_i_69/DI[1]    |
+-----------------+----------+----------------+---------------------------------------------+----------------------------------------------+
| vclock/vclock   |    246   |        1       | conv/add000068/out__153_carry/O[7]          | conv/add000068/out__185_carry__0_i_9/I1      |
+-----------------+----------+----------------+---------------------------------------------+----------------------------------------------+
| vclock/vclock   |    247   |        1       | conv/mul73/z__0_carry/O[1]                  | conv/add000072/reg_out[1]_i_1/I2             |
+-----------------+----------+----------------+---------------------------------------------+----------------------------------------------+
| vclock/vclock   |    248   |        1       | conv/mul69/z_carry/O[7]                     | conv/add000068/out__115_carry__0/DI[0]       |
+-----------------+----------+----------------+---------------------------------------------+----------------------------------------------+
| vclock/vclock   |    249   |        1       | conv/add000068/out__153_carry/CO[7]         | conv/add000068/out__153_carry__0/CI          |
+-----------------+----------+----------------+---------------------------------------------+----------------------------------------------+
| vclock/vclock   |    250   |        1       | conv/mul69/z_carry__0/O[0]                  | conv/add000068/out__115_carry__0/DI[1]       |
+-----------------+----------+----------------+---------------------------------------------+----------------------------------------------+
| vclock/vclock   |    251   |        1       | conv/add000068/out__153_carry/O[6]          | conv/add000068/out__185_carry_i_1/I1         |
+-----------------+----------+----------------+---------------------------------------------+----------------------------------------------+
| vclock/vclock   |    252   |        1       | conv/mul73/z__0_carry/O[3]                  | conv/add000068/out__284_carry_i_6/I1         |
+-----------------+----------+----------------+---------------------------------------------+----------------------------------------------+
| vclock/vclock   |    253   |        1       | conv/add000072/reg_out_reg[0]_i_20/CO[7]    | conv/add000072/reg_out_reg[21]_i_22/CI       |
+-----------------+----------+----------------+---------------------------------------------+----------------------------------------------+
| vclock/vclock   |    254   |        1       | conv/mul66/z_carry__0/O[2]                  | conv/add000068/out__34_carry__0/DI[3]        |
+-----------------+----------+----------------+---------------------------------------------+----------------------------------------------+
| vclock/vclock   |    255   |        1       | conv/mul69/z_carry/O[4]                     | conv/add000068/out__115_carry/DI[5]          |
+-----------------+----------+----------------+---------------------------------------------+----------------------------------------------+
| vclock/vclock   |    256   |        1       | conv/mul69/z_carry__0/CO[1]                 | conv/add000068/out__115_carry__0/DI[4]       |
+-----------------+----------+----------------+---------------------------------------------+----------------------------------------------+
| vclock/vclock   |    257   |        1       | conv/mul69/z_carry/O[6]                     | conv/add000068/out__115_carry/DI[7]          |
+-----------------+----------+----------------+---------------------------------------------+----------------------------------------------+
| vclock/vclock   |    258   |        1       | conv/mul73/z__0_carry/O[1]                  | conv/add000068/out__284_carry_i_8/I1         |
+-----------------+----------+----------------+---------------------------------------------+----------------------------------------------+
| vclock/vclock   |    259   |        1       | conv/add000068/out__34_carry/O[6]           | conv/add000068/out__71_carry_i_3/I1          |
+-----------------+----------+----------------+---------------------------------------------+----------------------------------------------+
| vclock/vclock   |    260   |        1       | conv/add000072/reg_out_reg[0]_i_272/O[7]    | conv/add000072/reg_out[21]_i_68/I1           |
+-----------------+----------+----------------+---------------------------------------------+----------------------------------------------+
| vclock/vclock   |    261   |        1       | conv/add000072/reg_out_reg[0]_i_1/O[6]      | conv/add000072/reg_out[8]_i_4/I0             |
+-----------------+----------+----------------+---------------------------------------------+----------------------------------------------+
| vclock/vclock   |    262   |        1       | conv/mul69/z_carry/O[5]                     | conv/add000068/out__115_carry/DI[6]          |
+-----------------+----------+----------------+---------------------------------------------+----------------------------------------------+
| vclock/vclock   |    263   |        1       | conv/mul69/z_carry/O[3]                     | conv/add000068/out__115_carry/DI[4]          |
+-----------------+----------+----------------+---------------------------------------------+----------------------------------------------+
| vclock/vclock   |    264   |        1       | conv/mul73/z__0_carry/O[2]                  | conv/add000068/out__284_carry_i_7/I1         |
+-----------------+----------+----------------+---------------------------------------------+----------------------------------------------+
| vclock/vclock   |    265   |        1       | conv/add000068/out__34_carry/O[7]           | conv/add000068/out__71_carry_i_2/I1          |
+-----------------+----------+----------------+---------------------------------------------+----------------------------------------------+
| vclock/vclock   |    266   |        1       | conv/mul71/out__153_carry__0_i_2/O          | conv/add000068/out__153_carry__0/S[2]        |
+-----------------+----------+----------------+---------------------------------------------+----------------------------------------------+
| vclock/vclock   |    267   |        1       | conv/add000068/out__34_carry/O[5]           | conv/add000068/out__71_carry_i_4/I1          |
+-----------------+----------+----------------+---------------------------------------------+----------------------------------------------+
| vclock/vclock   |    268   |        1       | conv/add000072/reg_out_reg[0]_i_32/O[7]     | conv/add000072/reg_out[16]_i_28/I1           |
+-----------------+----------+----------------+---------------------------------------------+----------------------------------------------+
| vclock/vclock   |    269   |        1       | conv/mul71/z__0_carry__0/O[1]               | conv/mul71/out__153_carry__0_i_4/I0          |
+-----------------+----------+----------------+---------------------------------------------+----------------------------------------------+
| vclock/vclock   |    270   |        1       | conv/add000072/reg_out_reg[0]_i_1/O[3]      | conv/add000072/reg_out[8]_i_7/I0             |
+-----------------+----------+----------------+---------------------------------------------+----------------------------------------------+
| vclock/vclock   |    271   |        1       | conv/add000072/reg_out_reg[21]_i_120/CO[0]  | conv/add000072/reg_out_reg[21]_i_90/DI[1]    |
+-----------------+----------+----------------+---------------------------------------------+----------------------------------------------+
| vclock/vclock   |    272   |        1       | conv/add000072/reg_out_reg[0]_i_225/O[4]    | conv/add000072/reg_out[21]_i_61/I1           |
+-----------------+----------+----------------+---------------------------------------------+----------------------------------------------+
| vclock/vclock   |    273   |        1       | conv/add000072/reg_out_reg[0]_i_225/O[7]    | conv/add000072/reg_out[21]_i_58/I1           |
+-----------------+----------+----------------+---------------------------------------------+----------------------------------------------+
| vclock/vclock   |    274   |        1       | conv/add000072/reg_out[21]_i_39/O           | conv/add000072/reg_out_reg[21]_i_22/S[1]     |
+-----------------+----------+----------------+---------------------------------------------+----------------------------------------------+
| vclock/vclock   |    275   |        1       | conv/add000072/reg_out[21]_i_123/O          | conv/add000072/reg_out_reg[21]_i_101/S[0]    |
+-----------------+----------+----------------+---------------------------------------------+----------------------------------------------+
| vclock/vclock   |    276   |        1       | conv/add000072/reg_out_reg[0]_i_44/O[7]     | conv/add000072/reg_out_reg[21]_i_22/DI[5]    |
+-----------------+----------+----------------+---------------------------------------------+----------------------------------------------+
| vclock/vclock   |    277   |        1       | conv/add000068/out__153_carry/O[5]          | conv/add000068/out__185_carry_i_2/I1         |
+-----------------+----------+----------------+---------------------------------------------+----------------------------------------------+
| vclock/vclock   |    278   |        1       | conv/mul69/z_carry/O[0]                     | conv/add000068/out__115_carry/DI[1]          |
+-----------------+----------+----------------+---------------------------------------------+----------------------------------------------+
| vclock/vclock   |    279   |        1       | conv/mul66/z_carry__0/O[3]                  | conv/add000068/out__34_carry__0/DI[4]        |
+-----------------+----------+----------------+---------------------------------------------+----------------------------------------------+
| vclock/vclock   |    280   |        1       | conv/mul73/z__0_carry__0/O[3]               | conv/add000036/out_carry/DI[7]               |
+-----------------+----------+----------------+---------------------------------------------+----------------------------------------------+
| vclock/vclock   |    281   |        1       | demux/genblk1[112].z[112][7]_i_1/O          | demux/genblk1[112].z_reg[112][4]/CE          |
+-----------------+----------+----------------+---------------------------------------------+----------------------------------------------+
| vclock/vclock   |    282   |        1       | x_IBUF[6]_inst/IBUFCTRL_INST/O              | demux/genblk1[112].z_reg[112][6]/D           |
+-----------------+----------+----------------+---------------------------------------------+----------------------------------------------+
| vclock/vclock   |    283   |        1       | demux/genblk1[112].z[112][7]_i_1/O          | demux/genblk1[112].z_reg[112][6]/CE          |
+-----------------+----------+----------------+---------------------------------------------+----------------------------------------------+
| vclock/vclock   |    284   |        1       | conv/mul73/z__0_carry/O[7]                  | conv/add000036/out_carry/DI[3]               |
+-----------------+----------+----------------+---------------------------------------------+----------------------------------------------+
| vclock/vclock   |    285   |        1       | demux/genblk1[112].z[112][7]_i_1/O          | demux/genblk1[112].z_reg[112][5]/CE          |
+-----------------+----------+----------------+---------------------------------------------+----------------------------------------------+
| vclock/vclock   |    286   |        1       | x_IBUF[5]_inst/IBUFCTRL_INST/O              | demux/genblk1[112].z_reg[112][5]/D           |
+-----------------+----------+----------------+---------------------------------------------+----------------------------------------------+
| vclock/vclock   |    287   |        1       | x_IBUF[4]_inst/IBUFCTRL_INST/O              | demux/genblk1[112].z_reg[112][4]/D           |
+-----------------+----------+----------------+---------------------------------------------+----------------------------------------------+
| vclock/vclock   |    288   |        1       | conv/mul73/z__0_carry/O[6]                  | conv/add000036/out_carry/DI[2]               |
+-----------------+----------+----------------+---------------------------------------------+----------------------------------------------+
| vclock/vclock   |    289   |        1       | x_IBUF[7]_inst/IBUFCTRL_INST/O              | demux/genblk1[112].z_reg[112][7]/D           |
+-----------------+----------+----------------+---------------------------------------------+----------------------------------------------+
| vclock/vclock   |    290   |        1       | conv/mul73/z__0_carry__0/O[1]               | conv/add000036/out_carry/DI[5]               |
+-----------------+----------+----------------+---------------------------------------------+----------------------------------------------+
| vclock/vclock   |    291   |        1       | conv/mul73/z__0_carry__0/O[2]               | conv/add000036/out_carry/DI[6]               |
+-----------------+----------+----------------+---------------------------------------------+----------------------------------------------+
| vclock/vclock   |    292   |        1       | conv/mul73/z__0_carry__0/O[0]               | conv/add000036/out_carry/DI[4]               |
+-----------------+----------+----------------+---------------------------------------------+----------------------------------------------+
| vclock/vclock   |    293   |        1       | conv/mul66/out__34_carry__0_i_3/O           | conv/add000068/out__34_carry__0/S[3]         |
+-----------------+----------+----------------+---------------------------------------------+----------------------------------------------+
| vclock/vclock   |    294   |        1       | conv/mul71/z__0_carry__0/O[1]               | conv/add000068/out__153_carry__0/DI[1]       |
+-----------------+----------+----------------+---------------------------------------------+----------------------------------------------+
| vclock/vclock   |    295   |        1       | conv/add000068/out__34_carry/O[3]           | conv/add000068/out__71_carry_i_6/I1          |
+-----------------+----------+----------------+---------------------------------------------+----------------------------------------------+
| vclock/vclock   |    296   |        1       | conv/mul73/z__0_carry/O[4]                  | conv/add000068/out__284_carry_i_5/I1         |
+-----------------+----------+----------------+---------------------------------------------+----------------------------------------------+
| vclock/vclock   |    297   |        1       | conv/mul66/out__34_carry__0_i_2/O           | conv/add000068/out__34_carry__0/S[4]         |
+-----------------+----------+----------------+---------------------------------------------+----------------------------------------------+
| vclock/vclock   |    298   |        1       | genblk1[120].reg_in/reg_out_reg[0]/Q        | conv/add000068/out__115_carry/DI[0]          |
+-----------------+----------+----------------+---------------------------------------------+----------------------------------------------+
| vclock/vclock   |    299   |        1       | conv/mul69/z_carry/O[1]                     | conv/add000068/out__115_carry/DI[2]          |
+-----------------+----------+----------------+---------------------------------------------+----------------------------------------------+
| vclock/vclock   |    300   |        1       | conv/add000072/reg_out_reg[0]_i_1/O[1]      | conv/add000072/reg_out[8]_i_9/I0             |
+-----------------+----------+----------------+---------------------------------------------+----------------------------------------------+
| vclock/vclock   |    301   |        1       | conv/add000072/reg_out_reg[0]_i_44/O[5]     | conv/add000072/reg_out_reg[21]_i_22/DI[3]    |
+-----------------+----------+----------------+---------------------------------------------+----------------------------------------------+
| vclock/vclock   |    302   |        1       | conv/add000072/reg_out_reg[0]_i_272/CO[7]   | conv/add000072/reg_out_reg[21]_i_101/CI      |
+-----------------+----------+----------------+---------------------------------------------+----------------------------------------------+
| vclock/vclock   |    303   |        1       | conv/add000072/reg_out[21]_i_36/O           | conv/add000072/reg_out_reg[21]_i_22/S[4]     |
+-----------------+----------+----------------+---------------------------------------------+----------------------------------------------+
| vclock/vclock   |    304   |        1       | conv/add000072/reg_out_reg[0]_i_44/CO[7]    | conv/add000072/reg_out_reg[21]_i_30/CI       |
+-----------------+----------+----------------+---------------------------------------------+----------------------------------------------+
| vclock/vclock   |    305   |        1       | conv/mul66/z_carry__0/O[0]                  | genblk1[116].reg_in/out__34_carry__0_i_6/I1  |
+-----------------+----------+----------------+---------------------------------------------+----------------------------------------------+
| vclock/vclock   |    306   |        1       | ctrl_IBUF_inst/IBUFCTRL_INST/O              | genblk1[116].reg_in/reg_out_reg[7]/CE        |
+-----------------+----------+----------------+---------------------------------------------+----------------------------------------------+
| vclock/vclock   |    307   |        1       | conv/mul66/z_carry__0/O[1]                  | genblk1[116].reg_in/out__34_carry__0_i_5/I1  |
+-----------------+----------+----------------+---------------------------------------------+----------------------------------------------+
| vclock/vclock   |    308   |        1       | conv/add000072/reg_out[21]_i_104/O          | conv/add000072/reg_out_reg[21]_i_69/S[0]     |
+-----------------+----------+----------------+---------------------------------------------+----------------------------------------------+
| vclock/vclock   |    309   |        1       | conv/add000072/reg_out_reg[0]_i_1/O[4]      | conv/add000072/reg_out[8]_i_6/I0             |
+-----------------+----------+----------------+---------------------------------------------+----------------------------------------------+
| vclock/vclock   |    310   |        1       | conv/add000072/reg_out_reg[0]_i_20/O[6]     | conv/add000072/reg_out[16]_i_19/I1           |
+-----------------+----------+----------------+---------------------------------------------+----------------------------------------------+
| vclock/vclock   |    311   |        1       | ctrl_IBUF_inst/IBUFCTRL_INST/O              | genblk1[125].reg_in/reg_out_reg[3]/CE        |
+-----------------+----------+----------------+---------------------------------------------+----------------------------------------------+
| vclock/vclock   |    312   |        1       | ctrl_IBUF_inst/IBUFCTRL_INST/O              | genblk1[125].reg_in/reg_out_reg[5]/CE        |
+-----------------+----------+----------------+---------------------------------------------+----------------------------------------------+
| vclock/vclock   |    313   |        1       | ctrl_IBUF_inst/IBUFCTRL_INST/O              | genblk1[125].reg_in/reg_out_reg[2]/CE        |
+-----------------+----------+----------------+---------------------------------------------+----------------------------------------------+
| vclock/vclock   |    314   |        1       | ctrl_IBUF_inst/IBUFCTRL_INST/O              | genblk1[125].reg_in/reg_out_reg[4]/CE        |
+-----------------+----------+----------------+---------------------------------------------+----------------------------------------------+
| vclock/vclock   |    315   |        1       | ctrl_IBUF_inst/IBUFCTRL_INST/O              | genblk1[125].reg_in/reg_out_reg[6]/CE        |
+-----------------+----------+----------------+---------------------------------------------+----------------------------------------------+
| vclock/vclock   |    316   |        1       | ctrl_IBUF_inst/IBUFCTRL_INST/O              | genblk1[125].reg_in/reg_out_reg[1]/CE        |
+-----------------+----------+----------------+---------------------------------------------+----------------------------------------------+
| vclock/vclock   |    317   |        1       | conv/add000072/reg_out[21]_i_118/O          | conv/add000072/reg_out_reg[21]_i_88/S[0]     |
+-----------------+----------+----------------+---------------------------------------------+----------------------------------------------+
| vclock/vclock   |    318   |        1       | conv/add000072/reg_out_reg[0]_i_435/CO[6]   | conv/add000072/reg_out_reg[21]_i_88/DI[0]    |
+-----------------+----------+----------------+---------------------------------------------+----------------------------------------------+
| vclock/vclock   |    319   |        1       | conv/add000072/reg_out_reg[0]_i_216/CO[7]   | conv/add000072/reg_out_reg[21]_i_88/CI       |
+-----------------+----------+----------------+---------------------------------------------+----------------------------------------------+


