Copyright 1986-2020 Xilinx, Inc. All Rights Reserved.
-------------------------------------------------------------------------------------------------------
| Tool Version      : Vivado v.2020.1 (lin64) Build 2902540 Wed May 27 19:54:35 MDT 2020
| Date              : Wed Mar 16 05:42:52 2022
| Host              : lepus running 64-bit CentOS Linux release 7.9.2009 (Core)
| Command           : report_timing_summary -file ./output/fc2_80/report/timing-summary-post-place.rpt
| Design            : top
| Device            : xcvu9p-flga2104
| Speed File        : -2L  PRODUCTION 1.27 02-28-2020
| Temperature Grade : E
-------------------------------------------------------------------------------------------------------

Timing Summary Report

------------------------------------------------------------------------------------------------
| Timer Settings
| --------------
------------------------------------------------------------------------------------------------

  Enable Multi Corner Analysis               :  Yes
  Enable Pessimism Removal                   :  Yes
  Pessimism Removal Resolution               :  Nearest Common Node
  Enable Input Delay Default Clock           :  No
  Enable Preset / Clear Arcs                 :  No
  Disable Flight Delays                      :  No
  Ignore I/O Paths                           :  No
  Timing Early Launch at Borrowing Latches   :  No
  Borrow Time for Max Delay Exceptions       :  Yes
  Merge Timing Exceptions                    :  Yes

  Corner  Analyze    Analyze    
  Name    Max Paths  Min Paths  
  ------  ---------  ---------  
  Slow    Yes        Yes        
  Fast    Yes        Yes        



check_timing report

Table of Contents
-----------------
1. checking no_clock (0)
2. checking constant_clock (0)
3. checking pulse_width_clock (0)
4. checking unconstrained_internal_endpoints (0)
5. checking no_input_delay (10)
6. checking no_output_delay (22)
7. checking multiple_clock (0)
8. checking generated_clocks (0)
9. checking loops (0)
10. checking partial_input_delay (0)
11. checking partial_output_delay (0)
12. checking latch_loops (0)

1. checking no_clock (0)
------------------------
 There are 0 register/latch pins with no clock.


2. checking constant_clock (0)
------------------------------
 There are 0 register/latch pins with constant_clock.


3. checking pulse_width_clock (0)
---------------------------------
 There are 0 register/latch pins which need pulse_width check


4. checking unconstrained_internal_endpoints (0)
------------------------------------------------
 There are 0 pins that are not constrained for maximum delay.

 There are 0 pins that are not constrained for maximum delay due to constant clock.


5. checking no_input_delay (10)
-------------------------------
 There are 10 input ports with no input delay specified. (HIGH)

 There are 0 input ports with no input delay but user has a false path constraint.


6. checking no_output_delay (22)
--------------------------------
 There are 22 ports with no output delay specified. (HIGH)

 There are 0 ports with no output delay but user has a false path constraint

 There are 0 ports with no output delay but with a timing clock defined on it or propagating through it


7. checking multiple_clock (0)
------------------------------
 There are 0 register/latch pins with multiple clocks.


8. checking generated_clocks (0)
--------------------------------
 There are 0 generated clocks that are not connected to a clock source.


9. checking loops (0)
---------------------
 There are 0 combinational loops in the design.


10. checking partial_input_delay (0)
------------------------------------
 There are 0 input ports with partial input delay specified.


11. checking partial_output_delay (0)
-------------------------------------
 There are 0 ports with partial output delay specified.


12. checking latch_loops (0)
----------------------------
 There are 0 combinational latch loops in the design through latch input



------------------------------------------------------------------------------------------------
| Design Timing Summary
| ---------------------
------------------------------------------------------------------------------------------------

    WNS(ns)      TNS(ns)  TNS Failing Endpoints  TNS Total Endpoints      WHS(ns)      THS(ns)  THS Failing Endpoints  THS Total Endpoints     WPWS(ns)     TPWS(ns)  TPWS Failing Endpoints  TPWS Total Endpoints  
    -------      -------  ---------------------  -------------------      -------      -------  ---------------------  -------------------     --------     --------  ----------------------  --------------------  
     -0.967      -26.975                     41                 1171       -0.032       -0.315                     18                 1171        1.725        0.000                       0                  1151  


Timing constraints are not met.


------------------------------------------------------------------------------------------------
| Clock Summary
| -------------
------------------------------------------------------------------------------------------------

Clock          Waveform(ns)         Period(ns)      Frequency(MHz)
-----          ------------         ----------      --------------
virtual_clock  {0.000 2.000}        4.000           250.000         


------------------------------------------------------------------------------------------------
| Intra Clock Table
| -----------------
------------------------------------------------------------------------------------------------

Clock              WNS(ns)      TNS(ns)  TNS Failing Endpoints  TNS Total Endpoints      WHS(ns)      THS(ns)  THS Failing Endpoints  THS Total Endpoints     WPWS(ns)     TPWS(ns)  TPWS Failing Endpoints  TPWS Total Endpoints  
-----              -------      -------  ---------------------  -------------------      -------      -------  ---------------------  -------------------     --------     --------  ----------------------  --------------------  
virtual_clock       -0.967      -26.975                     41                 1171       -0.032       -0.315                     18                 1171        1.725        0.000                       0                  1151  


------------------------------------------------------------------------------------------------
| Inter Clock Table
| -----------------
------------------------------------------------------------------------------------------------

From Clock    To Clock          WNS(ns)      TNS(ns)  TNS Failing Endpoints  TNS Total Endpoints      WHS(ns)      THS(ns)  THS Failing Endpoints  THS Total Endpoints  
----------    --------          -------      -------  ---------------------  -------------------      -------      -------  ---------------------  -------------------  


------------------------------------------------------------------------------------------------
| Other Path Groups Table
| -----------------------
------------------------------------------------------------------------------------------------

Path Group    From Clock    To Clock          WNS(ns)      TNS(ns)  TNS Failing Endpoints  TNS Total Endpoints      WHS(ns)      THS(ns)  THS Failing Endpoints  THS Total Endpoints  
----------    ----------    --------          -------      -------  ---------------------  -------------------      -------      -------  ---------------------  -------------------  


------------------------------------------------------------------------------------------------
| Timing Details
| --------------
------------------------------------------------------------------------------------------------


---------------------------------------------------------------------------------------------------
From Clock:  virtual_clock
  To Clock:  virtual_clock

Setup :           41  Failing Endpoints,  Worst Slack       -0.967ns,  Total Violation      -26.975ns
Hold  :           18  Failing Endpoints,  Worst Slack       -0.032ns,  Total Violation       -0.315ns
PW    :            0  Failing Endpoints,  Worst Slack        1.725ns,  Total Violation        0.000ns
---------------------------------------------------------------------------------------------------


Max Delay Paths
--------------------------------------------------------------------------------------
Slack (VIOLATED) :        -0.967ns  (required time - arrival time)
  Source:                 genblk1[72].reg_in/reg_out_reg[1]/C
                            (rising edge-triggered cell FDRE clocked by virtual_clock  {rise@0.000ns fall@2.000ns period=4.000ns})
  Destination:            reg_out/reg_out_reg[18]/R
                            (rising edge-triggered cell FDRE clocked by virtual_clock  {rise@0.000ns fall@2.000ns period=4.000ns})
  Path Group:             virtual_clock
  Path Type:              Setup (Max at Slow Process Corner)
  Requirement:            4.000ns  (virtual_clock rise@4.000ns - virtual_clock rise@0.000ns)
  Data Path Delay:        4.748ns  (logic 1.959ns (41.259%)  route 2.789ns (58.741%))
  Logic Levels:           21  (CARRY8=11 LUT2=8 LUT3=1 LUT4=1)
  Clock Path Skew:        -0.109ns (DCD - SCD + CPR)
    Destination Clock Delay (DCD):    1.340ns = ( 5.340 - 4.000 ) 
    Source Clock Delay      (SCD):    1.772ns
    Clock Pessimism Removal (CPR):    0.323ns
  Clock Uncertainty:      0.035ns  ((TSJ^2 + TIJ^2)^1/2 + DJ) / 2 + PE
    Total System Jitter     (TSJ):    0.071ns
    Total Input Jitter      (TIJ):    0.000ns
    Discrete Jitter          (DJ):    0.000ns
    Phase Error              (PE):    0.000ns
  Clock Net Delay (Source):      0.826ns (routing 0.000ns, distribution 0.826ns)
  Clock Net Delay (Destination): 0.684ns (routing 0.000ns, distribution 0.684ns)

    Location             Delay type                Incr(ns)  Path(ns)    Netlist Resource(s)
  -------------------------------------------------------------------    -------------------
                         (clock virtual_clock rise edge)
                                                      0.000     0.000 r  
    AP13                                              0.000     0.000 r  clk (IN)
                         net (fo=0)                   0.000     0.000    clk_IBUF_inst/I
    AP13                 INBUF (Prop_INBUF_HPIOB_M_PAD_O)
                                                      0.595     0.595 r  clk_IBUF_inst/INBUF_INST/O
                         net (fo=1, routed)           0.000     0.595    clk_IBUF_inst/OUT
    AP13                 IBUFCTRL (Prop_IBUFCTRL_HPIOB_M_I_O)
                                                      0.000     0.595 r  clk_IBUF_inst/IBUFCTRL_INST/O
                         net (fo=1, estimated)        0.323     0.918    clk_IBUF
    BUFGCE_X1Y194        BUFGCE (Prop_BUFCE_BUFGCE_I_O)
                                                      0.028     0.946 r  clk_IBUF_BUFG_inst/O
    X4Y8 (CLOCK_ROOT)    net (fo=1150, estimated)     0.826     1.772    genblk1[72].reg_in/clk_IBUF_BUFG
    SLICE_X128Y502       FDRE                                         r  genblk1[72].reg_in/reg_out_reg[1]/C
  -------------------------------------------------------------------    -------------------
    SLICE_X128Y502       FDRE (Prop_FFF_SLICEL_C_Q)
                                                      0.079     1.851 f  genblk1[72].reg_in/reg_out_reg[1]/Q
                         net (fo=4, estimated)        0.103     1.954    genblk1[72].reg_in/Q[1]
    SLICE_X127Y502       LUT3 (Prop_E6LUT_SLICEM_I0_O)
                                                      0.091     2.045 r  genblk1[72].reg_in/z_carry_i_3__0/O
                         net (fo=2, estimated)        0.094     2.139    genblk1[72].reg_in/reg_out_reg[5]_0[1]
    SLICE_X128Y502       LUT4 (Prop_F6LUT_SLICEL_I0_O)
                                                      0.123     2.262 r  genblk1[72].reg_in/z_carry_i_7__0/O
                         net (fo=1, routed)           0.011     2.273    conv/mul45/S[5]
    SLICE_X128Y502       CARRY8 (Prop_CARRY8_SLICEL_S[5]_CO[7])
                                                      0.155     2.428 r  conv/mul45/z_carry/CO[7]
                         net (fo=1, estimated)        0.026     2.454    conv/mul45/z_carry_n_0
    SLICE_X128Y503       CARRY8 (Prop_CARRY8_SLICEL_CI_O[0])
                                                      0.056     2.510 r  conv/mul45/z_carry__0/O[0]
                         net (fo=1, estimated)        0.221     2.731    conv/add000068/tmp00[45]_13[8]
    SLICE_X128Y501       LUT2 (Prop_B6LUT_SLICEL_I1_O)
                                                      0.036     2.767 r  conv/add000068/reg_out[1]_i_941/O
                         net (fo=1, routed)           0.009     2.776    conv/add000068/reg_out[1]_i_941_n_0
    SLICE_X128Y501       CARRY8 (Prop_CARRY8_SLICEL_S[1]_O[5])
                                                      0.233     3.009 r  conv/add000068/reg_out_reg[1]_i_745/O[5]
                         net (fo=2, estimated)        0.229     3.238    conv/add000068/reg_out_reg[1]_i_745_n_10
    SLICE_X129Y501       LUT2 (Prop_G6LUT_SLICEM_I0_O)
                                                      0.037     3.275 r  conv/add000068/reg_out[1]_i_747/O
                         net (fo=1, routed)           0.016     3.291    conv/add000068/reg_out[1]_i_747_n_0
    SLICE_X129Y501       CARRY8 (Prop_CARRY8_SLICEM_S[6]_CO[7])
                                                      0.117     3.408 r  conv/add000068/reg_out_reg[1]_i_550/CO[7]
                         net (fo=1, estimated)        0.026     3.434    conv/add000068/reg_out_reg[1]_i_550_n_0
    SLICE_X129Y502       CARRY8 (Prop_CARRY8_SLICEM_CI_O[0])
                                                      0.056     3.490 r  conv/add000068/reg_out_reg[1]_i_684/O[0]
                         net (fo=1, estimated)        0.452     3.942    conv/add000068/reg_out_reg[1]_i_684_n_15
    SLICE_X120Y501       LUT2 (Prop_H6LUT_SLICEL_I1_O)
                                                      0.036     3.978 r  conv/add000068/reg_out[1]_i_437/O
                         net (fo=1, routed)           0.010     3.988    conv/add000068/reg_out[1]_i_437_n_0
    SLICE_X120Y501       CARRY8 (Prop_CARRY8_SLICEL_S[7]_CO[7])
                                                      0.115     4.103 r  conv/add000068/reg_out_reg[1]_i_215/CO[7]
                         net (fo=1, estimated)        0.026     4.129    conv/add000068/reg_out_reg[1]_i_215_n_0
    SLICE_X120Y502       CARRY8 (Prop_CARRY8_SLICEL_CI_O[0])
                                                      0.056     4.185 r  conv/add000068/reg_out_reg[21]_i_100/O[0]
                         net (fo=1, estimated)        0.375     4.560    conv/add000068/reg_out_reg[21]_i_100_n_15
    SLICE_X122Y501       LUT2 (Prop_B6LUT_SLICEL_I1_O)
                                                      0.036     4.596 r  conv/add000068/reg_out[21]_i_59/O
                         net (fo=1, routed)           0.009     4.605    conv/add000068/reg_out[21]_i_59_n_0
    SLICE_X122Y501       CARRY8 (Prop_CARRY8_SLICEL_S[1]_CO[3])
                                                      0.180     4.785 r  conv/add000068/reg_out_reg[21]_i_28/CO[3]
                         net (fo=2, estimated)        0.230     5.015    conv/add000068/reg_out_reg[21]_i_28_n_4
    SLICE_X124Y500       LUT2 (Prop_C6LUT_SLICEL_I0_O)
                                                      0.050     5.065 r  conv/add000068/reg_out[21]_i_29/O
                         net (fo=1, routed)           0.010     5.075    conv/add000068/reg_out[21]_i_29_n_0
    SLICE_X124Y500       CARRY8 (Prop_CARRY8_SLICEL_S[2]_O[2])
                                                      0.054     5.129 r  conv/add000068/reg_out_reg[21]_i_20/O[2]
                         net (fo=1, estimated)        0.271     5.400    conv/add000068/reg_out_reg[21]_i_20_n_13
    SLICE_X125Y504       LUT2 (Prop_D6LUT_SLICEM_I1_O)
                                                      0.037     5.437 r  conv/add000068/reg_out[21]_i_11/O
                         net (fo=1, routed)           0.025     5.462    conv/add000068/reg_out[21]_i_11_n_0
    SLICE_X125Y504       CARRY8 (Prop_CARRY8_SLICEM_S[3]_O[4])
                                                      0.149     5.611 r  conv/add000068/reg_out_reg[21]_i_3/O[4]
                         net (fo=3, estimated)        0.224     5.835    conv/add000068/reg_out_reg[21]_i_3_n_11
    SLICE_X126Y502       LUT2 (Prop_C6LUT_SLICEL_I1_O)
                                                      0.035     5.870 r  conv/add000068/reg_out[21]_i_6/O
                         net (fo=1, routed)           0.010     5.880    conv/add000068/reg_out[21]_i_6_n_0
    SLICE_X126Y502       CARRY8 (Prop_CARRY8_SLICEL_S[2]_O[4])
                                                      0.163     6.043 r  conv/add000068/reg_out_reg[21]_i_2/O[4]
                         net (fo=2, estimated)        0.140     6.183    reg_out/a[21]
    SLICE_X124Y502       LUT2 (Prop_H5LUT_SLICEL_I0_O)
                                                      0.065     6.248 r  reg_out/reg_out[21]_i_1/O
                         net (fo=21, estimated)       0.272     6.520    reg_out/reg_out[21]_i_1_n_0
    SLICE_X122Y502       FDRE                                         r  reg_out/reg_out_reg[18]/R
  -------------------------------------------------------------------    -------------------

                         (clock virtual_clock rise edge)
                                                      4.000     4.000 r  
    AP13                                              0.000     4.000 r  clk (IN)
                         net (fo=0)                   0.000     4.000    clk_IBUF_inst/I
    AP13                 INBUF (Prop_INBUF_HPIOB_M_PAD_O)
                                                      0.345     4.345 r  clk_IBUF_inst/INBUF_INST/O
                         net (fo=1, routed)           0.000     4.345    clk_IBUF_inst/OUT
    AP13                 IBUFCTRL (Prop_IBUFCTRL_HPIOB_M_I_O)
                                                      0.000     4.345 r  clk_IBUF_inst/IBUFCTRL_INST/O
                         net (fo=1, estimated)        0.287     4.632    clk_IBUF
    BUFGCE_X1Y194        BUFGCE (Prop_BUFCE_BUFGCE_I_O)
                                                      0.024     4.656 r  clk_IBUF_BUFG_inst/O
    X4Y8 (CLOCK_ROOT)    net (fo=1150, estimated)     0.684     5.340    reg_out/clk_IBUF_BUFG
    SLICE_X122Y502       FDRE                                         r  reg_out/reg_out_reg[18]/C
                         clock pessimism              0.323     5.663    
                         clock uncertainty           -0.035     5.627    
    SLICE_X122Y502       FDRE (Setup_BFF2_SLICEL_C_R)
                                                     -0.074     5.553    reg_out/reg_out_reg[18]
  -------------------------------------------------------------------
                         required time                          5.553    
                         arrival time                          -6.520    
  -------------------------------------------------------------------
                         slack                                 -0.967    





Min Delay Paths
--------------------------------------------------------------------------------------
Slack (VIOLATED) :        -0.032ns  (arrival time - required time)
  Source:                 demux/genblk1[32].z_reg[32][7]/C
                            (rising edge-triggered cell FDRE clocked by virtual_clock  {rise@0.000ns fall@2.000ns period=4.000ns})
  Destination:            genblk1[32].reg_in/reg_out_reg[7]/D
                            (rising edge-triggered cell FDRE clocked by virtual_clock  {rise@0.000ns fall@2.000ns period=4.000ns})
  Path Group:             virtual_clock
  Path Type:              Hold (Min at Slow Process Corner)
  Requirement:            0.000ns  (virtual_clock rise@0.000ns - virtual_clock rise@0.000ns)
  Data Path Delay:        0.140ns  (logic 0.060ns (42.857%)  route 0.080ns (57.143%))
  Logic Levels:           0  
  Clock Path Skew:        0.110ns (DCD - SCD - CPR)
    Destination Clock Delay (DCD):    1.771ns
    Source Clock Delay      (SCD):    1.338ns
    Clock Pessimism Removal (CPR):    0.323ns
  Clock Net Delay (Source):      0.682ns (routing 0.000ns, distribution 0.682ns)
  Clock Net Delay (Destination): 0.825ns (routing 0.000ns, distribution 0.825ns)

    Location             Delay type                Incr(ns)  Path(ns)    Netlist Resource(s)
  -------------------------------------------------------------------    -------------------
                         (clock virtual_clock rise edge)
                                                      0.000     0.000 r  
    AP13                                              0.000     0.000 r  clk (IN)
                         net (fo=0)                   0.000     0.000    clk_IBUF_inst/I
    AP13                 INBUF (Prop_INBUF_HPIOB_M_PAD_O)
                                                      0.345     0.345 r  clk_IBUF_inst/INBUF_INST/O
                         net (fo=1, routed)           0.000     0.345    clk_IBUF_inst/OUT
    AP13                 IBUFCTRL (Prop_IBUFCTRL_HPIOB_M_I_O)
                                                      0.000     0.345 r  clk_IBUF_inst/IBUFCTRL_INST/O
                         net (fo=1, estimated)        0.287     0.632    clk_IBUF
    BUFGCE_X1Y194        BUFGCE (Prop_BUFCE_BUFGCE_I_O)
                                                      0.024     0.656 r  clk_IBUF_BUFG_inst/O
    X4Y8 (CLOCK_ROOT)    net (fo=1150, estimated)     0.682     1.338    demux/clk_IBUF_BUFG
    SLICE_X130Y513       FDRE                                         r  demux/genblk1[32].z_reg[32][7]/C
  -------------------------------------------------------------------    -------------------
    SLICE_X130Y513       FDRE (Prop_AFF2_SLICEL_C_Q)
                                                      0.060     1.398 r  demux/genblk1[32].z_reg[32][7]/Q
                         net (fo=1, estimated)        0.080     1.478    genblk1[32].reg_in/D[7]
    SLICE_X131Y513       FDRE                                         r  genblk1[32].reg_in/reg_out_reg[7]/D
  -------------------------------------------------------------------    -------------------

                         (clock virtual_clock rise edge)
                                                      0.000     0.000 r  
    AP13                                              0.000     0.000 r  clk (IN)
                         net (fo=0)                   0.000     0.000    clk_IBUF_inst/I
    AP13                 INBUF (Prop_INBUF_HPIOB_M_PAD_O)
                                                      0.595     0.595 r  clk_IBUF_inst/INBUF_INST/O
                         net (fo=1, routed)           0.000     0.595    clk_IBUF_inst/OUT
    AP13                 IBUFCTRL (Prop_IBUFCTRL_HPIOB_M_I_O)
                                                      0.000     0.595 r  clk_IBUF_inst/IBUFCTRL_INST/O
                         net (fo=1, estimated)        0.323     0.918    clk_IBUF
    BUFGCE_X1Y194        BUFGCE (Prop_BUFCE_BUFGCE_I_O)
                                                      0.028     0.946 r  clk_IBUF_BUFG_inst/O
    X4Y8 (CLOCK_ROOT)    net (fo=1150, estimated)     0.825     1.771    genblk1[32].reg_in/clk_IBUF_BUFG
    SLICE_X131Y513       FDRE                                         r  genblk1[32].reg_in/reg_out_reg[7]/C
                         clock pessimism             -0.323     1.448    
    SLICE_X131Y513       FDRE (Hold_EFF2_SLICEM_C_D)
                                                      0.062     1.510    genblk1[32].reg_in/reg_out_reg[7]
  -------------------------------------------------------------------
                         required time                         -1.510    
                         arrival time                           1.478    
  -------------------------------------------------------------------
                         slack                                 -0.032    





Pulse Width Checks
--------------------------------------------------------------------------------------
Clock Name:         virtual_clock
Waveform(ns):       { 0.000 2.000 }
Period(ns):         4.000
Sources:            { clk }

Check Type        Corner  Lib Pin   Reference Pin  Required(ns)  Actual(ns)  Slack(ns)  Location        Pin
Min Period        n/a     BUFGCE/I  n/a            1.290         4.000       2.710      BUFGCE_X1Y194   clk_IBUF_BUFG_inst/I
Low Pulse Width   Slow    FDRE/C    n/a            0.275         2.000       1.725      SLICE_X129Y498  genblk1[74].reg_in/reg_out_reg[3]/C
High Pulse Width  Fast    FDRE/C    n/a            0.275         2.000       1.725      SLICE_X128Y509  demux/genblk1[55].z_reg[55][1]/C



